[0.199s] DEBUG:colcon:Command line arguments: ['/usr/bin/colcon', 'build']
[0.199s] DEBUG:colcon:Parsed command line arguments: Namespace(log_base=None, log_level=None, verb_name='build', build_base='build', install_base='install', merge_install=False, symlink_install=False, test_result_base=None, continue_on_error=False, executor='parallel', parallel_workers=16, event_handlers=None, ignore_user_meta=False, metas=['./colcon.meta'], base_paths=['.'], packages_ignore=None, packages_ignore_regex=None, paths=None, packages_up_to=None, packages_up_to_regex=None, packages_above=None, packages_above_and_dependencies=None, packages_above_depth=None, packages_select_by_dep=None, packages_skip_by_dep=None, packages_skip_up_to=None, packages_select_build_failed=False, packages_skip_build_finished=False, packages_select_test_failures=False, packages_skip_test_passed=False, packages_select=None, packages_skip=None, packages_select_regex=None, packages_skip_regex=None, packages_start=None, packages_end=None, allow_overriding=[], cmake_args=None, cmake_target=None, cmake_target_skip_unavailable=False, cmake_clean_cache=False, cmake_clean_first=False, cmake_force_configure=False, ament_cmake_args=None, catkin_cmake_args=None, catkin_skip_building_tests=False, verb_parser=<colcon_defaults.argument_parser.defaults.DefaultArgumentsDecorator object at 0x7fdff1042d70>, verb_extension=<colcon_core.verb.build.BuildVerb object at 0x7fdff121b940>, main=<bound method BuildVerb.main of <colcon_core.verb.build.BuildVerb object at 0x7fdff121b940>>)
[0.612s] Level 1:colcon.colcon_core.package_discovery:discover_packages(colcon_meta) check parameters
[0.612s] Level 1:colcon.colcon_core.package_discovery:discover_packages(recursive) check parameters
[0.612s] Level 1:colcon.colcon_core.package_discovery:discover_packages(ignore) check parameters
[0.612s] Level 1:colcon.colcon_core.package_discovery:discover_packages(path) check parameters
[0.612s] Level 1:colcon.colcon_core.package_discovery:discover_packages(colcon_meta) discover
[0.612s] Level 1:colcon.colcon_core.package_discovery:discover_packages(recursive) discover
[0.612s] INFO:colcon.colcon_core.package_discovery:Crawling recursively for packages in '/home/lanzer/robocup/basketball_ws'
[0.612s] Level 1:colcon.colcon_core.package_identification:_identify(.) by extensions ['ignore', 'ignore_ament_install']
[0.613s] Level 1:colcon.colcon_core.package_identification:_identify(.) by extension 'ignore'
[0.613s] Level 1:colcon.colcon_core.package_identification:_identify(.) by extension 'ignore_ament_install'
[0.613s] Level 1:colcon.colcon_core.package_identification:_identify(.) by extensions ['colcon_pkg']
[0.613s] Level 1:colcon.colcon_core.package_identification:_identify(.) by extension 'colcon_pkg'
[0.613s] Level 1:colcon.colcon_core.package_identification:_identify(.) by extensions ['colcon_meta']
[0.613s] Level 1:colcon.colcon_core.package_identification:_identify(.) by extension 'colcon_meta'
[0.613s] Level 1:colcon.colcon_core.package_identification:_identify(.) by extensions ['ros']
[0.613s] Level 1:colcon.colcon_core.package_identification:_identify(.) by extension 'ros'
[0.636s] Level 1:colcon.colcon_core.package_identification:_identify(.) by extensions ['cmake', 'python']
[0.636s] Level 1:colcon.colcon_core.package_identification:_identify(.) by extension 'cmake'
[0.637s] Level 1:colcon.colcon_core.package_identification:_identify(.) by extension 'python'
[0.637s] Level 1:colcon.colcon_core.package_identification:_identify(.) by extensions ['python_setup_py']
[0.637s] Level 1:colcon.colcon_core.package_identification:_identify(.) by extension 'python_setup_py'
[0.637s] Level 1:colcon.colcon_core.package_identification:_identify(build) by extensions ['ignore', 'ignore_ament_install']
[0.637s] Level 1:colcon.colcon_core.package_identification:_identify(build) by extension 'ignore'
[0.637s] Level 1:colcon.colcon_core.package_identification:_identify(build) ignored
[0.638s] Level 1:colcon.colcon_core.package_identification:_identify(install) by extensions ['ignore', 'ignore_ament_install']
[0.638s] Level 1:colcon.colcon_core.package_identification:_identify(install) by extension 'ignore'
[0.638s] Level 1:colcon.colcon_core.package_identification:_identify(install) ignored
[0.638s] Level 1:colcon.colcon_core.package_identification:_identify(log) by extensions ['ignore', 'ignore_ament_install']
[0.638s] Level 1:colcon.colcon_core.package_identification:_identify(log) by extension 'ignore'
[0.638s] Level 1:colcon.colcon_core.package_identification:_identify(log) ignored
[0.638s] Level 1:colcon.colcon_core.package_identification:_identify(src) by extensions ['ignore', 'ignore_ament_install']
[0.638s] Level 1:colcon.colcon_core.package_identification:_identify(src) by extension 'ignore'
[0.639s] Level 1:colcon.colcon_core.package_identification:_identify(src) by extension 'ignore_ament_install'
[0.639s] Level 1:colcon.colcon_core.package_identification:_identify(src) by extensions ['colcon_pkg']
[0.639s] Level 1:colcon.colcon_core.package_identification:_identify(src) by extension 'colcon_pkg'
[0.639s] Level 1:colcon.colcon_core.package_identification:_identify(src) by extensions ['colcon_meta']
[0.639s] Level 1:colcon.colcon_core.package_identification:_identify(src) by extension 'colcon_meta'
[0.639s] Level 1:colcon.colcon_core.package_identification:_identify(src) by extensions ['ros']
[0.639s] Level 1:colcon.colcon_core.package_identification:_identify(src) by extension 'ros'
[0.639s] Level 1:colcon.colcon_core.package_identification:_identify(src) by extensions ['cmake', 'python']
[0.639s] Level 1:colcon.colcon_core.package_identification:_identify(src) by extension 'cmake'
[0.639s] Level 1:colcon.colcon_core.package_identification:_identify(src) by extension 'python'
[0.639s] Level 1:colcon.colcon_core.package_identification:_identify(src) by extensions ['python_setup_py']
[0.639s] Level 1:colcon.colcon_core.package_identification:_identify(src) by extension 'python_setup_py'
[0.639s] Level 1:colcon.colcon_core.package_identification:_identify(src/board_pkg) by extensions ['ignore', 'ignore_ament_install']
[0.640s] Level 1:colcon.colcon_core.package_identification:_identify(src/board_pkg) by extension 'ignore'
[0.640s] Level 1:colcon.colcon_core.package_identification:_identify(src/board_pkg) by extension 'ignore_ament_install'
[0.640s] Level 1:colcon.colcon_core.package_identification:_identify(src/board_pkg) by extensions ['colcon_pkg']
[0.640s] Level 1:colcon.colcon_core.package_identification:_identify(src/board_pkg) by extension 'colcon_pkg'
[0.640s] Level 1:colcon.colcon_core.package_identification:_identify(src/board_pkg) by extensions ['colcon_meta']
[0.640s] Level 1:colcon.colcon_core.package_identification:_identify(src/board_pkg) by extension 'colcon_meta'
[0.640s] Level 1:colcon.colcon_core.package_identification:_identify(src/board_pkg) by extensions ['ros']
[0.640s] Level 1:colcon.colcon_core.package_identification:_identify(src/board_pkg) by extension 'ros'
[0.649s] DEBUG:colcon.colcon_core.package_identification:Package 'src/board_pkg' with type 'ros.ament_python' and name 'board_pkg'
[0.650s] Level 1:colcon.colcon_core.package_identification:_identify(src/control_pkg) by extensions ['ignore', 'ignore_ament_install']
[0.650s] Level 1:colcon.colcon_core.package_identification:_identify(src/control_pkg) by extension 'ignore'
[0.650s] Level 1:colcon.colcon_core.package_identification:_identify(src/control_pkg) by extension 'ignore_ament_install'
[0.650s] Level 1:colcon.colcon_core.package_identification:_identify(src/control_pkg) by extensions ['colcon_pkg']
[0.650s] Level 1:colcon.colcon_core.package_identification:_identify(src/control_pkg) by extension 'colcon_pkg'
[0.650s] Level 1:colcon.colcon_core.package_identification:_identify(src/control_pkg) by extensions ['colcon_meta']
[0.650s] Level 1:colcon.colcon_core.package_identification:_identify(src/control_pkg) by extension 'colcon_meta'
[0.651s] Level 1:colcon.colcon_core.package_identification:_identify(src/control_pkg) by extensions ['ros']
[0.651s] Level 1:colcon.colcon_core.package_identification:_identify(src/control_pkg) by extension 'ros'
[0.652s] DEBUG:colcon.colcon_core.package_identification:Package 'src/control_pkg' with type 'ros.ament_python' and name 'control_pkg'
[0.652s] Level 1:colcon.colcon_core.package_identification:_identify(src/sensor_pkg) by extensions ['ignore', 'ignore_ament_install']
[0.652s] Level 1:colcon.colcon_core.package_identification:_identify(src/sensor_pkg) by extension 'ignore'
[0.652s] Level 1:colcon.colcon_core.package_identification:_identify(src/sensor_pkg) by extension 'ignore_ament_install'
[0.653s] Level 1:colcon.colcon_core.package_identification:_identify(src/sensor_pkg) by extensions ['colcon_pkg']
[0.653s] Level 1:colcon.colcon_core.package_identification:_identify(src/sensor_pkg) by extension 'colcon_pkg'
[0.653s] Level 1:colcon.colcon_core.package_identification:_identify(src/sensor_pkg) by extensions ['colcon_meta']
[0.653s] Level 1:colcon.colcon_core.package_identification:_identify(src/sensor_pkg) by extension 'colcon_meta'
[0.653s] Level 1:colcon.colcon_core.package_identification:_identify(src/sensor_pkg) by extensions ['ros']
[0.653s] Level 1:colcon.colcon_core.package_identification:_identify(src/sensor_pkg) by extension 'ros'
[0.654s] DEBUG:colcon.colcon_core.package_identification:Package 'src/sensor_pkg' with type 'ros.ament_python' and name 'sensor_pkg'
[0.654s] Level 1:colcon.colcon_core.package_discovery:discover_packages(recursive) using defaults
[0.654s] Level 1:colcon.colcon_core.package_discovery:discover_packages(ignore) discover
[0.654s] Level 1:colcon.colcon_core.package_discovery:discover_packages(ignore) using defaults
[0.654s] Level 1:colcon.colcon_core.package_discovery:discover_packages(path) discover
[0.655s] Level 1:colcon.colcon_core.package_discovery:discover_packages(path) using defaults
[0.688s] Level 1:colcon.colcon_core.package_discovery:discover_packages(prefix_path) check parameters
[0.688s] Level 1:colcon.colcon_core.package_discovery:discover_packages(prefix_path) discover
[0.692s] DEBUG:colcon.colcon_installed_package_information.package_discovery:Found 0 installed packages in /home/lanzer/robocup/basketball_ws/install
[0.694s] DEBUG:colcon.colcon_installed_package_information.package_discovery:Found 270 installed packages in /opt/ros/humble
[0.719s] Level 1:colcon.colcon_core.package_discovery:discover_packages(prefix_path) using defaults
[0.790s] Level 5:colcon.colcon_core.verb:set package 'board_pkg' build argument 'cmake_args' from command line to 'None'
[0.790s] Level 5:colcon.colcon_core.verb:set package 'board_pkg' build argument 'cmake_target' from command line to 'None'
[0.790s] Level 5:colcon.colcon_core.verb:set package 'board_pkg' build argument 'cmake_target_skip_unavailable' from command line to 'False'
[0.790s] Level 5:colcon.colcon_core.verb:set package 'board_pkg' build argument 'cmake_clean_cache' from command line to 'False'
[0.790s] Level 5:colcon.colcon_core.verb:set package 'board_pkg' build argument 'cmake_clean_first' from command line to 'False'
[0.790s] Level 5:colcon.colcon_core.verb:set package 'board_pkg' build argument 'cmake_force_configure' from command line to 'False'
[0.790s] Level 5:colcon.colcon_core.verb:set package 'board_pkg' build argument 'ament_cmake_args' from command line to 'None'
[0.790s] Level 5:colcon.colcon_core.verb:set package 'board_pkg' build argument 'catkin_cmake_args' from command line to 'None'
[0.790s] Level 5:colcon.colcon_core.verb:set package 'board_pkg' build argument 'catkin_skip_building_tests' from command line to 'False'
[0.790s] DEBUG:colcon.colcon_core.verb:Building package 'board_pkg' with the following arguments: {'ament_cmake_args': None, 'build_base': '/home/lanzer/robocup/basketball_ws/build/board_pkg', 'catkin_cmake_args': None, 'catkin_skip_building_tests': False, 'cmake_args': None, 'cmake_clean_cache': False, 'cmake_clean_first': False, 'cmake_force_configure': False, 'cmake_target': None, 'cmake_target_skip_unavailable': False, 'install_base': '/home/lanzer/robocup/basketball_ws/install/board_pkg', 'merge_install': False, 'path': '/home/lanzer/robocup/basketball_ws/src/board_pkg', 'symlink_install': False, 'test_result_base': None}
[0.791s] Level 5:colcon.colcon_core.verb:set package 'control_pkg' build argument 'cmake_args' from command line to 'None'
[0.791s] Level 5:colcon.colcon_core.verb:set package 'control_pkg' build argument 'cmake_target' from command line to 'None'
[0.791s] Level 5:colcon.colcon_core.verb:set package 'control_pkg' build argument 'cmake_target_skip_unavailable' from command line to 'False'
[0.791s] Level 5:colcon.colcon_core.verb:set package 'control_pkg' build argument 'cmake_clean_cache' from command line to 'False'
[0.791s] Level 5:colcon.colcon_core.verb:set package 'control_pkg' build argument 'cmake_clean_first' from command line to 'False'
[0.791s] Level 5:colcon.colcon_core.verb:set package 'control_pkg' build argument 'cmake_force_configure' from command line to 'False'
[0.791s] Level 5:colcon.colcon_core.verb:set package 'control_pkg' build argument 'ament_cmake_args' from command line to 'None'
[0.791s] Level 5:colcon.colcon_core.verb:set package 'control_pkg' build argument 'catkin_cmake_args' from command line to 'None'
[0.791s] Level 5:colcon.colcon_core.verb:set package 'control_pkg' build argument 'catkin_skip_building_tests' from command line to 'False'
[0.792s] DEBUG:colcon.colcon_core.verb:Building package 'control_pkg' with the following arguments: {'ament_cmake_args': None, 'build_base': '/home/lanzer/robocup/basketball_ws/build/control_pkg', 'catkin_cmake_args': None, 'catkin_skip_building_tests': False, 'cmake_args': None, 'cmake_clean_cache': False, 'cmake_clean_first': False, 'cmake_force_configure': False, 'cmake_target': None, 'cmake_target_skip_unavailable': False, 'install_base': '/home/lanzer/robocup/basketball_ws/install/control_pkg', 'merge_install': False, 'path': '/home/lanzer/robocup/basketball_ws/src/control_pkg', 'symlink_install': False, 'test_result_base': None}
[0.792s] Level 5:colcon.colcon_core.verb:set package 'sensor_pkg' build argument 'cmake_args' from command line to 'None'
[0.792s] Level 5:colcon.colcon_core.verb:set package 'sensor_pkg' build argument 'cmake_target' from command line to 'None'
[0.792s] Level 5:colcon.colcon_core.verb:set package 'sensor_pkg' build argument 'cmake_target_skip_unavailable' from command line to 'False'
[0.792s] Level 5:colcon.colcon_core.verb:set package 'sensor_pkg' build argument 'cmake_clean_cache' from command line to 'False'
[0.792s] Level 5:colcon.colcon_core.verb:set package 'sensor_pkg' build argument 'cmake_clean_first' from command line to 'False'
[0.792s] Level 5:colcon.colcon_core.verb:set package 'sensor_pkg' build argument 'cmake_force_configure' from command line to 'False'
[0.792s] Level 5:colcon.colcon_core.verb:set package 'sensor_pkg' build argument 'ament_cmake_args' from command line to 'None'
[0.792s] Level 5:colcon.colcon_core.verb:set package 'sensor_pkg' build argument 'catkin_cmake_args' from command line to 'None'
[0.792s] Level 5:colcon.colcon_core.verb:set package 'sensor_pkg' build argument 'catkin_skip_building_tests' from command line to 'False'
[0.793s] DEBUG:colcon.colcon_core.verb:Building package 'sensor_pkg' with the following arguments: {'ament_cmake_args': None, 'build_base': '/home/lanzer/robocup/basketball_ws/build/sensor_pkg', 'catkin_cmake_args': None, 'catkin_skip_building_tests': False, 'cmake_args': None, 'cmake_clean_cache': False, 'cmake_clean_first': False, 'cmake_force_configure': False, 'cmake_target': None, 'cmake_target_skip_unavailable': False, 'install_base': '/home/lanzer/robocup/basketball_ws/install/sensor_pkg', 'merge_install': False, 'path': '/home/lanzer/robocup/basketball_ws/src/sensor_pkg', 'symlink_install': False, 'test_result_base': None}
[0.793s] INFO:colcon.colcon_core.executor:Executing jobs using 'parallel' executor
[0.795s] DEBUG:colcon.colcon_parallel_executor.executor.parallel:run_until_complete
[0.796s] INFO:colcon.colcon_ros.task.ament_python.build:Building ROS package in '/home/lanzer/robocup/basketball_ws/src/board_pkg' with build type 'ament_python'
[0.797s] Level 1:colcon.colcon_core.shell:create_environment_hook('board_pkg', 'ament_prefix_path')
[0.801s] INFO:colcon.colcon_core.plugin_system:Skipping extension 'colcon_core.shell.bat': Not used on non-Windows systems
[0.801s] INFO:colcon.colcon_core.shell:Creating environment hook '/home/lanzer/robocup/basketball_ws/install/board_pkg/share/board_pkg/hook/ament_prefix_path.ps1'
[0.813s] INFO:colcon.colcon_core.shell:Creating environment descriptor '/home/lanzer/robocup/basketball_ws/install/board_pkg/share/board_pkg/hook/ament_prefix_path.dsv'
[0.815s] INFO:colcon.colcon_core.shell:Creating environment hook '/home/lanzer/robocup/basketball_ws/install/board_pkg/share/board_pkg/hook/ament_prefix_path.sh'
[0.818s] INFO:colcon.colcon_core.shell:Skip shell extension 'powershell' for command environment: Not usable outside of PowerShell
[0.818s] DEBUG:colcon.colcon_core.shell:Skip shell extension 'dsv' for command environment
[0.826s] INFO:colcon.colcon_ros.task.ament_python.build:Building ROS package in '/home/lanzer/robocup/basketball_ws/src/control_pkg' with build type 'ament_python'
[0.827s] Level 1:colcon.colcon_core.shell:create_environment_hook('control_pkg', 'ament_prefix_path')
[0.828s] INFO:colcon.colcon_core.shell:Creating environment hook '/home/lanzer/robocup/basketball_ws/install/control_pkg/share/control_pkg/hook/ament_prefix_path.ps1'
[0.834s] INFO:colcon.colcon_core.shell:Creating environment descriptor '/home/lanzer/robocup/basketball_ws/install/control_pkg/share/control_pkg/hook/ament_prefix_path.dsv'
[0.835s] INFO:colcon.colcon_core.shell:Creating environment hook '/home/lanzer/robocup/basketball_ws/install/control_pkg/share/control_pkg/hook/ament_prefix_path.sh'
[0.837s] INFO:colcon.colcon_core.shell:Skip shell extension 'powershell' for command environment: Not usable outside of PowerShell
[0.837s] DEBUG:colcon.colcon_core.shell:Skip shell extension 'dsv' for command environment
[0.844s] INFO:colcon.colcon_ros.task.ament_python.build:Building ROS package in '/home/lanzer/robocup/basketball_ws/src/sensor_pkg' with build type 'ament_python'
[0.844s] Level 1:colcon.colcon_core.shell:create_environment_hook('sensor_pkg', 'ament_prefix_path')
[0.845s] INFO:colcon.colcon_core.shell:Creating environment hook '/home/lanzer/robocup/basketball_ws/install/sensor_pkg/share/sensor_pkg/hook/ament_prefix_path.ps1'
[0.850s] INFO:colcon.colcon_core.shell:Creating environment descriptor '/home/lanzer/robocup/basketball_ws/install/sensor_pkg/share/sensor_pkg/hook/ament_prefix_path.dsv'
[0.851s] INFO:colcon.colcon_core.shell:Creating environment hook '/home/lanzer/robocup/basketball_ws/install/sensor_pkg/share/sensor_pkg/hook/ament_prefix_path.sh'
[0.854s] INFO:colcon.colcon_core.shell:Skip shell extension 'powershell' for command environment: Not usable outside of PowerShell
[0.854s] DEBUG:colcon.colcon_core.shell:Skip shell extension 'dsv' for command environment
[1.444s] INFO:colcon.colcon_core.task.python.build:Building Python package in '/home/lanzer/robocup/basketball_ws/src/board_pkg'
[1.444s] INFO:colcon.colcon_core.shell:Skip shell extension 'powershell' for command environment: Not usable outside of PowerShell
[1.445s] DEBUG:colcon.colcon_core.shell:Skip shell extension 'dsv' for command environment
[1.986s] INFO:colcon.colcon_core.task.python.build:Building Python package in '/home/lanzer/robocup/basketball_ws/src/control_pkg'
[1.986s] INFO:colcon.colcon_core.shell:Skip shell extension 'powershell' for command environment: Not usable outside of PowerShell
[1.987s] DEBUG:colcon.colcon_core.shell:Skip shell extension 'dsv' for command environment
[2.458s] INFO:colcon.colcon_core.task.python.build:Building Python package in '/home/lanzer/robocup/basketball_ws/src/sensor_pkg'
[2.459s] INFO:colcon.colcon_core.shell:Skip shell extension 'powershell' for command environment: Not usable outside of PowerShell
[2.459s] DEBUG:colcon.colcon_core.shell:Skip shell extension 'dsv' for command environment
[3.887s] DEBUG:colcon.colcon_core.event_handler.log_command:Invoking command in '/home/lanzer/robocup/basketball_ws/src/control_pkg': CONDA_PROMPT_MODIFIER=(base) PYTHONPATH=/home/lanzer/robocup/basketball_ws/build/control_pkg/prefix_override:/usr/lib/python3/dist-packages/colcon_core/task/python/colcon_distutils_commands:/home/lanzer/robocup/basketball_ws/install/control_pkg/lib/python3.10/site-packages:${PYTHONPATH} /usr/bin/python3 -W ignore:setup.py install is deprecated -W ignore:easy_install command is deprecated setup.py egg_info --egg-base ../../build/control_pkg build --build-base /home/lanzer/robocup/basketball_ws/build/control_pkg/build install --record /home/lanzer/robocup/basketball_ws/build/control_pkg/install.log --single-version-externally-managed install_data
[3.905s] DEBUG:colcon.colcon_core.event_handler.log_command:Invoking command in '/home/lanzer/robocup/basketball_ws/src/sensor_pkg': CONDA_PROMPT_MODIFIER=(base) PYTHONPATH=/home/lanzer/robocup/basketball_ws/build/sensor_pkg/prefix_override:/usr/lib/python3/dist-packages/colcon_core/task/python/colcon_distutils_commands:/home/lanzer/robocup/basketball_ws/install/sensor_pkg/lib/python3.10/site-packages:${PYTHONPATH} /usr/bin/python3 -W ignore:setup.py install is deprecated -W ignore:easy_install command is deprecated setup.py egg_info --egg-base ../../build/sensor_pkg build --build-base /home/lanzer/robocup/basketball_ws/build/sensor_pkg/build install --record /home/lanzer/robocup/basketball_ws/build/sensor_pkg/install.log --single-version-externally-managed install_data
[3.909s] DEBUG:colcon.colcon_core.event_handler.log_command:Invoking command in '/home/lanzer/robocup/basketball_ws/src/board_pkg': CONDA_PROMPT_MODIFIER=(base) PYTHONPATH=/home/lanzer/robocup/basketball_ws/build/board_pkg/prefix_override:/usr/lib/python3/dist-packages/colcon_core/task/python/colcon_distutils_commands:/home/lanzer/robocup/basketball_ws/install/board_pkg/lib/python3.10/site-packages:${PYTHONPATH} /usr/bin/python3 -W ignore:setup.py install is deprecated -W ignore:easy_install command is deprecated setup.py egg_info --egg-base ../../build/board_pkg build --build-base /home/lanzer/robocup/basketball_ws/build/board_pkg/build install --record /home/lanzer/robocup/basketball_ws/build/board_pkg/install.log --single-version-externally-managed install_data
[4.588s] DEBUG:colcon.colcon_core.event_handler.log_command:Invoked command in '/home/lanzer/robocup/basketball_ws/src/board_pkg' returned '0': CONDA_PROMPT_MODIFIER=(base) PYTHONPATH=/home/lanzer/robocup/basketball_ws/build/board_pkg/prefix_override:/usr/lib/python3/dist-packages/colcon_core/task/python/colcon_distutils_commands:/home/lanzer/robocup/basketball_ws/install/board_pkg/lib/python3.10/site-packages:${PYTHONPATH} /usr/bin/python3 -W ignore:setup.py install is deprecated -W ignore:easy_install command is deprecated setup.py egg_info --egg-base ../../build/board_pkg build --build-base /home/lanzer/robocup/basketball_ws/build/board_pkg/build install --record /home/lanzer/robocup/basketball_ws/build/board_pkg/install.log --single-version-externally-managed install_data
[4.612s] Level 1:colcon.colcon_core.environment:checking '/home/lanzer/robocup/basketball_ws/install/board_pkg' for CMake module files
[4.613s] Level 1:colcon.colcon_core.environment:checking '/home/lanzer/robocup/basketball_ws/install/board_pkg' for CMake config files
[4.615s] Level 1:colcon.colcon_core.environment:checking '/home/lanzer/robocup/basketball_ws/install/board_pkg/lib'
[4.615s] Level 1:colcon.colcon_core.environment:checking '/home/lanzer/robocup/basketball_ws/install/board_pkg/bin'
[4.615s] Level 1:colcon.colcon_core.environment:checking '/home/lanzer/robocup/basketball_ws/install/board_pkg/lib/pkgconfig/board_pkg.pc'
[4.615s] Level 1:colcon.colcon_core.environment:checking '/home/lanzer/robocup/basketball_ws/install/board_pkg/lib/python3.10/site-packages'
[4.616s] Level 1:colcon.colcon_core.shell:create_environment_hook('board_pkg', 'pythonpath')
[4.616s] INFO:colcon.colcon_core.shell:Creating environment hook '/home/lanzer/robocup/basketball_ws/install/board_pkg/share/board_pkg/hook/pythonpath.ps1'
[4.618s] INFO:colcon.colcon_core.shell:Creating environment descriptor '/home/lanzer/robocup/basketball_ws/install/board_pkg/share/board_pkg/hook/pythonpath.dsv'
[4.619s] INFO:colcon.colcon_core.shell:Creating environment hook '/home/lanzer/robocup/basketball_ws/install/board_pkg/share/board_pkg/hook/pythonpath.sh'
[4.620s] Level 1:colcon.colcon_core.environment:checking '/home/lanzer/robocup/basketball_ws/install/board_pkg/bin'
[4.620s] Level 1:colcon.colcon_core.environment:create_environment_scripts_only(board_pkg)
[4.621s] INFO:colcon.colcon_core.shell:Creating package script '/home/lanzer/robocup/basketball_ws/install/board_pkg/share/board_pkg/package.ps1'
[4.623s] INFO:colcon.colcon_core.shell:Creating package descriptor '/home/lanzer/robocup/basketball_ws/install/board_pkg/share/board_pkg/package.dsv'
[4.625s] INFO:colcon.colcon_core.shell:Creating package script '/home/lanzer/robocup/basketball_ws/install/board_pkg/share/board_pkg/package.sh'
[4.627s] INFO:colcon.colcon_core.shell:Creating package script '/home/lanzer/robocup/basketball_ws/install/board_pkg/share/board_pkg/package.bash'
[4.630s] INFO:colcon.colcon_core.shell:Creating package script '/home/lanzer/robocup/basketball_ws/install/board_pkg/share/board_pkg/package.zsh'
[4.632s] Level 1:colcon.colcon_core.environment:create_file_with_runtime_dependencies(/home/lanzer/robocup/basketball_ws/install/board_pkg/share/colcon-core/packages/board_pkg)
[4.639s] Level 1:colcon.colcon_core.environment:checking '/home/lanzer/robocup/basketball_ws/install/control_pkg' for CMake module files
[4.640s] DEBUG:colcon.colcon_core.event_handler.log_command:Invoked command in '/home/lanzer/robocup/basketball_ws/src/control_pkg' returned '0': CONDA_PROMPT_MODIFIER=(base) PYTHONPATH=/home/lanzer/robocup/basketball_ws/build/control_pkg/prefix_override:/usr/lib/python3/dist-packages/colcon_core/task/python/colcon_distutils_commands:/home/lanzer/robocup/basketball_ws/install/control_pkg/lib/python3.10/site-packages:${PYTHONPATH} /usr/bin/python3 -W ignore:setup.py install is deprecated -W ignore:easy_install command is deprecated setup.py egg_info --egg-base ../../build/control_pkg build --build-base /home/lanzer/robocup/basketball_ws/build/control_pkg/build install --record /home/lanzer/robocup/basketball_ws/build/control_pkg/install.log --single-version-externally-managed install_data
[4.641s] Level 1:colcon.colcon_core.environment:checking '/home/lanzer/robocup/basketball_ws/install/control_pkg' for CMake config files
[4.642s] Level 1:colcon.colcon_core.environment:checking '/home/lanzer/robocup/basketball_ws/install/control_pkg/lib'
[4.642s] Level 1:colcon.colcon_core.environment:checking '/home/lanzer/robocup/basketball_ws/install/control_pkg/bin'
[4.642s] Level 1:colcon.colcon_core.environment:checking '/home/lanzer/robocup/basketball_ws/install/control_pkg/lib/pkgconfig/control_pkg.pc'
[4.643s] Level 1:colcon.colcon_core.environment:checking '/home/lanzer/robocup/basketball_ws/install/control_pkg/lib/python3.10/site-packages'
[4.643s] Level 1:colcon.colcon_core.shell:create_environment_hook('control_pkg', 'pythonpath')
[4.643s] INFO:colcon.colcon_core.shell:Creating environment hook '/home/lanzer/robocup/basketball_ws/install/control_pkg/share/control_pkg/hook/pythonpath.ps1'
[4.645s] INFO:colcon.colcon_core.shell:Creating environment descriptor '/home/lanzer/robocup/basketball_ws/install/control_pkg/share/control_pkg/hook/pythonpath.dsv'
[4.645s] INFO:colcon.colcon_core.shell:Creating environment hook '/home/lanzer/robocup/basketball_ws/install/control_pkg/share/control_pkg/hook/pythonpath.sh'
[4.646s] Level 1:colcon.colcon_core.environment:checking '/home/lanzer/robocup/basketball_ws/install/control_pkg/bin'
[4.646s] Level 1:colcon.colcon_core.environment:create_environment_scripts_only(control_pkg)
[4.648s] INFO:colcon.colcon_core.shell:Creating package script '/home/lanzer/robocup/basketball_ws/install/control_pkg/share/control_pkg/package.ps1'
[4.650s] INFO:colcon.colcon_core.shell:Creating package descriptor '/home/lanzer/robocup/basketball_ws/install/control_pkg/share/control_pkg/package.dsv'
[4.651s] INFO:colcon.colcon_core.shell:Creating package script '/home/lanzer/robocup/basketball_ws/install/control_pkg/share/control_pkg/package.sh'
[4.653s] INFO:colcon.colcon_core.shell:Creating package script '/home/lanzer/robocup/basketball_ws/install/control_pkg/share/control_pkg/package.bash'
[4.655s] INFO:colcon.colcon_core.shell:Creating package script '/home/lanzer/robocup/basketball_ws/install/control_pkg/share/control_pkg/package.zsh'
[4.656s] Level 1:colcon.colcon_core.environment:create_file_with_runtime_dependencies(/home/lanzer/robocup/basketball_ws/install/control_pkg/share/colcon-core/packages/control_pkg)
[4.659s] Level 1:colcon.colcon_core.environment:checking '/home/lanzer/robocup/basketball_ws/install/sensor_pkg' for CMake module files
[4.662s] DEBUG:colcon.colcon_core.event_handler.log_command:Invoked command in '/home/lanzer/robocup/basketball_ws/src/sensor_pkg' returned '0': CONDA_PROMPT_MODIFIER=(base) PYTHONPATH=/home/lanzer/robocup/basketball_ws/build/sensor_pkg/prefix_override:/usr/lib/python3/dist-packages/colcon_core/task/python/colcon_distutils_commands:/home/lanzer/robocup/basketball_ws/install/sensor_pkg/lib/python3.10/site-packages:${PYTHONPATH} /usr/bin/python3 -W ignore:setup.py install is deprecated -W ignore:easy_install command is deprecated setup.py egg_info --egg-base ../../build/sensor_pkg build --build-base /home/lanzer/robocup/basketball_ws/build/sensor_pkg/build install --record /home/lanzer/robocup/basketball_ws/build/sensor_pkg/install.log --single-version-externally-managed install_data
[4.662s] Level 1:colcon.colcon_core.environment:checking '/home/lanzer/robocup/basketball_ws/install/sensor_pkg' for CMake config files
[4.663s] Level 1:colcon.colcon_core.environment:checking '/home/lanzer/robocup/basketball_ws/install/sensor_pkg/lib'
[4.664s] Level 1:colcon.colcon_core.environment:checking '/home/lanzer/robocup/basketball_ws/install/sensor_pkg/bin'
[4.664s] Level 1:colcon.colcon_core.environment:checking '/home/lanzer/robocup/basketball_ws/install/sensor_pkg/lib/pkgconfig/sensor_pkg.pc'
[4.664s] Level 1:colcon.colcon_core.environment:checking '/home/lanzer/robocup/basketball_ws/install/sensor_pkg/lib/python3.10/site-packages'
[4.664s] Level 1:colcon.colcon_core.shell:create_environment_hook('sensor_pkg', 'pythonpath')
[4.665s] INFO:colcon.colcon_core.shell:Creating environment hook '/home/lanzer/robocup/basketball_ws/install/sensor_pkg/share/sensor_pkg/hook/pythonpath.ps1'
[4.666s] INFO:colcon.colcon_core.shell:Creating environment descriptor '/home/lanzer/robocup/basketball_ws/install/sensor_pkg/share/sensor_pkg/hook/pythonpath.dsv'
[4.667s] INFO:colcon.colcon_core.shell:Creating environment hook '/home/lanzer/robocup/basketball_ws/install/sensor_pkg/share/sensor_pkg/hook/pythonpath.sh'
[4.668s] Level 1:colcon.colcon_core.environment:checking '/home/lanzer/robocup/basketball_ws/install/sensor_pkg/bin'
[4.668s] Level 1:colcon.colcon_core.environment:create_environment_scripts_only(sensor_pkg)
[4.669s] INFO:colcon.colcon_core.shell:Creating package script '/home/lanzer/robocup/basketball_ws/install/sensor_pkg/share/sensor_pkg/package.ps1'
[4.670s] INFO:colcon.colcon_core.shell:Creating package descriptor '/home/lanzer/robocup/basketball_ws/install/sensor_pkg/share/sensor_pkg/package.dsv'
[4.671s] INFO:colcon.colcon_core.shell:Creating package script '/home/lanzer/robocup/basketball_ws/install/sensor_pkg/share/sensor_pkg/package.sh'
[4.672s] INFO:colcon.colcon_core.shell:Creating package script '/home/lanzer/robocup/basketball_ws/install/sensor_pkg/share/sensor_pkg/package.bash'
[4.672s] INFO:colcon.colcon_core.shell:Creating package script '/home/lanzer/robocup/basketball_ws/install/sensor_pkg/share/sensor_pkg/package.zsh'
[4.673s] Level 1:colcon.colcon_core.environment:create_file_with_runtime_dependencies(/home/lanzer/robocup/basketball_ws/install/sensor_pkg/share/colcon-core/packages/sensor_pkg)
[4.675s] DEBUG:colcon.colcon_parallel_executor.executor.parallel:closing loop
[4.676s] DEBUG:colcon.colcon_parallel_executor.executor.parallel:loop closed
[4.676s] DEBUG:colcon.colcon_parallel_executor.executor.parallel:run_until_complete finished with '0'
[4.676s] DEBUG:colcon.colcon_core.event_reactor:joining thread
[4.689s] INFO:colcon.colcon_core.plugin_system:Skipping extension 'colcon_notification.desktop_notification.notify_send': Could not find 'notify-send'
[4.689s] INFO:colcon.colcon_core.plugin_system:Skipping extension 'colcon_notification.desktop_notification.terminal_notifier': Not used on non-Darwin systems
[4.689s] INFO:colcon.colcon_core.plugin_system:Skipping extension 'colcon_notification.desktop_notification.win32': Not used on non-Windows systems
[4.689s] INFO:colcon.colcon_notification.desktop_notification:Sending desktop notification using 'notify2'
[4.692s] DEBUG:colcon.colcon_notification.desktop_notification.notify2:Failed to initialize notify2: org.freedesktop.DBus.Error.ServiceUnknown: The name org.freedesktop.Notifications was not provided by any .service files
[4.693s] DEBUG:colcon.colcon_core.event_reactor:joined thread
[4.693s] INFO:colcon.colcon_core.shell:Creating prefix script '/home/lanzer/robocup/basketball_ws/install/local_setup.ps1'
[4.696s] INFO:colcon.colcon_core.shell:Creating prefix util module '/home/lanzer/robocup/basketball_ws/install/_local_setup_util_ps1.py'
[4.698s] INFO:colcon.colcon_core.shell:Creating prefix chain script '/home/lanzer/robocup/basketball_ws/install/setup.ps1'
[4.700s] INFO:colcon.colcon_core.shell:Creating prefix script '/home/lanzer/robocup/basketball_ws/install/local_setup.sh'
[4.702s] INFO:colcon.colcon_core.shell:Creating prefix util module '/home/lanzer/robocup/basketball_ws/install/_local_setup_util_sh.py'
[4.704s] INFO:colcon.colcon_core.shell:Creating prefix chain script '/home/lanzer/robocup/basketball_ws/install/setup.sh'
[4.705s] INFO:colcon.colcon_core.shell:Creating prefix script '/home/lanzer/robocup/basketball_ws/install/local_setup.bash'
[4.706s] INFO:colcon.colcon_core.shell:Creating prefix chain script '/home/lanzer/robocup/basketball_ws/install/setup.bash'
[4.709s] INFO:colcon.colcon_core.shell:Creating prefix script '/home/lanzer/robocup/basketball_ws/install/local_setup.zsh'
[4.710s] INFO:colcon.colcon_core.shell:Creating prefix chain script '/home/lanzer/robocup/basketball_ws/install/setup.zsh'
