[1.170s] Invoking command in '/home/lanzer/robocup/basketball_ws/src/control_pkg': CONDA_PROMPT_MODIFIER=(robot) PYTHONPATH=/home/lanzer/robocup/basketball_ws/build/control_pkg/prefix_override:/usr/lib/python3/dist-packages/colcon_core/task/python/colcon_distutils_commands:/home/lanzer/robocup/basketball_ws/install/control_pkg/lib/python3.10/site-packages:${PYTHONPATH} /usr/bin/python3 -W ignore:setup.py install is deprecated -W ignore:easy_install command is deprecated setup.py egg_info --egg-base ../../build/control_pkg build --build-base /home/lanzer/robocup/basketball_ws/build/control_pkg/build install --record /home/lanzer/robocup/basketball_ws/build/control_pkg/install.log --single-version-externally-managed install_data
[1.360s] running egg_info
[1.361s] writing ../../build/control_pkg/control_pkg.egg-info/PKG-INFO
[1.362s] writing dependency_links to ../../build/control_pkg/control_pkg.egg-info/dependency_links.txt
[1.362s] writing entry points to ../../build/control_pkg/control_pkg.egg-info/entry_points.txt
[1.362s] writing requirements to ../../build/control_pkg/control_pkg.egg-info/requires.txt
[1.362s] writing top-level names to ../../build/control_pkg/control_pkg.egg-info/top_level.txt
[1.364s] reading manifest file '../../build/control_pkg/control_pkg.egg-info/SOURCES.txt'
[1.365s] adding license file 'LICENSE'
[1.366s] writing manifest file '../../build/control_pkg/control_pkg.egg-info/SOURCES.txt'
[1.366s] running build
[1.366s] running build_py
[1.366s] running install
[1.366s] running install_lib
[1.368s] running install_data
[1.368s] running install_egg_info
[1.369s] removing '/home/lanzer/robocup/basketball_ws/install/control_pkg/lib/python3.10/site-packages/control_pkg-0.0.0-py3.10.egg-info' (and everything under it)
[1.370s] Copying ../../build/control_pkg/control_pkg.egg-info to /home/lanzer/robocup/basketball_ws/install/control_pkg/lib/python3.10/site-packages/control_pkg-0.0.0-py3.10.egg-info
[1.371s] running install_scripts
[1.388s] Installing linear_control_node script to /home/lanzer/robocup/basketball_ws/install/control_pkg/lib/control_pkg
[1.389s] Installing position_control_node script to /home/lanzer/robocup/basketball_ws/install/control_pkg/lib/control_pkg
[1.389s] writing list of installed files to '/home/lanzer/robocup/basketball_ws/build/control_pkg/install.log'
[1.422s] Invoked command in '/home/lanzer/robocup/basketball_ws/src/control_pkg' returned '0': CONDA_PROMPT_MODIFIER=(robot) PYTHONPATH=/home/lanzer/robocup/basketball_ws/build/control_pkg/prefix_override:/usr/lib/python3/dist-packages/colcon_core/task/python/colcon_distutils_commands:/home/lanzer/robocup/basketball_ws/install/control_pkg/lib/python3.10/site-packages:${PYTHONPATH} /usr/bin/python3 -W ignore:setup.py install is deprecated -W ignore:easy_install command is deprecated setup.py egg_info --egg-base ../../build/control_pkg build --build-base /home/lanzer/robocup/basketball_ws/build/control_pkg/build install --record /home/lanzer/robocup/basketball_ws/build/control_pkg/install.log --single-version-externally-managed install_data
