[0.526s] DEBUG:colcon:Command line arguments: ['/usr/bin/colcon', 'build']
[0.526s] DEBUG:colcon:Parsed command line arguments: Namespace(log_base=None, log_level=None, verb_name='build', build_base='build', install_base='install', merge_install=False, symlink_install=False, test_result_base=None, continue_on_error=False, executor='parallel', parallel_workers=16, event_handlers=None, ignore_user_meta=False, metas=['./colcon.meta'], base_paths=['.'], packages_ignore=None, packages_ignore_regex=None, paths=None, packages_up_to=None, packages_up_to_regex=None, packages_above=None, packages_above_and_dependencies=None, packages_above_depth=None, packages_select_by_dep=None, packages_skip_by_dep=None, packages_skip_up_to=None, packages_select_build_failed=False, packages_skip_build_finished=False, packages_select_test_failures=False, packages_skip_test_passed=False, packages_select=None, packages_skip=None, packages_select_regex=None, packages_skip_regex=None, packages_start=None, packages_end=None, allow_overriding=[], cmake_args=None, cmake_target=None, cmake_target_skip_unavailable=False, cmake_clean_cache=False, cmake_clean_first=False, cmake_force_configure=False, ament_cmake_args=None, catkin_cmake_args=None, catkin_skip_building_tests=False, verb_parser=<colcon_defaults.argument_parser.defaults.DefaultArgumentsDecorator object at 0x7f9472bc7bb0>, verb_extension=<colcon_core.verb.build.BuildVerb object at 0x7f9472d65630>, main=<bound method BuildVerb.main of <colcon_core.verb.build.BuildVerb object at 0x7f9472d65630>>)
[1.312s] Level 1:colcon.colcon_core.package_discovery:discover_packages(colcon_meta) check parameters
[1.312s] Level 1:colcon.colcon_core.package_discovery:discover_packages(recursive) check parameters
[1.312s] Level 1:colcon.colcon_core.package_discovery:discover_packages(ignore) check parameters
[1.312s] Level 1:colcon.colcon_core.package_discovery:discover_packages(path) check parameters
[1.312s] Level 1:colcon.colcon_core.package_discovery:discover_packages(colcon_meta) discover
[1.312s] Level 1:colcon.colcon_core.package_discovery:discover_packages(recursive) discover
[1.312s] INFO:colcon.colcon_core.package_discovery:Crawling recursively for packages in '/home/lanzer/robocup/basketball_ws'
[1.313s] Level 1:colcon.colcon_core.package_identification:_identify(.) by extensions ['ignore', 'ignore_ament_install']
[1.313s] Level 1:colcon.colcon_core.package_identification:_identify(.) by extension 'ignore'
[1.313s] Level 1:colcon.colcon_core.package_identification:_identify(.) by extension 'ignore_ament_install'
[1.314s] Level 1:colcon.colcon_core.package_identification:_identify(.) by extensions ['colcon_pkg']
[1.314s] Level 1:colcon.colcon_core.package_identification:_identify(.) by extension 'colcon_pkg'
[1.314s] Level 1:colcon.colcon_core.package_identification:_identify(.) by extensions ['colcon_meta']
[1.314s] Level 1:colcon.colcon_core.package_identification:_identify(.) by extension 'colcon_meta'
[1.314s] Level 1:colcon.colcon_core.package_identification:_identify(.) by extensions ['ros']
[1.314s] Level 1:colcon.colcon_core.package_identification:_identify(.) by extension 'ros'
[1.346s] Level 1:colcon.colcon_core.package_identification:_identify(.) by extensions ['cmake', 'python']
[1.346s] Level 1:colcon.colcon_core.package_identification:_identify(.) by extension 'cmake'
[1.346s] Level 1:colcon.colcon_core.package_identification:_identify(.) by extension 'python'
[1.346s] Level 1:colcon.colcon_core.package_identification:_identify(.) by extensions ['python_setup_py']
[1.346s] Level 1:colcon.colcon_core.package_identification:_identify(.) by extension 'python_setup_py'
[1.347s] Level 1:colcon.colcon_core.package_identification:_identify(build) by extensions ['ignore', 'ignore_ament_install']
[1.348s] Level 1:colcon.colcon_core.package_identification:_identify(build) by extension 'ignore'
[1.348s] Level 1:colcon.colcon_core.package_identification:_identify(build) ignored
[1.349s] Level 1:colcon.colcon_core.package_identification:_identify(install) by extensions ['ignore', 'ignore_ament_install']
[1.349s] Level 1:colcon.colcon_core.package_identification:_identify(install) by extension 'ignore'
[1.349s] Level 1:colcon.colcon_core.package_identification:_identify(install) ignored
[1.350s] Level 1:colcon.colcon_core.package_identification:_identify(log) by extensions ['ignore', 'ignore_ament_install']
[1.350s] Level 1:colcon.colcon_core.package_identification:_identify(log) by extension 'ignore'
[1.350s] Level 1:colcon.colcon_core.package_identification:_identify(log) ignored
[1.351s] Level 1:colcon.colcon_core.package_identification:_identify(src) by extensions ['ignore', 'ignore_ament_install']
[1.351s] Level 1:colcon.colcon_core.package_identification:_identify(src) by extension 'ignore'
[1.351s] Level 1:colcon.colcon_core.package_identification:_identify(src) by extension 'ignore_ament_install'
[1.351s] Level 1:colcon.colcon_core.package_identification:_identify(src) by extensions ['colcon_pkg']
[1.352s] Level 1:colcon.colcon_core.package_identification:_identify(src) by extension 'colcon_pkg'
[1.352s] Level 1:colcon.colcon_core.package_identification:_identify(src) by extensions ['colcon_meta']
[1.352s] Level 1:colcon.colcon_core.package_identification:_identify(src) by extension 'colcon_meta'
[1.352s] Level 1:colcon.colcon_core.package_identification:_identify(src) by extensions ['ros']
[1.352s] Level 1:colcon.colcon_core.package_identification:_identify(src) by extension 'ros'
[1.352s] Level 1:colcon.colcon_core.package_identification:_identify(src) by extensions ['cmake', 'python']
[1.352s] Level 1:colcon.colcon_core.package_identification:_identify(src) by extension 'cmake'
[1.352s] Level 1:colcon.colcon_core.package_identification:_identify(src) by extension 'python'
[1.352s] Level 1:colcon.colcon_core.package_identification:_identify(src) by extensions ['python_setup_py']
[1.352s] Level 1:colcon.colcon_core.package_identification:_identify(src) by extension 'python_setup_py'
[1.353s] Level 1:colcon.colcon_core.package_identification:_identify(src/board_pkg) by extensions ['ignore', 'ignore_ament_install']
[1.353s] Level 1:colcon.colcon_core.package_identification:_identify(src/board_pkg) by extension 'ignore'
[1.354s] Level 1:colcon.colcon_core.package_identification:_identify(src/board_pkg) by extension 'ignore_ament_install'
[1.354s] Level 1:colcon.colcon_core.package_identification:_identify(src/board_pkg) by extensions ['colcon_pkg']
[1.354s] Level 1:colcon.colcon_core.package_identification:_identify(src/board_pkg) by extension 'colcon_pkg'
[1.354s] Level 1:colcon.colcon_core.package_identification:_identify(src/board_pkg) by extensions ['colcon_meta']
[1.354s] Level 1:colcon.colcon_core.package_identification:_identify(src/board_pkg) by extension 'colcon_meta'
[1.354s] Level 1:colcon.colcon_core.package_identification:_identify(src/board_pkg) by extensions ['ros']
[1.354s] Level 1:colcon.colcon_core.package_identification:_identify(src/board_pkg) by extension 'ros'
[1.362s] DEBUG:colcon.colcon_core.package_identification:Package 'src/board_pkg' with type 'ros.ament_python' and name 'board_pkg'
[1.362s] Level 1:colcon.colcon_core.package_identification:_identify(src/control_pkg) by extensions ['ignore', 'ignore_ament_install']
[1.363s] Level 1:colcon.colcon_core.package_identification:_identify(src/control_pkg) by extension 'ignore'
[1.363s] Level 1:colcon.colcon_core.package_identification:_identify(src/control_pkg) by extension 'ignore_ament_install'
[1.364s] Level 1:colcon.colcon_core.package_identification:_identify(src/control_pkg) by extensions ['colcon_pkg']
[1.364s] Level 1:colcon.colcon_core.package_identification:_identify(src/control_pkg) by extension 'colcon_pkg'
[1.364s] Level 1:colcon.colcon_core.package_identification:_identify(src/control_pkg) by extensions ['colcon_meta']
[1.364s] Level 1:colcon.colcon_core.package_identification:_identify(src/control_pkg) by extension 'colcon_meta'
[1.364s] Level 1:colcon.colcon_core.package_identification:_identify(src/control_pkg) by extensions ['ros']
[1.364s] Level 1:colcon.colcon_core.package_identification:_identify(src/control_pkg) by extension 'ros'
[1.366s] DEBUG:colcon.colcon_core.package_identification:Package 'src/control_pkg' with type 'ros.ament_python' and name 'control_pkg'
[1.367s] Level 1:colcon.colcon_core.package_identification:_identify(src/sensor_pkg) by extensions ['ignore', 'ignore_ament_install']
[1.369s] Level 1:colcon.colcon_core.package_identification:_identify(src/sensor_pkg) by extension 'ignore'
[1.369s] Level 1:colcon.colcon_core.package_identification:_identify(src/sensor_pkg) by extension 'ignore_ament_install'
[1.370s] Level 1:colcon.colcon_core.package_identification:_identify(src/sensor_pkg) by extensions ['colcon_pkg']
[1.370s] Level 1:colcon.colcon_core.package_identification:_identify(src/sensor_pkg) by extension 'colcon_pkg'
[1.370s] Level 1:colcon.colcon_core.package_identification:_identify(src/sensor_pkg) by extensions ['colcon_meta']
[1.370s] Level 1:colcon.colcon_core.package_identification:_identify(src/sensor_pkg) by extension 'colcon_meta'
[1.370s] Level 1:colcon.colcon_core.package_identification:_identify(src/sensor_pkg) by extensions ['ros']
[1.370s] Level 1:colcon.colcon_core.package_identification:_identify(src/sensor_pkg) by extension 'ros'
[1.372s] DEBUG:colcon.colcon_core.package_identification:Package 'src/sensor_pkg' with type 'ros.ament_python' and name 'sensor_pkg'
[1.372s] Level 1:colcon.colcon_core.package_discovery:discover_packages(recursive) using defaults
[1.373s] Level 1:colcon.colcon_core.package_discovery:discover_packages(ignore) discover
[1.373s] Level 1:colcon.colcon_core.package_discovery:discover_packages(ignore) using defaults
[1.373s] Level 1:colcon.colcon_core.package_discovery:discover_packages(path) discover
[1.373s] Level 1:colcon.colcon_core.package_discovery:discover_packages(path) using defaults
[1.440s] Level 1:colcon.colcon_core.package_discovery:discover_packages(prefix_path) check parameters
[1.440s] Level 1:colcon.colcon_core.package_discovery:discover_packages(prefix_path) discover
[1.452s] DEBUG:colcon.colcon_installed_package_information.package_discovery:Found 3 installed packages in /home/lanzer/robocup/basketball_ws/install
[1.456s] DEBUG:colcon.colcon_installed_package_information.package_discovery:Found 270 installed packages in /opt/ros/humble
[1.472s] Level 1:colcon.colcon_core.package_discovery:discover_packages(prefix_path) using defaults
[1.665s] Level 5:colcon.colcon_core.verb:set package 'board_pkg' build argument 'cmake_args' from command line to 'None'
[1.665s] Level 5:colcon.colcon_core.verb:set package 'board_pkg' build argument 'cmake_target' from command line to 'None'
[1.665s] Level 5:colcon.colcon_core.verb:set package 'board_pkg' build argument 'cmake_target_skip_unavailable' from command line to 'False'
[1.665s] Level 5:colcon.colcon_core.verb:set package 'board_pkg' build argument 'cmake_clean_cache' from command line to 'False'
[1.665s] Level 5:colcon.colcon_core.verb:set package 'board_pkg' build argument 'cmake_clean_first' from command line to 'False'
[1.665s] Level 5:colcon.colcon_core.verb:set package 'board_pkg' build argument 'cmake_force_configure' from command line to 'False'
[1.665s] Level 5:colcon.colcon_core.verb:set package 'board_pkg' build argument 'ament_cmake_args' from command line to 'None'
[1.665s] Level 5:colcon.colcon_core.verb:set package 'board_pkg' build argument 'catkin_cmake_args' from command line to 'None'
[1.665s] Level 5:colcon.colcon_core.verb:set package 'board_pkg' build argument 'catkin_skip_building_tests' from command line to 'False'
[1.666s] DEBUG:colcon.colcon_core.verb:Building package 'board_pkg' with the following arguments: {'ament_cmake_args': None, 'build_base': '/home/lanzer/robocup/basketball_ws/build/board_pkg', 'catkin_cmake_args': None, 'catkin_skip_building_tests': False, 'cmake_args': None, 'cmake_clean_cache': False, 'cmake_clean_first': False, 'cmake_force_configure': False, 'cmake_target': None, 'cmake_target_skip_unavailable': False, 'install_base': '/home/lanzer/robocup/basketball_ws/install/board_pkg', 'merge_install': False, 'path': '/home/lanzer/robocup/basketball_ws/src/board_pkg', 'symlink_install': False, 'test_result_base': None}
[1.666s] Level 5:colcon.colcon_core.verb:set package 'control_pkg' build argument 'cmake_args' from command line to 'None'
[1.666s] Level 5:colcon.colcon_core.verb:set package 'control_pkg' build argument 'cmake_target' from command line to 'None'
[1.666s] Level 5:colcon.colcon_core.verb:set package 'control_pkg' build argument 'cmake_target_skip_unavailable' from command line to 'False'
[1.666s] Level 5:colcon.colcon_core.verb:set package 'control_pkg' build argument 'cmake_clean_cache' from command line to 'False'
[1.666s] Level 5:colcon.colcon_core.verb:set package 'control_pkg' build argument 'cmake_clean_first' from command line to 'False'
[1.667s] Level 5:colcon.colcon_core.verb:set package 'control_pkg' build argument 'cmake_force_configure' from command line to 'False'
[1.667s] Level 5:colcon.colcon_core.verb:set package 'control_pkg' build argument 'ament_cmake_args' from command line to 'None'
[1.667s] Level 5:colcon.colcon_core.verb:set package 'control_pkg' build argument 'catkin_cmake_args' from command line to 'None'
[1.667s] Level 5:colcon.colcon_core.verb:set package 'control_pkg' build argument 'catkin_skip_building_tests' from command line to 'False'
[1.667s] DEBUG:colcon.colcon_core.verb:Building package 'control_pkg' with the following arguments: {'ament_cmake_args': None, 'build_base': '/home/lanzer/robocup/basketball_ws/build/control_pkg', 'catkin_cmake_args': None, 'catkin_skip_building_tests': False, 'cmake_args': None, 'cmake_clean_cache': False, 'cmake_clean_first': False, 'cmake_force_configure': False, 'cmake_target': None, 'cmake_target_skip_unavailable': False, 'install_base': '/home/lanzer/robocup/basketball_ws/install/control_pkg', 'merge_install': False, 'path': '/home/lanzer/robocup/basketball_ws/src/control_pkg', 'symlink_install': False, 'test_result_base': None}
[1.667s] Level 5:colcon.colcon_core.verb:set package 'sensor_pkg' build argument 'cmake_args' from command line to 'None'
[1.667s] Level 5:colcon.colcon_core.verb:set package 'sensor_pkg' build argument 'cmake_target' from command line to 'None'
[1.667s] Level 5:colcon.colcon_core.verb:set package 'sensor_pkg' build argument 'cmake_target_skip_unavailable' from command line to 'False'
[1.668s] Level 5:colcon.colcon_core.verb:set package 'sensor_pkg' build argument 'cmake_clean_cache' from command line to 'False'
[1.668s] Level 5:colcon.colcon_core.verb:set package 'sensor_pkg' build argument 'cmake_clean_first' from command line to 'False'
[1.668s] Level 5:colcon.colcon_core.verb:set package 'sensor_pkg' build argument 'cmake_force_configure' from command line to 'False'
[1.668s] Level 5:colcon.colcon_core.verb:set package 'sensor_pkg' build argument 'ament_cmake_args' from command line to 'None'
[1.668s] Level 5:colcon.colcon_core.verb:set package 'sensor_pkg' build argument 'catkin_cmake_args' from command line to 'None'
[1.668s] Level 5:colcon.colcon_core.verb:set package 'sensor_pkg' build argument 'catkin_skip_building_tests' from command line to 'False'
[1.668s] DEBUG:colcon.colcon_core.verb:Building package 'sensor_pkg' with the following arguments: {'ament_cmake_args': None, 'build_base': '/home/lanzer/robocup/basketball_ws/build/sensor_pkg', 'catkin_cmake_args': None, 'catkin_skip_building_tests': False, 'cmake_args': None, 'cmake_clean_cache': False, 'cmake_clean_first': False, 'cmake_force_configure': False, 'cmake_target': None, 'cmake_target_skip_unavailable': False, 'install_base': '/home/lanzer/robocup/basketball_ws/install/sensor_pkg', 'merge_install': False, 'path': '/home/lanzer/robocup/basketball_ws/src/sensor_pkg', 'symlink_install': False, 'test_result_base': None}
[1.668s] INFO:colcon.colcon_core.executor:Executing jobs using 'parallel' executor
[1.670s] DEBUG:colcon.colcon_parallel_executor.executor.parallel:run_until_complete
[1.671s] INFO:colcon.colcon_ros.task.ament_python.build:Building ROS package in '/home/lanzer/robocup/basketball_ws/src/board_pkg' with build type 'ament_python'
[1.671s] Level 1:colcon.colcon_core.shell:create_environment_hook('board_pkg', 'ament_prefix_path')
[1.684s] INFO:colcon.colcon_core.plugin_system:Skipping extension 'colcon_core.shell.bat': Not used on non-Windows systems
[1.685s] INFO:colcon.colcon_core.shell:Creating environment hook '/home/lanzer/robocup/basketball_ws/install/board_pkg/share/board_pkg/hook/ament_prefix_path.ps1'
[1.689s] INFO:colcon.colcon_core.shell:Creating environment descriptor '/home/lanzer/robocup/basketball_ws/install/board_pkg/share/board_pkg/hook/ament_prefix_path.dsv'
[1.690s] INFO:colcon.colcon_core.shell:Creating environment hook '/home/lanzer/robocup/basketball_ws/install/board_pkg/share/board_pkg/hook/ament_prefix_path.sh'
[1.693s] INFO:colcon.colcon_core.shell:Skip shell extension 'powershell' for command environment: Not usable outside of PowerShell
[1.693s] DEBUG:colcon.colcon_core.shell:Skip shell extension 'dsv' for command environment
[1.701s] INFO:colcon.colcon_ros.task.ament_python.build:Building ROS package in '/home/lanzer/robocup/basketball_ws/src/control_pkg' with build type 'ament_python'
[1.701s] Level 1:colcon.colcon_core.shell:create_environment_hook('control_pkg', 'ament_prefix_path')
[1.702s] INFO:colcon.colcon_core.shell:Creating environment hook '/home/lanzer/robocup/basketball_ws/install/control_pkg/share/control_pkg/hook/ament_prefix_path.ps1'
[1.703s] INFO:colcon.colcon_core.shell:Creating environment descriptor '/home/lanzer/robocup/basketball_ws/install/control_pkg/share/control_pkg/hook/ament_prefix_path.dsv'
[1.704s] INFO:colcon.colcon_core.shell:Creating environment hook '/home/lanzer/robocup/basketball_ws/install/control_pkg/share/control_pkg/hook/ament_prefix_path.sh'
[1.706s] INFO:colcon.colcon_core.shell:Skip shell extension 'powershell' for command environment: Not usable outside of PowerShell
[1.706s] DEBUG:colcon.colcon_core.shell:Skip shell extension 'dsv' for command environment
[1.713s] INFO:colcon.colcon_ros.task.ament_python.build:Building ROS package in '/home/lanzer/robocup/basketball_ws/src/sensor_pkg' with build type 'ament_python'
[1.713s] Level 1:colcon.colcon_core.shell:create_environment_hook('sensor_pkg', 'ament_prefix_path')
[1.714s] INFO:colcon.colcon_core.shell:Creating environment hook '/home/lanzer/robocup/basketball_ws/install/sensor_pkg/share/sensor_pkg/hook/ament_prefix_path.ps1'
[1.715s] INFO:colcon.colcon_core.shell:Creating environment descriptor '/home/lanzer/robocup/basketball_ws/install/sensor_pkg/share/sensor_pkg/hook/ament_prefix_path.dsv'
[1.716s] INFO:colcon.colcon_core.shell:Creating environment hook '/home/lanzer/robocup/basketball_ws/install/sensor_pkg/share/sensor_pkg/hook/ament_prefix_path.sh'
[1.717s] INFO:colcon.colcon_core.shell:Skip shell extension 'powershell' for command environment: Not usable outside of PowerShell
[1.718s] DEBUG:colcon.colcon_core.shell:Skip shell extension 'dsv' for command environment
[2.770s] INFO:colcon.colcon_core.task.python.build:Building Python package in '/home/lanzer/robocup/basketball_ws/src/board_pkg'
[2.771s] INFO:colcon.colcon_core.shell:Skip shell extension 'powershell' for command environment: Not usable outside of PowerShell
[2.771s] DEBUG:colcon.colcon_core.shell:Skip shell extension 'dsv' for command environment
[3.315s] INFO:colcon.colcon_core.task.python.build:Building Python package in '/home/lanzer/robocup/basketball_ws/src/control_pkg'
[3.316s] INFO:colcon.colcon_core.shell:Skip shell extension 'powershell' for command environment: Not usable outside of PowerShell
[3.316s] DEBUG:colcon.colcon_core.shell:Skip shell extension 'dsv' for command environment
[3.884s] INFO:colcon.colcon_core.task.python.build:Building Python package in '/home/lanzer/robocup/basketball_ws/src/sensor_pkg'
[3.884s] INFO:colcon.colcon_core.shell:Skip shell extension 'powershell' for command environment: Not usable outside of PowerShell
[3.884s] DEBUG:colcon.colcon_core.shell:Skip shell extension 'dsv' for command environment
[5.018s] DEBUG:colcon.colcon_core.event_handler.log_command:Invoking command in '/home/lanzer/robocup/basketball_ws/src/sensor_pkg': CONDA_PROMPT_MODIFIER=(robot) PYTHONPATH=/home/lanzer/robocup/basketball_ws/build/sensor_pkg/prefix_override:/usr/lib/python3/dist-packages/colcon_core/task/python/colcon_distutils_commands:/home/lanzer/robocup/basketball_ws/install/sensor_pkg/lib/python3.10/site-packages:${PYTHONPATH} /usr/bin/python3 -W ignore:setup.py install is deprecated -W ignore:easy_install command is deprecated setup.py egg_info --egg-base ../../build/sensor_pkg build --build-base /home/lanzer/robocup/basketball_ws/build/sensor_pkg/build install --record /home/lanzer/robocup/basketball_ws/build/sensor_pkg/install.log --single-version-externally-managed install_data
[5.030s] DEBUG:colcon.colcon_core.event_handler.log_command:Invoking command in '/home/lanzer/robocup/basketball_ws/src/board_pkg': CONDA_PROMPT_MODIFIER=(robot) PYTHONPATH=/home/lanzer/robocup/basketball_ws/build/board_pkg/prefix_override:/usr/lib/python3/dist-packages/colcon_core/task/python/colcon_distutils_commands:/home/lanzer/robocup/basketball_ws/install/board_pkg/lib/python3.10/site-packages:${PYTHONPATH} /usr/bin/python3 -W ignore:setup.py install is deprecated -W ignore:easy_install command is deprecated setup.py egg_info --egg-base ../../build/board_pkg build --build-base /home/lanzer/robocup/basketball_ws/build/board_pkg/build install --record /home/lanzer/robocup/basketball_ws/build/board_pkg/install.log --single-version-externally-managed install_data
[5.033s] DEBUG:colcon.colcon_core.event_handler.log_command:Invoking command in '/home/lanzer/robocup/basketball_ws/src/control_pkg': CONDA_PROMPT_MODIFIER=(robot) PYTHONPATH=/home/lanzer/robocup/basketball_ws/build/control_pkg/prefix_override:/usr/lib/python3/dist-packages/colcon_core/task/python/colcon_distutils_commands:/home/lanzer/robocup/basketball_ws/install/control_pkg/lib/python3.10/site-packages:${PYTHONPATH} /usr/bin/python3 -W ignore:setup.py install is deprecated -W ignore:easy_install command is deprecated setup.py egg_info --egg-base ../../build/control_pkg build --build-base /home/lanzer/robocup/basketball_ws/build/control_pkg/build install --record /home/lanzer/robocup/basketball_ws/build/control_pkg/install.log --single-version-externally-managed install_data
[5.713s] DEBUG:colcon.colcon_core.event_handler.log_command:Invoked command in '/home/lanzer/robocup/basketball_ws/src/sensor_pkg' returned '0': CONDA_PROMPT_MODIFIER=(robot) PYTHONPATH=/home/lanzer/robocup/basketball_ws/build/sensor_pkg/prefix_override:/usr/lib/python3/dist-packages/colcon_core/task/python/colcon_distutils_commands:/home/lanzer/robocup/basketball_ws/install/sensor_pkg/lib/python3.10/site-packages:${PYTHONPATH} /usr/bin/python3 -W ignore:setup.py install is deprecated -W ignore:easy_install command is deprecated setup.py egg_info --egg-base ../../build/sensor_pkg build --build-base /home/lanzer/robocup/basketball_ws/build/sensor_pkg/build install --record /home/lanzer/robocup/basketball_ws/build/sensor_pkg/install.log --single-version-externally-managed install_data
[5.728s] Level 1:colcon.colcon_core.environment:checking '/home/lanzer/robocup/basketball_ws/install/sensor_pkg' for CMake module files
[5.730s] Level 1:colcon.colcon_core.environment:checking '/home/lanzer/robocup/basketball_ws/install/sensor_pkg' for CMake config files
[5.738s] Level 1:colcon.colcon_core.environment:checking '/home/lanzer/robocup/basketball_ws/install/sensor_pkg/lib'
[5.738s] Level 1:colcon.colcon_core.environment:checking '/home/lanzer/robocup/basketball_ws/install/sensor_pkg/bin'
[5.738s] Level 1:colcon.colcon_core.environment:checking '/home/lanzer/robocup/basketball_ws/install/sensor_pkg/lib/pkgconfig/sensor_pkg.pc'
[5.739s] Level 1:colcon.colcon_core.environment:checking '/home/lanzer/robocup/basketball_ws/install/sensor_pkg/lib/python3.10/site-packages'
[5.739s] Level 1:colcon.colcon_core.shell:create_environment_hook('sensor_pkg', 'pythonpath')
[5.739s] INFO:colcon.colcon_core.shell:Creating environment hook '/home/lanzer/robocup/basketball_ws/install/sensor_pkg/share/sensor_pkg/hook/pythonpath.ps1'
[5.741s] INFO:colcon.colcon_core.shell:Creating environment descriptor '/home/lanzer/robocup/basketball_ws/install/sensor_pkg/share/sensor_pkg/hook/pythonpath.dsv'
[5.742s] INFO:colcon.colcon_core.shell:Creating environment hook '/home/lanzer/robocup/basketball_ws/install/sensor_pkg/share/sensor_pkg/hook/pythonpath.sh'
[5.743s] Level 1:colcon.colcon_core.environment:checking '/home/lanzer/robocup/basketball_ws/install/sensor_pkg/bin'
[5.743s] Level 1:colcon.colcon_core.environment:create_environment_scripts_only(sensor_pkg)
[5.744s] INFO:colcon.colcon_core.shell:Creating package script '/home/lanzer/robocup/basketball_ws/install/sensor_pkg/share/sensor_pkg/package.ps1'
[5.747s] INFO:colcon.colcon_core.shell:Creating package descriptor '/home/lanzer/robocup/basketball_ws/install/sensor_pkg/share/sensor_pkg/package.dsv'
[5.749s] INFO:colcon.colcon_core.shell:Creating package script '/home/lanzer/robocup/basketball_ws/install/sensor_pkg/share/sensor_pkg/package.sh'
[5.752s] INFO:colcon.colcon_core.shell:Creating package script '/home/lanzer/robocup/basketball_ws/install/sensor_pkg/share/sensor_pkg/package.bash'
[5.754s] INFO:colcon.colcon_core.shell:Creating package script '/home/lanzer/robocup/basketball_ws/install/sensor_pkg/share/sensor_pkg/package.zsh'
[5.756s] Level 1:colcon.colcon_core.environment:create_file_with_runtime_dependencies(/home/lanzer/robocup/basketball_ws/install/sensor_pkg/share/colcon-core/packages/sensor_pkg)
[5.762s] Level 1:colcon.colcon_core.environment:checking '/home/lanzer/robocup/basketball_ws/install/board_pkg' for CMake module files
[5.764s] DEBUG:colcon.colcon_core.event_handler.log_command:Invoked command in '/home/lanzer/robocup/basketball_ws/src/board_pkg' returned '0': CONDA_PROMPT_MODIFIER=(robot) PYTHONPATH=/home/lanzer/robocup/basketball_ws/build/board_pkg/prefix_override:/usr/lib/python3/dist-packages/colcon_core/task/python/colcon_distutils_commands:/home/lanzer/robocup/basketball_ws/install/board_pkg/lib/python3.10/site-packages:${PYTHONPATH} /usr/bin/python3 -W ignore:setup.py install is deprecated -W ignore:easy_install command is deprecated setup.py egg_info --egg-base ../../build/board_pkg build --build-base /home/lanzer/robocup/basketball_ws/build/board_pkg/build install --record /home/lanzer/robocup/basketball_ws/build/board_pkg/install.log --single-version-externally-managed install_data
[5.766s] Level 1:colcon.colcon_core.environment:checking '/home/lanzer/robocup/basketball_ws/install/board_pkg' for CMake config files
[5.773s] Level 1:colcon.colcon_core.environment:checking '/home/lanzer/robocup/basketball_ws/install/board_pkg/lib'
[5.773s] Level 1:colcon.colcon_core.environment:checking '/home/lanzer/robocup/basketball_ws/install/board_pkg/bin'
[5.773s] Level 1:colcon.colcon_core.environment:checking '/home/lanzer/robocup/basketball_ws/install/board_pkg/lib/pkgconfig/board_pkg.pc'
[5.773s] Level 1:colcon.colcon_core.environment:checking '/home/lanzer/robocup/basketball_ws/install/board_pkg/lib/python3.10/site-packages'
[5.774s] Level 1:colcon.colcon_core.shell:create_environment_hook('board_pkg', 'pythonpath')
[5.774s] INFO:colcon.colcon_core.shell:Creating environment hook '/home/lanzer/robocup/basketball_ws/install/board_pkg/share/board_pkg/hook/pythonpath.ps1'
[5.775s] INFO:colcon.colcon_core.shell:Creating environment descriptor '/home/lanzer/robocup/basketball_ws/install/board_pkg/share/board_pkg/hook/pythonpath.dsv'
[5.776s] INFO:colcon.colcon_core.shell:Creating environment hook '/home/lanzer/robocup/basketball_ws/install/board_pkg/share/board_pkg/hook/pythonpath.sh'
[5.777s] Level 1:colcon.colcon_core.environment:checking '/home/lanzer/robocup/basketball_ws/install/board_pkg/bin'
[5.777s] Level 1:colcon.colcon_core.environment:create_environment_scripts_only(board_pkg)
[5.778s] INFO:colcon.colcon_core.shell:Creating package script '/home/lanzer/robocup/basketball_ws/install/board_pkg/share/board_pkg/package.ps1'
[5.779s] INFO:colcon.colcon_core.shell:Creating package descriptor '/home/lanzer/robocup/basketball_ws/install/board_pkg/share/board_pkg/package.dsv'
[5.780s] INFO:colcon.colcon_core.shell:Creating package script '/home/lanzer/robocup/basketball_ws/install/board_pkg/share/board_pkg/package.sh'
[5.781s] INFO:colcon.colcon_core.shell:Creating package script '/home/lanzer/robocup/basketball_ws/install/board_pkg/share/board_pkg/package.bash'
[5.782s] INFO:colcon.colcon_core.shell:Creating package script '/home/lanzer/robocup/basketball_ws/install/board_pkg/share/board_pkg/package.zsh'
[5.783s] Level 1:colcon.colcon_core.environment:create_file_with_runtime_dependencies(/home/lanzer/robocup/basketball_ws/install/board_pkg/share/colcon-core/packages/board_pkg)
[5.784s] Level 1:colcon.colcon_core.environment:checking '/home/lanzer/robocup/basketball_ws/install/control_pkg' for CMake module files
[5.786s] DEBUG:colcon.colcon_core.event_handler.log_command:Invoked command in '/home/lanzer/robocup/basketball_ws/src/control_pkg' returned '0': CONDA_PROMPT_MODIFIER=(robot) PYTHONPATH=/home/lanzer/robocup/basketball_ws/build/control_pkg/prefix_override:/usr/lib/python3/dist-packages/colcon_core/task/python/colcon_distutils_commands:/home/lanzer/robocup/basketball_ws/install/control_pkg/lib/python3.10/site-packages:${PYTHONPATH} /usr/bin/python3 -W ignore:setup.py install is deprecated -W ignore:easy_install command is deprecated setup.py egg_info --egg-base ../../build/control_pkg build --build-base /home/lanzer/robocup/basketball_ws/build/control_pkg/build install --record /home/lanzer/robocup/basketball_ws/build/control_pkg/install.log --single-version-externally-managed install_data
[5.788s] Level 1:colcon.colcon_core.environment:checking '/home/lanzer/robocup/basketball_ws/install/control_pkg' for CMake config files
[5.795s] Level 1:colcon.colcon_core.environment:checking '/home/lanzer/robocup/basketball_ws/install/control_pkg/lib'
[5.795s] Level 1:colcon.colcon_core.environment:checking '/home/lanzer/robocup/basketball_ws/install/control_pkg/bin'
[5.795s] Level 1:colcon.colcon_core.environment:checking '/home/lanzer/robocup/basketball_ws/install/control_pkg/lib/pkgconfig/control_pkg.pc'
[5.796s] Level 1:colcon.colcon_core.environment:checking '/home/lanzer/robocup/basketball_ws/install/control_pkg/lib/python3.10/site-packages'
[5.796s] Level 1:colcon.colcon_core.shell:create_environment_hook('control_pkg', 'pythonpath')
[5.797s] INFO:colcon.colcon_core.shell:Creating environment hook '/home/lanzer/robocup/basketball_ws/install/control_pkg/share/control_pkg/hook/pythonpath.ps1'
[5.798s] INFO:colcon.colcon_core.shell:Creating environment descriptor '/home/lanzer/robocup/basketball_ws/install/control_pkg/share/control_pkg/hook/pythonpath.dsv'
[5.799s] INFO:colcon.colcon_core.shell:Creating environment hook '/home/lanzer/robocup/basketball_ws/install/control_pkg/share/control_pkg/hook/pythonpath.sh'
[5.800s] Level 1:colcon.colcon_core.environment:checking '/home/lanzer/robocup/basketball_ws/install/control_pkg/bin'
[5.800s] Level 1:colcon.colcon_core.environment:create_environment_scripts_only(control_pkg)
[5.801s] INFO:colcon.colcon_core.shell:Creating package script '/home/lanzer/robocup/basketball_ws/install/control_pkg/share/control_pkg/package.ps1'
[5.802s] INFO:colcon.colcon_core.shell:Creating package descriptor '/home/lanzer/robocup/basketball_ws/install/control_pkg/share/control_pkg/package.dsv'
[5.804s] INFO:colcon.colcon_core.shell:Creating package script '/home/lanzer/robocup/basketball_ws/install/control_pkg/share/control_pkg/package.sh'
[5.805s] INFO:colcon.colcon_core.shell:Creating package script '/home/lanzer/robocup/basketball_ws/install/control_pkg/share/control_pkg/package.bash'
[5.806s] INFO:colcon.colcon_core.shell:Creating package script '/home/lanzer/robocup/basketball_ws/install/control_pkg/share/control_pkg/package.zsh'
[5.807s] Level 1:colcon.colcon_core.environment:create_file_with_runtime_dependencies(/home/lanzer/robocup/basketball_ws/install/control_pkg/share/colcon-core/packages/control_pkg)
[5.808s] DEBUG:colcon.colcon_parallel_executor.executor.parallel:closing loop
[5.809s] DEBUG:colcon.colcon_parallel_executor.executor.parallel:loop closed
[5.809s] DEBUG:colcon.colcon_parallel_executor.executor.parallel:run_until_complete finished with '0'
[5.810s] DEBUG:colcon.colcon_core.event_reactor:joining thread
[5.835s] INFO:colcon.colcon_core.plugin_system:Skipping extension 'colcon_notification.desktop_notification.notify_send': Could not find 'notify-send'
[5.835s] INFO:colcon.colcon_core.plugin_system:Skipping extension 'colcon_notification.desktop_notification.terminal_notifier': Not used on non-Darwin systems
[5.835s] INFO:colcon.colcon_core.plugin_system:Skipping extension 'colcon_notification.desktop_notification.win32': Not used on non-Windows systems
[5.835s] INFO:colcon.colcon_notification.desktop_notification:Sending desktop notification using 'notify2'
[5.839s] DEBUG:colcon.colcon_notification.desktop_notification.notify2:Failed to initialize notify2: org.freedesktop.DBus.Error.ServiceUnknown: The name org.freedesktop.Notifications was not provided by any .service files
[5.840s] DEBUG:colcon.colcon_core.event_reactor:joined thread
[5.840s] INFO:colcon.colcon_core.shell:Creating prefix script '/home/lanzer/robocup/basketball_ws/install/local_setup.ps1'
[5.843s] INFO:colcon.colcon_core.shell:Creating prefix util module '/home/lanzer/robocup/basketball_ws/install/_local_setup_util_ps1.py'
[5.846s] INFO:colcon.colcon_core.shell:Creating prefix chain script '/home/lanzer/robocup/basketball_ws/install/setup.ps1'
[5.849s] INFO:colcon.colcon_core.shell:Creating prefix script '/home/lanzer/robocup/basketball_ws/install/local_setup.sh'
[5.851s] INFO:colcon.colcon_core.shell:Creating prefix util module '/home/lanzer/robocup/basketball_ws/install/_local_setup_util_sh.py'
[5.852s] INFO:colcon.colcon_core.shell:Creating prefix chain script '/home/lanzer/robocup/basketball_ws/install/setup.sh'
[5.856s] INFO:colcon.colcon_core.shell:Creating prefix script '/home/lanzer/robocup/basketball_ws/install/local_setup.bash'
[5.858s] INFO:colcon.colcon_core.shell:Creating prefix chain script '/home/lanzer/robocup/basketball_ws/install/setup.bash'
[5.860s] INFO:colcon.colcon_core.shell:Creating prefix script '/home/lanzer/robocup/basketball_ws/install/local_setup.zsh'
[5.862s] INFO:colcon.colcon_core.shell:Creating prefix chain script '/home/lanzer/robocup/basketball_ws/install/setup.zsh'
