running egg_info
creating ../../build/board_pkg/board_pkg.egg-info
writing ../../build/board_pkg/board_pkg.egg-info/PKG-INFO
writing dependency_links to ../../build/board_pkg/board_pkg.egg-info/dependency_links.txt
writing entry points to ../../build/board_pkg/board_pkg.egg-info/entry_points.txt
writing requirements to ../../build/board_pkg/board_pkg.egg-info/requires.txt
writing top-level names to ../../build/board_pkg/board_pkg.egg-info/top_level.txt
writing manifest file '../../build/board_pkg/board_pkg.egg-info/SOURCES.txt'
reading manifest file '../../build/board_pkg/board_pkg.egg-info/SOURCES.txt'
adding license file 'LICENSE'
writing manifest file '../../build/board_pkg/board_pkg.egg-info/SOURCES.txt'
running build
running build_py
creating /home/lanzer/robocup/basketball_ws/build/board_pkg/build
creating /home/lanzer/robocup/basketball_ws/build/board_pkg/build/lib
creating /home/lanzer/robocup/basketball_ws/build/board_pkg/build/lib/board_pkg
copying board_pkg/__init__.py -> /home/lanzer/robocup/basketball_ws/build/board_pkg/build/lib/board_pkg
copying board_pkg/serial_node.py -> /home/lanzer/robocup/basketball_ws/build/board_pkg/build/lib/board_pkg
running install
running install_lib
creating /home/lanzer/robocup/basketball_ws/install/board_pkg/lib/python3.10/site-packages/board_pkg
copying /home/lanzer/robocup/basketball_ws/build/board_pkg/build/lib/board_pkg/__init__.py -> /home/lanzer/robocup/basketball_ws/install/board_pkg/lib/python3.10/site-packages/board_pkg
copying /home/lanzer/robocup/basketball_ws/build/board_pkg/build/lib/board_pkg/serial_node.py -> /home/lanzer/robocup/basketball_ws/install/board_pkg/lib/python3.10/site-packages/board_pkg
byte-compiling /home/lanzer/robocup/basketball_ws/install/board_pkg/lib/python3.10/site-packages/board_pkg/__init__.py to __init__.cpython-310.pyc
byte-compiling /home/lanzer/robocup/basketball_ws/install/board_pkg/lib/python3.10/site-packages/board_pkg/serial_node.py to serial_node.cpython-310.pyc
running install_data
creating /home/lanzer/robocup/basketball_ws/install/board_pkg/share/ament_index
creating /home/lanzer/robocup/basketball_ws/install/board_pkg/share/ament_index/resource_index
creating /home/lanzer/robocup/basketball_ws/install/board_pkg/share/ament_index/resource_index/packages
copying resource/board_pkg -> /home/lanzer/robocup/basketball_ws/install/board_pkg/share/ament_index/resource_index/packages
copying package.xml -> /home/lanzer/robocup/basketball_ws/install/board_pkg/share/board_pkg
running install_egg_info
Copying ../../build/board_pkg/board_pkg.egg-info to /home/lanzer/robocup/basketball_ws/install/board_pkg/lib/python3.10/site-packages/board_pkg-0.0.0-py3.10.egg-info
running install_scripts
Installing serial_node script to /home/lanzer/robocup/basketball_ws/install/board_pkg/lib/board_pkg
writing list of installed files to '/home/lanzer/robocup/basketball_ws/build/board_pkg/install.log'
