[0.521s] DEBUG:colcon:Command line arguments: ['/usr/bin/colcon', 'build']
[0.521s] DEBUG:colcon:Parsed command line arguments: Namespace(log_base=None, log_level=None, verb_name='build', build_base='build', install_base='install', merge_install=False, symlink_install=False, test_result_base=None, continue_on_error=False, executor='parallel', parallel_workers=16, event_handlers=None, ignore_user_meta=False, metas=['./colcon.meta'], base_paths=['.'], packages_ignore=None, packages_ignore_regex=None, paths=None, packages_up_to=None, packages_up_to_regex=None, packages_above=None, packages_above_and_dependencies=None, packages_above_depth=None, packages_select_by_dep=None, packages_skip_by_dep=None, packages_skip_up_to=None, packages_select_build_failed=False, packages_skip_build_finished=False, packages_select_test_failures=False, packages_skip_test_passed=False, packages_select=None, packages_skip=None, packages_select_regex=None, packages_skip_regex=None, packages_start=None, packages_end=None, allow_overriding=[], cmake_args=None, cmake_target=None, cmake_target_skip_unavailable=False, cmake_clean_cache=False, cmake_clean_first=False, cmake_force_configure=False, ament_cmake_args=None, catkin_cmake_args=None, catkin_skip_building_tests=False, verb_parser=<colcon_defaults.argument_parser.defaults.DefaultArgumentsDecorator object at 0x7fe72ba2fbb0>, verb_extension=<colcon_core.verb.build.BuildVerb object at 0x7fe72bbcd630>, main=<bound method BuildVerb.main of <colcon_core.verb.build.BuildVerb object at 0x7fe72bbcd630>>)
[1.790s] Level 1:colcon.colcon_core.package_discovery:discover_packages(colcon_meta) check parameters
[1.790s] Level 1:colcon.colcon_core.package_discovery:discover_packages(recursive) check parameters
[1.790s] Level 1:colcon.colcon_core.package_discovery:discover_packages(ignore) check parameters
[1.790s] Level 1:colcon.colcon_core.package_discovery:discover_packages(path) check parameters
[1.790s] Level 1:colcon.colcon_core.package_discovery:discover_packages(colcon_meta) discover
[1.790s] Level 1:colcon.colcon_core.package_discovery:discover_packages(recursive) discover
[1.790s] INFO:colcon.colcon_core.package_discovery:Crawling recursively for packages in '/home/lanzer/robocup/basketball_ws'
[1.791s] Level 1:colcon.colcon_core.package_identification:_identify(.) by extensions ['ignore', 'ignore_ament_install']
[1.791s] Level 1:colcon.colcon_core.package_identification:_identify(.) by extension 'ignore'
[1.792s] Level 1:colcon.colcon_core.package_identification:_identify(.) by extension 'ignore_ament_install'
[1.792s] Level 1:colcon.colcon_core.package_identification:_identify(.) by extensions ['colcon_pkg']
[1.792s] Level 1:colcon.colcon_core.package_identification:_identify(.) by extension 'colcon_pkg'
[1.792s] Level 1:colcon.colcon_core.package_identification:_identify(.) by extensions ['colcon_meta']
[1.792s] Level 1:colcon.colcon_core.package_identification:_identify(.) by extension 'colcon_meta'
[1.792s] Level 1:colcon.colcon_core.package_identification:_identify(.) by extensions ['ros']
[1.792s] Level 1:colcon.colcon_core.package_identification:_identify(.) by extension 'ros'
[1.824s] Level 1:colcon.colcon_core.package_identification:_identify(.) by extensions ['cmake', 'python']
[1.824s] Level 1:colcon.colcon_core.package_identification:_identify(.) by extension 'cmake'
[1.824s] Level 1:colcon.colcon_core.package_identification:_identify(.) by extension 'python'
[1.824s] Level 1:colcon.colcon_core.package_identification:_identify(.) by extensions ['python_setup_py']
[1.824s] Level 1:colcon.colcon_core.package_identification:_identify(.) by extension 'python_setup_py'
[1.825s] Level 1:colcon.colcon_core.package_identification:_identify(build) by extensions ['ignore', 'ignore_ament_install']
[1.825s] Level 1:colcon.colcon_core.package_identification:_identify(build) by extension 'ignore'
[1.826s] Level 1:colcon.colcon_core.package_identification:_identify(build) ignored
[1.827s] Level 1:colcon.colcon_core.package_identification:_identify(install) by extensions ['ignore', 'ignore_ament_install']
[1.827s] Level 1:colcon.colcon_core.package_identification:_identify(install) by extension 'ignore'
[1.828s] Level 1:colcon.colcon_core.package_identification:_identify(install) ignored
[1.828s] Level 1:colcon.colcon_core.package_identification:_identify(log) by extensions ['ignore', 'ignore_ament_install']
[1.828s] Level 1:colcon.colcon_core.package_identification:_identify(log) by extension 'ignore'
[1.828s] Level 1:colcon.colcon_core.package_identification:_identify(log) ignored
[1.829s] Level 1:colcon.colcon_core.package_identification:_identify(src) by extensions ['ignore', 'ignore_ament_install']
[1.829s] Level 1:colcon.colcon_core.package_identification:_identify(src) by extension 'ignore'
[1.830s] Level 1:colcon.colcon_core.package_identification:_identify(src) by extension 'ignore_ament_install'
[1.830s] Level 1:colcon.colcon_core.package_identification:_identify(src) by extensions ['colcon_pkg']
[1.830s] Level 1:colcon.colcon_core.package_identification:_identify(src) by extension 'colcon_pkg'
[1.830s] Level 1:colcon.colcon_core.package_identification:_identify(src) by extensions ['colcon_meta']
[1.830s] Level 1:colcon.colcon_core.package_identification:_identify(src) by extension 'colcon_meta'
[1.830s] Level 1:colcon.colcon_core.package_identification:_identify(src) by extensions ['ros']
[1.830s] Level 1:colcon.colcon_core.package_identification:_identify(src) by extension 'ros'
[1.830s] Level 1:colcon.colcon_core.package_identification:_identify(src) by extensions ['cmake', 'python']
[1.830s] Level 1:colcon.colcon_core.package_identification:_identify(src) by extension 'cmake'
[1.831s] Level 1:colcon.colcon_core.package_identification:_identify(src) by extension 'python'
[1.831s] Level 1:colcon.colcon_core.package_identification:_identify(src) by extensions ['python_setup_py']
[1.831s] Level 1:colcon.colcon_core.package_identification:_identify(src) by extension 'python_setup_py'
[1.832s] Level 1:colcon.colcon_core.package_identification:_identify(src/board_pkg) by extensions ['ignore', 'ignore_ament_install']
[1.832s] Level 1:colcon.colcon_core.package_identification:_identify(src/board_pkg) by extension 'ignore'
[1.832s] Level 1:colcon.colcon_core.package_identification:_identify(src/board_pkg) by extension 'ignore_ament_install'
[1.832s] Level 1:colcon.colcon_core.package_identification:_identify(src/board_pkg) by extensions ['colcon_pkg']
[1.832s] Level 1:colcon.colcon_core.package_identification:_identify(src/board_pkg) by extension 'colcon_pkg'
[1.832s] Level 1:colcon.colcon_core.package_identification:_identify(src/board_pkg) by extensions ['colcon_meta']
[1.832s] Level 1:colcon.colcon_core.package_identification:_identify(src/board_pkg) by extension 'colcon_meta'
[1.833s] Level 1:colcon.colcon_core.package_identification:_identify(src/board_pkg) by extensions ['ros']
[1.833s] Level 1:colcon.colcon_core.package_identification:_identify(src/board_pkg) by extension 'ros'
[1.840s] DEBUG:colcon.colcon_core.package_identification:Package 'src/board_pkg' with type 'ros.ament_python' and name 'board_pkg'
[1.841s] Level 1:colcon.colcon_core.package_identification:_identify(src/control_pkg) by extensions ['ignore', 'ignore_ament_install']
[1.841s] Level 1:colcon.colcon_core.package_identification:_identify(src/control_pkg) by extension 'ignore'
[1.842s] Level 1:colcon.colcon_core.package_identification:_identify(src/control_pkg) by extension 'ignore_ament_install'
[1.842s] Level 1:colcon.colcon_core.package_identification:_identify(src/control_pkg) by extensions ['colcon_pkg']
[1.842s] Level 1:colcon.colcon_core.package_identification:_identify(src/control_pkg) by extension 'colcon_pkg'
[1.842s] Level 1:colcon.colcon_core.package_identification:_identify(src/control_pkg) by extensions ['colcon_meta']
[1.842s] Level 1:colcon.colcon_core.package_identification:_identify(src/control_pkg) by extension 'colcon_meta'
[1.842s] Level 1:colcon.colcon_core.package_identification:_identify(src/control_pkg) by extensions ['ros']
[1.842s] Level 1:colcon.colcon_core.package_identification:_identify(src/control_pkg) by extension 'ros'
[1.844s] DEBUG:colcon.colcon_core.package_identification:Package 'src/control_pkg' with type 'ros.ament_python' and name 'control_pkg'
[1.845s] Level 1:colcon.colcon_core.package_identification:_identify(src/sensor_pkg) by extensions ['ignore', 'ignore_ament_install']
[1.846s] Level 1:colcon.colcon_core.package_identification:_identify(src/sensor_pkg) by extension 'ignore'
[1.846s] Level 1:colcon.colcon_core.package_identification:_identify(src/sensor_pkg) by extension 'ignore_ament_install'
[1.846s] Level 1:colcon.colcon_core.package_identification:_identify(src/sensor_pkg) by extensions ['colcon_pkg']
[1.846s] Level 1:colcon.colcon_core.package_identification:_identify(src/sensor_pkg) by extension 'colcon_pkg'
[1.846s] Level 1:colcon.colcon_core.package_identification:_identify(src/sensor_pkg) by extensions ['colcon_meta']
[1.846s] Level 1:colcon.colcon_core.package_identification:_identify(src/sensor_pkg) by extension 'colcon_meta'
[1.846s] Level 1:colcon.colcon_core.package_identification:_identify(src/sensor_pkg) by extensions ['ros']
[1.846s] Level 1:colcon.colcon_core.package_identification:_identify(src/sensor_pkg) by extension 'ros'
[1.848s] DEBUG:colcon.colcon_core.package_identification:Package 'src/sensor_pkg' with type 'ros.ament_python' and name 'sensor_pkg'
[1.848s] Level 1:colcon.colcon_core.package_discovery:discover_packages(recursive) using defaults
[1.848s] Level 1:colcon.colcon_core.package_discovery:discover_packages(ignore) discover
[1.848s] Level 1:colcon.colcon_core.package_discovery:discover_packages(ignore) using defaults
[1.848s] Level 1:colcon.colcon_core.package_discovery:discover_packages(path) discover
[1.848s] Level 1:colcon.colcon_core.package_discovery:discover_packages(path) using defaults
[1.922s] Level 1:colcon.colcon_core.package_discovery:discover_packages(prefix_path) check parameters
[1.923s] Level 1:colcon.colcon_core.package_discovery:discover_packages(prefix_path) discover
[1.936s] DEBUG:colcon.colcon_installed_package_information.package_discovery:Found 3 installed packages in /home/lanzer/robocup/basketball_ws/install
[1.941s] DEBUG:colcon.colcon_installed_package_information.package_discovery:Found 270 installed packages in /opt/ros/humble
[1.962s] Level 1:colcon.colcon_core.package_discovery:discover_packages(prefix_path) using defaults
[2.163s] Level 5:colcon.colcon_core.verb:set package 'board_pkg' build argument 'cmake_args' from command line to 'None'
[2.163s] Level 5:colcon.colcon_core.verb:set package 'board_pkg' build argument 'cmake_target' from command line to 'None'
[2.163s] Level 5:colcon.colcon_core.verb:set package 'board_pkg' build argument 'cmake_target_skip_unavailable' from command line to 'False'
[2.163s] Level 5:colcon.colcon_core.verb:set package 'board_pkg' build argument 'cmake_clean_cache' from command line to 'False'
[2.164s] Level 5:colcon.colcon_core.verb:set package 'board_pkg' build argument 'cmake_clean_first' from command line to 'False'
[2.164s] Level 5:colcon.colcon_core.verb:set package 'board_pkg' build argument 'cmake_force_configure' from command line to 'False'
[2.164s] Level 5:colcon.colcon_core.verb:set package 'board_pkg' build argument 'ament_cmake_args' from command line to 'None'
[2.164s] Level 5:colcon.colcon_core.verb:set package 'board_pkg' build argument 'catkin_cmake_args' from command line to 'None'
[2.164s] Level 5:colcon.colcon_core.verb:set package 'board_pkg' build argument 'catkin_skip_building_tests' from command line to 'False'
[2.164s] DEBUG:colcon.colcon_core.verb:Building package 'board_pkg' with the following arguments: {'ament_cmake_args': None, 'build_base': '/home/lanzer/robocup/basketball_ws/build/board_pkg', 'catkin_cmake_args': None, 'catkin_skip_building_tests': False, 'cmake_args': None, 'cmake_clean_cache': False, 'cmake_clean_first': False, 'cmake_force_configure': False, 'cmake_target': None, 'cmake_target_skip_unavailable': False, 'install_base': '/home/lanzer/robocup/basketball_ws/install/board_pkg', 'merge_install': False, 'path': '/home/lanzer/robocup/basketball_ws/src/board_pkg', 'symlink_install': False, 'test_result_base': None}
[2.164s] Level 5:colcon.colcon_core.verb:set package 'control_pkg' build argument 'cmake_args' from command line to 'None'
[2.165s] Level 5:colcon.colcon_core.verb:set package 'control_pkg' build argument 'cmake_target' from command line to 'None'
[2.165s] Level 5:colcon.colcon_core.verb:set package 'control_pkg' build argument 'cmake_target_skip_unavailable' from command line to 'False'
[2.165s] Level 5:colcon.colcon_core.verb:set package 'control_pkg' build argument 'cmake_clean_cache' from command line to 'False'
[2.165s] Level 5:colcon.colcon_core.verb:set package 'control_pkg' build argument 'cmake_clean_first' from command line to 'False'
[2.165s] Level 5:colcon.colcon_core.verb:set package 'control_pkg' build argument 'cmake_force_configure' from command line to 'False'
[2.165s] Level 5:colcon.colcon_core.verb:set package 'control_pkg' build argument 'ament_cmake_args' from command line to 'None'
[2.165s] Level 5:colcon.colcon_core.verb:set package 'control_pkg' build argument 'catkin_cmake_args' from command line to 'None'
[2.165s] Level 5:colcon.colcon_core.verb:set package 'control_pkg' build argument 'catkin_skip_building_tests' from command line to 'False'
[2.165s] DEBUG:colcon.colcon_core.verb:Building package 'control_pkg' with the following arguments: {'ament_cmake_args': None, 'build_base': '/home/lanzer/robocup/basketball_ws/build/control_pkg', 'catkin_cmake_args': None, 'catkin_skip_building_tests': False, 'cmake_args': None, 'cmake_clean_cache': False, 'cmake_clean_first': False, 'cmake_force_configure': False, 'cmake_target': None, 'cmake_target_skip_unavailable': False, 'install_base': '/home/lanzer/robocup/basketball_ws/install/control_pkg', 'merge_install': False, 'path': '/home/lanzer/robocup/basketball_ws/src/control_pkg', 'symlink_install': False, 'test_result_base': None}
[2.165s] Level 5:colcon.colcon_core.verb:set package 'sensor_pkg' build argument 'cmake_args' from command line to 'None'
[2.166s] Level 5:colcon.colcon_core.verb:set package 'sensor_pkg' build argument 'cmake_target' from command line to 'None'
[2.166s] Level 5:colcon.colcon_core.verb:set package 'sensor_pkg' build argument 'cmake_target_skip_unavailable' from command line to 'False'
[2.166s] Level 5:colcon.colcon_core.verb:set package 'sensor_pkg' build argument 'cmake_clean_cache' from command line to 'False'
[2.166s] Level 5:colcon.colcon_core.verb:set package 'sensor_pkg' build argument 'cmake_clean_first' from command line to 'False'
[2.166s] Level 5:colcon.colcon_core.verb:set package 'sensor_pkg' build argument 'cmake_force_configure' from command line to 'False'
[2.166s] Level 5:colcon.colcon_core.verb:set package 'sensor_pkg' build argument 'ament_cmake_args' from command line to 'None'
[2.166s] Level 5:colcon.colcon_core.verb:set package 'sensor_pkg' build argument 'catkin_cmake_args' from command line to 'None'
[2.166s] Level 5:colcon.colcon_core.verb:set package 'sensor_pkg' build argument 'catkin_skip_building_tests' from command line to 'False'
[2.166s] DEBUG:colcon.colcon_core.verb:Building package 'sensor_pkg' with the following arguments: {'ament_cmake_args': None, 'build_base': '/home/lanzer/robocup/basketball_ws/build/sensor_pkg', 'catkin_cmake_args': None, 'catkin_skip_building_tests': False, 'cmake_args': None, 'cmake_clean_cache': False, 'cmake_clean_first': False, 'cmake_force_configure': False, 'cmake_target': None, 'cmake_target_skip_unavailable': False, 'install_base': '/home/lanzer/robocup/basketball_ws/install/sensor_pkg', 'merge_install': False, 'path': '/home/lanzer/robocup/basketball_ws/src/sensor_pkg', 'symlink_install': False, 'test_result_base': None}
[2.166s] INFO:colcon.colcon_core.executor:Executing jobs using 'parallel' executor
[2.168s] DEBUG:colcon.colcon_parallel_executor.executor.parallel:run_until_complete
[2.169s] INFO:colcon.colcon_ros.task.ament_python.build:Building ROS package in '/home/lanzer/robocup/basketball_ws/src/board_pkg' with build type 'ament_python'
[2.170s] Level 1:colcon.colcon_core.shell:create_environment_hook('board_pkg', 'ament_prefix_path')
[2.182s] INFO:colcon.colcon_core.plugin_system:Skipping extension 'colcon_core.shell.bat': Not used on non-Windows systems
[2.183s] INFO:colcon.colcon_core.shell:Creating environment hook '/home/lanzer/robocup/basketball_ws/install/board_pkg/share/board_pkg/hook/ament_prefix_path.ps1'
[2.187s] INFO:colcon.colcon_core.shell:Creating environment descriptor '/home/lanzer/robocup/basketball_ws/install/board_pkg/share/board_pkg/hook/ament_prefix_path.dsv'
[2.189s] INFO:colcon.colcon_core.shell:Creating environment hook '/home/lanzer/robocup/basketball_ws/install/board_pkg/share/board_pkg/hook/ament_prefix_path.sh'
[2.191s] INFO:colcon.colcon_core.shell:Skip shell extension 'powershell' for command environment: Not usable outside of PowerShell
[2.191s] DEBUG:colcon.colcon_core.shell:Skip shell extension 'dsv' for command environment
[2.200s] INFO:colcon.colcon_ros.task.ament_python.build:Building ROS package in '/home/lanzer/robocup/basketball_ws/src/control_pkg' with build type 'ament_python'
[2.201s] Level 1:colcon.colcon_core.shell:create_environment_hook('control_pkg', 'ament_prefix_path')
[2.201s] INFO:colcon.colcon_core.shell:Creating environment hook '/home/lanzer/robocup/basketball_ws/install/control_pkg/share/control_pkg/hook/ament_prefix_path.ps1'
[2.202s] INFO:colcon.colcon_core.shell:Creating environment descriptor '/home/lanzer/robocup/basketball_ws/install/control_pkg/share/control_pkg/hook/ament_prefix_path.dsv'
[2.203s] INFO:colcon.colcon_core.shell:Creating environment hook '/home/lanzer/robocup/basketball_ws/install/control_pkg/share/control_pkg/hook/ament_prefix_path.sh'
[2.205s] INFO:colcon.colcon_core.shell:Skip shell extension 'powershell' for command environment: Not usable outside of PowerShell
[2.205s] DEBUG:colcon.colcon_core.shell:Skip shell extension 'dsv' for command environment
[2.212s] INFO:colcon.colcon_ros.task.ament_python.build:Building ROS package in '/home/lanzer/robocup/basketball_ws/src/sensor_pkg' with build type 'ament_python'
[2.213s] Level 1:colcon.colcon_core.shell:create_environment_hook('sensor_pkg', 'ament_prefix_path')
[2.214s] INFO:colcon.colcon_core.shell:Creating environment hook '/home/lanzer/robocup/basketball_ws/install/sensor_pkg/share/sensor_pkg/hook/ament_prefix_path.ps1'
[2.215s] INFO:colcon.colcon_core.shell:Creating environment descriptor '/home/lanzer/robocup/basketball_ws/install/sensor_pkg/share/sensor_pkg/hook/ament_prefix_path.dsv'
[2.216s] INFO:colcon.colcon_core.shell:Creating environment hook '/home/lanzer/robocup/basketball_ws/install/sensor_pkg/share/sensor_pkg/hook/ament_prefix_path.sh'
[2.218s] INFO:colcon.colcon_core.shell:Skip shell extension 'powershell' for command environment: Not usable outside of PowerShell
[2.218s] DEBUG:colcon.colcon_core.shell:Skip shell extension 'dsv' for command environment
[2.753s] INFO:colcon.colcon_core.task.python.build:Building Python package in '/home/lanzer/robocup/basketball_ws/src/board_pkg'
[2.754s] INFO:colcon.colcon_core.shell:Skip shell extension 'powershell' for command environment: Not usable outside of PowerShell
[2.754s] DEBUG:colcon.colcon_core.shell:Skip shell extension 'dsv' for command environment
[3.328s] INFO:colcon.colcon_core.task.python.build:Building Python package in '/home/lanzer/robocup/basketball_ws/src/control_pkg'
[3.329s] INFO:colcon.colcon_core.shell:Skip shell extension 'powershell' for command environment: Not usable outside of PowerShell
[3.329s] DEBUG:colcon.colcon_core.shell:Skip shell extension 'dsv' for command environment
[3.941s] INFO:colcon.colcon_core.task.python.build:Building Python package in '/home/lanzer/robocup/basketball_ws/src/sensor_pkg'
[3.942s] INFO:colcon.colcon_core.shell:Skip shell extension 'powershell' for command environment: Not usable outside of PowerShell
[3.942s] DEBUG:colcon.colcon_core.shell:Skip shell extension 'dsv' for command environment
[5.134s] DEBUG:colcon.colcon_core.event_handler.log_command:Invoking command in '/home/lanzer/robocup/basketball_ws/src/board_pkg': CONDA_PROMPT_MODIFIER=(robot) PYTHONPATH=/home/lanzer/robocup/basketball_ws/build/board_pkg/prefix_override:/usr/lib/python3/dist-packages/colcon_core/task/python/colcon_distutils_commands:/home/lanzer/robocup/basketball_ws/install/board_pkg/lib/python3.10/site-packages:${PYTHONPATH} /usr/bin/python3 -W ignore:setup.py install is deprecated -W ignore:easy_install command is deprecated setup.py egg_info --egg-base ../../build/board_pkg build --build-base /home/lanzer/robocup/basketball_ws/build/board_pkg/build install --record /home/lanzer/robocup/basketball_ws/build/board_pkg/install.log --single-version-externally-managed install_data
[5.148s] DEBUG:colcon.colcon_core.event_handler.log_command:Invoking command in '/home/lanzer/robocup/basketball_ws/src/control_pkg': CONDA_PROMPT_MODIFIER=(robot) PYTHONPATH=/home/lanzer/robocup/basketball_ws/build/control_pkg/prefix_override:/usr/lib/python3/dist-packages/colcon_core/task/python/colcon_distutils_commands:/home/lanzer/robocup/basketball_ws/install/control_pkg/lib/python3.10/site-packages:${PYTHONPATH} /usr/bin/python3 -W ignore:setup.py install is deprecated -W ignore:easy_install command is deprecated setup.py egg_info --egg-base ../../build/control_pkg build --build-base /home/lanzer/robocup/basketball_ws/build/control_pkg/build install --record /home/lanzer/robocup/basketball_ws/build/control_pkg/install.log --single-version-externally-managed install_data
[5.151s] DEBUG:colcon.colcon_core.event_handler.log_command:Invoking command in '/home/lanzer/robocup/basketball_ws/src/sensor_pkg': CONDA_PROMPT_MODIFIER=(robot) PYTHONPATH=/home/lanzer/robocup/basketball_ws/build/sensor_pkg/prefix_override:/usr/lib/python3/dist-packages/colcon_core/task/python/colcon_distutils_commands:/home/lanzer/robocup/basketball_ws/install/sensor_pkg/lib/python3.10/site-packages:${PYTHONPATH} /usr/bin/python3 -W ignore:setup.py install is deprecated -W ignore:easy_install command is deprecated setup.py egg_info --egg-base ../../build/sensor_pkg build --build-base /home/lanzer/robocup/basketball_ws/build/sensor_pkg/build install --record /home/lanzer/robocup/basketball_ws/build/sensor_pkg/install.log --single-version-externally-managed install_data
[5.828s] DEBUG:colcon.colcon_core.event_handler.log_command:Invoked command in '/home/lanzer/robocup/basketball_ws/src/control_pkg' returned '0': CONDA_PROMPT_MODIFIER=(robot) PYTHONPATH=/home/lanzer/robocup/basketball_ws/build/control_pkg/prefix_override:/usr/lib/python3/dist-packages/colcon_core/task/python/colcon_distutils_commands:/home/lanzer/robocup/basketball_ws/install/control_pkg/lib/python3.10/site-packages:${PYTHONPATH} /usr/bin/python3 -W ignore:setup.py install is deprecated -W ignore:easy_install command is deprecated setup.py egg_info --egg-base ../../build/control_pkg build --build-base /home/lanzer/robocup/basketball_ws/build/control_pkg/build install --record /home/lanzer/robocup/basketball_ws/build/control_pkg/install.log --single-version-externally-managed install_data
[5.840s] Level 1:colcon.colcon_core.environment:checking '/home/lanzer/robocup/basketball_ws/install/control_pkg' for CMake module files
[5.842s] Level 1:colcon.colcon_core.environment:checking '/home/lanzer/robocup/basketball_ws/install/control_pkg' for CMake config files
[5.848s] Level 1:colcon.colcon_core.environment:checking '/home/lanzer/robocup/basketball_ws/install/control_pkg/lib'
[5.848s] Level 1:colcon.colcon_core.environment:checking '/home/lanzer/robocup/basketball_ws/install/control_pkg/bin'
[5.848s] Level 1:colcon.colcon_core.environment:checking '/home/lanzer/robocup/basketball_ws/install/control_pkg/lib/pkgconfig/control_pkg.pc'
[5.849s] Level 1:colcon.colcon_core.environment:checking '/home/lanzer/robocup/basketball_ws/install/control_pkg/lib/python3.10/site-packages'
[5.849s] Level 1:colcon.colcon_core.shell:create_environment_hook('control_pkg', 'pythonpath')
[5.849s] INFO:colcon.colcon_core.shell:Creating environment hook '/home/lanzer/robocup/basketball_ws/install/control_pkg/share/control_pkg/hook/pythonpath.ps1'
[5.851s] INFO:colcon.colcon_core.shell:Creating environment descriptor '/home/lanzer/robocup/basketball_ws/install/control_pkg/share/control_pkg/hook/pythonpath.dsv'
[5.852s] INFO:colcon.colcon_core.shell:Creating environment hook '/home/lanzer/robocup/basketball_ws/install/control_pkg/share/control_pkg/hook/pythonpath.sh'
[5.854s] Level 1:colcon.colcon_core.environment:checking '/home/lanzer/robocup/basketball_ws/install/control_pkg/bin'
[5.854s] Level 1:colcon.colcon_core.environment:create_environment_scripts_only(control_pkg)
[5.855s] INFO:colcon.colcon_core.shell:Creating package script '/home/lanzer/robocup/basketball_ws/install/control_pkg/share/control_pkg/package.ps1'
[5.857s] INFO:colcon.colcon_core.shell:Creating package descriptor '/home/lanzer/robocup/basketball_ws/install/control_pkg/share/control_pkg/package.dsv'
[5.859s] INFO:colcon.colcon_core.shell:Creating package script '/home/lanzer/robocup/basketball_ws/install/control_pkg/share/control_pkg/package.sh'
[5.861s] INFO:colcon.colcon_core.shell:Creating package script '/home/lanzer/robocup/basketball_ws/install/control_pkg/share/control_pkg/package.bash'
[5.863s] INFO:colcon.colcon_core.shell:Creating package script '/home/lanzer/robocup/basketball_ws/install/control_pkg/share/control_pkg/package.zsh'
[5.865s] Level 1:colcon.colcon_core.environment:create_file_with_runtime_dependencies(/home/lanzer/robocup/basketball_ws/install/control_pkg/share/colcon-core/packages/control_pkg)
[5.867s] Level 1:colcon.colcon_core.environment:checking '/home/lanzer/robocup/basketball_ws/install/sensor_pkg' for CMake module files
[5.869s] DEBUG:colcon.colcon_core.event_handler.log_command:Invoked command in '/home/lanzer/robocup/basketball_ws/src/sensor_pkg' returned '0': CONDA_PROMPT_MODIFIER=(robot) PYTHONPATH=/home/lanzer/robocup/basketball_ws/build/sensor_pkg/prefix_override:/usr/lib/python3/dist-packages/colcon_core/task/python/colcon_distutils_commands:/home/lanzer/robocup/basketball_ws/install/sensor_pkg/lib/python3.10/site-packages:${PYTHONPATH} /usr/bin/python3 -W ignore:setup.py install is deprecated -W ignore:easy_install command is deprecated setup.py egg_info --egg-base ../../build/sensor_pkg build --build-base /home/lanzer/robocup/basketball_ws/build/sensor_pkg/build install --record /home/lanzer/robocup/basketball_ws/build/sensor_pkg/install.log --single-version-externally-managed install_data
[5.869s] Level 1:colcon.colcon_core.environment:checking '/home/lanzer/robocup/basketball_ws/install/sensor_pkg' for CMake config files
[5.876s] Level 1:colcon.colcon_core.environment:checking '/home/lanzer/robocup/basketball_ws/install/sensor_pkg/lib'
[5.876s] Level 1:colcon.colcon_core.environment:checking '/home/lanzer/robocup/basketball_ws/install/sensor_pkg/bin'
[5.876s] Level 1:colcon.colcon_core.environment:checking '/home/lanzer/robocup/basketball_ws/install/sensor_pkg/lib/pkgconfig/sensor_pkg.pc'
[5.877s] Level 1:colcon.colcon_core.environment:checking '/home/lanzer/robocup/basketball_ws/install/sensor_pkg/lib/python3.10/site-packages'
[5.877s] Level 1:colcon.colcon_core.shell:create_environment_hook('sensor_pkg', 'pythonpath')
[5.878s] INFO:colcon.colcon_core.shell:Creating environment hook '/home/lanzer/robocup/basketball_ws/install/sensor_pkg/share/sensor_pkg/hook/pythonpath.ps1'
[5.879s] INFO:colcon.colcon_core.shell:Creating environment descriptor '/home/lanzer/robocup/basketball_ws/install/sensor_pkg/share/sensor_pkg/hook/pythonpath.dsv'
[5.880s] INFO:colcon.colcon_core.shell:Creating environment hook '/home/lanzer/robocup/basketball_ws/install/sensor_pkg/share/sensor_pkg/hook/pythonpath.sh'
[5.881s] Level 1:colcon.colcon_core.environment:checking '/home/lanzer/robocup/basketball_ws/install/sensor_pkg/bin'
[5.881s] Level 1:colcon.colcon_core.environment:create_environment_scripts_only(sensor_pkg)
[5.882s] INFO:colcon.colcon_core.shell:Creating package script '/home/lanzer/robocup/basketball_ws/install/sensor_pkg/share/sensor_pkg/package.ps1'
[5.883s] INFO:colcon.colcon_core.shell:Creating package descriptor '/home/lanzer/robocup/basketball_ws/install/sensor_pkg/share/sensor_pkg/package.dsv'
[5.884s] INFO:colcon.colcon_core.shell:Creating package script '/home/lanzer/robocup/basketball_ws/install/sensor_pkg/share/sensor_pkg/package.sh'
[5.885s] INFO:colcon.colcon_core.shell:Creating package script '/home/lanzer/robocup/basketball_ws/install/sensor_pkg/share/sensor_pkg/package.bash'
[5.886s] INFO:colcon.colcon_core.shell:Creating package script '/home/lanzer/robocup/basketball_ws/install/sensor_pkg/share/sensor_pkg/package.zsh'
[5.887s] Level 1:colcon.colcon_core.environment:create_file_with_runtime_dependencies(/home/lanzer/robocup/basketball_ws/install/sensor_pkg/share/colcon-core/packages/sensor_pkg)
[5.891s] Level 1:colcon.colcon_core.environment:checking '/home/lanzer/robocup/basketball_ws/install/board_pkg' for CMake module files
[5.893s] DEBUG:colcon.colcon_core.event_handler.log_command:Invoked command in '/home/lanzer/robocup/basketball_ws/src/board_pkg' returned '0': CONDA_PROMPT_MODIFIER=(robot) PYTHONPATH=/home/lanzer/robocup/basketball_ws/build/board_pkg/prefix_override:/usr/lib/python3/dist-packages/colcon_core/task/python/colcon_distutils_commands:/home/lanzer/robocup/basketball_ws/install/board_pkg/lib/python3.10/site-packages:${PYTHONPATH} /usr/bin/python3 -W ignore:setup.py install is deprecated -W ignore:easy_install command is deprecated setup.py egg_info --egg-base ../../build/board_pkg build --build-base /home/lanzer/robocup/basketball_ws/build/board_pkg/build install --record /home/lanzer/robocup/basketball_ws/build/board_pkg/install.log --single-version-externally-managed install_data
[5.894s] Level 1:colcon.colcon_core.environment:checking '/home/lanzer/robocup/basketball_ws/install/board_pkg' for CMake config files
[5.900s] Level 1:colcon.colcon_core.environment:checking '/home/lanzer/robocup/basketball_ws/install/board_pkg/lib'
[5.900s] Level 1:colcon.colcon_core.environment:checking '/home/lanzer/robocup/basketball_ws/install/board_pkg/bin'
[5.900s] Level 1:colcon.colcon_core.environment:checking '/home/lanzer/robocup/basketball_ws/install/board_pkg/lib/pkgconfig/board_pkg.pc'
[5.901s] Level 1:colcon.colcon_core.environment:checking '/home/lanzer/robocup/basketball_ws/install/board_pkg/lib/python3.10/site-packages'
[5.901s] Level 1:colcon.colcon_core.shell:create_environment_hook('board_pkg', 'pythonpath')
[5.901s] INFO:colcon.colcon_core.shell:Creating environment hook '/home/lanzer/robocup/basketball_ws/install/board_pkg/share/board_pkg/hook/pythonpath.ps1'
[5.903s] INFO:colcon.colcon_core.shell:Creating environment descriptor '/home/lanzer/robocup/basketball_ws/install/board_pkg/share/board_pkg/hook/pythonpath.dsv'
[5.903s] INFO:colcon.colcon_core.shell:Creating environment hook '/home/lanzer/robocup/basketball_ws/install/board_pkg/share/board_pkg/hook/pythonpath.sh'
[5.905s] Level 1:colcon.colcon_core.environment:checking '/home/lanzer/robocup/basketball_ws/install/board_pkg/bin'
[5.905s] Level 1:colcon.colcon_core.environment:create_environment_scripts_only(board_pkg)
[5.906s] INFO:colcon.colcon_core.shell:Creating package script '/home/lanzer/robocup/basketball_ws/install/board_pkg/share/board_pkg/package.ps1'
[5.907s] INFO:colcon.colcon_core.shell:Creating package descriptor '/home/lanzer/robocup/basketball_ws/install/board_pkg/share/board_pkg/package.dsv'
[5.908s] INFO:colcon.colcon_core.shell:Creating package script '/home/lanzer/robocup/basketball_ws/install/board_pkg/share/board_pkg/package.sh'
[5.910s] INFO:colcon.colcon_core.shell:Creating package script '/home/lanzer/robocup/basketball_ws/install/board_pkg/share/board_pkg/package.bash'
[5.911s] INFO:colcon.colcon_core.shell:Creating package script '/home/lanzer/robocup/basketball_ws/install/board_pkg/share/board_pkg/package.zsh'
[5.912s] Level 1:colcon.colcon_core.environment:create_file_with_runtime_dependencies(/home/lanzer/robocup/basketball_ws/install/board_pkg/share/colcon-core/packages/board_pkg)
[5.913s] DEBUG:colcon.colcon_parallel_executor.executor.parallel:closing loop
[5.914s] DEBUG:colcon.colcon_parallel_executor.executor.parallel:loop closed
[5.914s] DEBUG:colcon.colcon_parallel_executor.executor.parallel:run_until_complete finished with '0'
[5.914s] DEBUG:colcon.colcon_core.event_reactor:joining thread
[5.939s] INFO:colcon.colcon_core.plugin_system:Skipping extension 'colcon_notification.desktop_notification.notify_send': Could not find 'notify-send'
[5.940s] INFO:colcon.colcon_core.plugin_system:Skipping extension 'colcon_notification.desktop_notification.terminal_notifier': Not used on non-Darwin systems
[5.940s] INFO:colcon.colcon_core.plugin_system:Skipping extension 'colcon_notification.desktop_notification.win32': Not used on non-Windows systems
[5.940s] INFO:colcon.colcon_notification.desktop_notification:Sending desktop notification using 'notify2'
[5.944s] DEBUG:colcon.colcon_notification.desktop_notification.notify2:Failed to initialize notify2: org.freedesktop.DBus.Error.ServiceUnknown: The name org.freedesktop.Notifications was not provided by any .service files
[5.944s] DEBUG:colcon.colcon_core.event_reactor:joined thread
[5.945s] INFO:colcon.colcon_core.shell:Creating prefix script '/home/lanzer/robocup/basketball_ws/install/local_setup.ps1'
[5.947s] INFO:colcon.colcon_core.shell:Creating prefix util module '/home/lanzer/robocup/basketball_ws/install/_local_setup_util_ps1.py'
[5.951s] INFO:colcon.colcon_core.shell:Creating prefix chain script '/home/lanzer/robocup/basketball_ws/install/setup.ps1'
[5.953s] INFO:colcon.colcon_core.shell:Creating prefix script '/home/lanzer/robocup/basketball_ws/install/local_setup.sh'
[5.955s] INFO:colcon.colcon_core.shell:Creating prefix util module '/home/lanzer/robocup/basketball_ws/install/_local_setup_util_sh.py'
[5.957s] INFO:colcon.colcon_core.shell:Creating prefix chain script '/home/lanzer/robocup/basketball_ws/install/setup.sh'
[5.959s] INFO:colcon.colcon_core.shell:Creating prefix script '/home/lanzer/robocup/basketball_ws/install/local_setup.bash'
[5.961s] INFO:colcon.colcon_core.shell:Creating prefix chain script '/home/lanzer/robocup/basketball_ws/install/setup.bash'
[5.964s] INFO:colcon.colcon_core.shell:Creating prefix script '/home/lanzer/robocup/basketball_ws/install/local_setup.zsh'
[5.966s] INFO:colcon.colcon_core.shell:Creating prefix chain script '/home/lanzer/robocup/basketball_ws/install/setup.zsh'
