[2.378s] Invoking command in '/home/lanzer/robocup/basketball_ws/src/control_pkg': CONDA_PROMPT_MODIFIER=(robot) PYTHONPATH=/home/lanzer/robocup/basketball_ws/build/control_pkg/prefix_override:/usr/lib/python3/dist-packages/colcon_core/task/python/colcon_distutils_commands:/home/lanzer/robocup/basketball_ws/install/control_pkg/lib/python3.10/site-packages:${PYTHONPATH} /usr/bin/python3 -W ignore:setup.py install is deprecated -W ignore:easy_install command is deprecated setup.py egg_info --egg-base ../../build/control_pkg build --build-base /home/lanzer/robocup/basketball_ws/build/control_pkg/build install --record /home/lanzer/robocup/basketball_ws/build/control_pkg/install.log --single-version-externally-managed install_data
[2.943s] running egg_info
[2.944s] writing ../../build/control_pkg/control_pkg.egg-info/PKG-INFO
[2.944s] writing dependency_links to ../../build/control_pkg/control_pkg.egg-info/dependency_links.txt
[2.945s] writing entry points to ../../build/control_pkg/control_pkg.egg-info/entry_points.txt
[2.945s] writing requirements to ../../build/control_pkg/control_pkg.egg-info/requires.txt
[2.946s] writing top-level names to ../../build/control_pkg/control_pkg.egg-info/top_level.txt
[2.949s] reading manifest file '../../build/control_pkg/control_pkg.egg-info/SOURCES.txt'
[2.950s] adding license file 'LICENSE'
[2.951s] writing manifest file '../../build/control_pkg/control_pkg.egg-info/SOURCES.txt'
[2.952s] running build
[2.953s] running build_py
[2.954s] running install
[2.954s] running install_lib
[2.959s] running install_data
[2.959s] running install_egg_info
[2.962s] removing '/home/lanzer/robocup/basketball_ws/install/control_pkg/lib/python3.10/site-packages/control_pkg-0.0.0-py3.10.egg-info' (and everything under it)
[2.964s] Copying ../../build/control_pkg/control_pkg.egg-info to /home/lanzer/robocup/basketball_ws/install/control_pkg/lib/python3.10/site-packages/control_pkg-0.0.0-py3.10.egg-info
[2.967s] running install_scripts
[3.010s] Installing linear_control_node script to /home/lanzer/robocup/basketball_ws/install/control_pkg/lib/control_pkg
[3.010s] Installing position_control_node script to /home/lanzer/robocup/basketball_ws/install/control_pkg/lib/control_pkg
[3.012s] writing list of installed files to '/home/lanzer/robocup/basketball_ws/build/control_pkg/install.log'
[3.070s] Invoked command in '/home/lanzer/robocup/basketball_ws/src/control_pkg' returned '0': CONDA_PROMPT_MODIFIER=(robot) PYTHONPATH=/home/lanzer/robocup/basketball_ws/build/control_pkg/prefix_override:/usr/lib/python3/dist-packages/colcon_core/task/python/colcon_distutils_commands:/home/lanzer/robocup/basketball_ws/install/control_pkg/lib/python3.10/site-packages:${PYTHONPATH} /usr/bin/python3 -W ignore:setup.py install is deprecated -W ignore:easy_install command is deprecated setup.py egg_info --egg-base ../../build/control_pkg build --build-base /home/lanzer/robocup/basketball_ws/build/control_pkg/build install --record /home/lanzer/robocup/basketball_ws/build/control_pkg/install.log --single-version-externally-managed install_data
