[1.112s] Invoking command in '/home/lanzer/robocup/basketball_ws/src/board_pkg': CONDA_PROMPT_MODIFIER=(robot) PYTHONPATH=/home/lanzer/robocup/basketball_ws/build/board_pkg/prefix_override:/usr/lib/python3/dist-packages/colcon_core/task/python/colcon_distutils_commands:/home/lanzer/robocup/basketball_ws/install/board_pkg/lib/python3.10/site-packages:${PYTHONPATH} /usr/bin/python3 -W ignore:setup.py install is deprecated -W ignore:easy_install command is deprecated setup.py egg_info --egg-base ../../build/board_pkg build --build-base /home/lanzer/robocup/basketball_ws/build/board_pkg/build install --record /home/lanzer/robocup/basketball_ws/build/board_pkg/install.log --single-version-externally-managed install_data
[1.301s] running egg_info
[1.302s] writing ../../build/board_pkg/board_pkg.egg-info/PKG-INFO
[1.304s] writing dependency_links to ../../build/board_pkg/board_pkg.egg-info/dependency_links.txt
[1.304s] writing entry points to ../../build/board_pkg/board_pkg.egg-info/entry_points.txt
[1.304s] writing requirements to ../../build/board_pkg/board_pkg.egg-info/requires.txt
[1.304s] writing top-level names to ../../build/board_pkg/board_pkg.egg-info/top_level.txt
[1.306s] reading manifest file '../../build/board_pkg/board_pkg.egg-info/SOURCES.txt'
[1.306s] adding license file 'LICENSE'
[1.307s] writing manifest file '../../build/board_pkg/board_pkg.egg-info/SOURCES.txt'
[1.307s] running build
[1.307s] running build_py
[1.307s] copying board_pkg/serial_node.py -> /home/lanzer/robocup/basketball_ws/build/board_pkg/build/lib/board_pkg
[1.307s] running install
[1.308s] running install_lib
[1.309s] copying /home/lanzer/robocup/basketball_ws/build/board_pkg/build/lib/board_pkg/serial_node.py -> /home/lanzer/robocup/basketball_ws/install/board_pkg/lib/python3.10/site-packages/board_pkg
[1.309s] byte-compiling /home/lanzer/robocup/basketball_ws/install/board_pkg/lib/python3.10/site-packages/board_pkg/serial_node.py to serial_node.cpython-310.pyc
[1.311s] running install_data
[1.311s] running install_egg_info
[1.313s] removing '/home/lanzer/robocup/basketball_ws/install/board_pkg/lib/python3.10/site-packages/board_pkg-0.0.0-py3.10.egg-info' (and everything under it)
[1.313s] Copying ../../build/board_pkg/board_pkg.egg-info to /home/lanzer/robocup/basketball_ws/install/board_pkg/lib/python3.10/site-packages/board_pkg-0.0.0-py3.10.egg-info
[1.315s] running install_scripts
[1.333s] Installing serial_node script to /home/lanzer/robocup/basketball_ws/install/board_pkg/lib/board_pkg
[1.334s] writing list of installed files to '/home/lanzer/robocup/basketball_ws/build/board_pkg/install.log'
[1.373s] Invoked command in '/home/lanzer/robocup/basketball_ws/src/board_pkg' returned '0': CONDA_PROMPT_MODIFIER=(robot) PYTHONPATH=/home/lanzer/robocup/basketball_ws/build/board_pkg/prefix_override:/usr/lib/python3/dist-packages/colcon_core/task/python/colcon_distutils_commands:/home/lanzer/robocup/basketball_ws/install/board_pkg/lib/python3.10/site-packages:${PYTHONPATH} /usr/bin/python3 -W ignore:setup.py install is deprecated -W ignore:easy_install command is deprecated setup.py egg_info --egg-base ../../build/board_pkg build --build-base /home/lanzer/robocup/basketball_ws/build/board_pkg/build install --record /home/lanzer/robocup/basketball_ws/build/board_pkg/install.log --single-version-externally-managed install_data
