running egg_info
creating ../../build/control_pkg/control_pkg.egg-info
writing ../../build/control_pkg/control_pkg.egg-info/PKG-INFO
writing dependency_links to ../../build/control_pkg/control_pkg.egg-info/dependency_links.txt
writing entry points to ../../build/control_pkg/control_pkg.egg-info/entry_points.txt
writing requirements to ../../build/control_pkg/control_pkg.egg-info/requires.txt
writing top-level names to ../../build/control_pkg/control_pkg.egg-info/top_level.txt
writing manifest file '../../build/control_pkg/control_pkg.egg-info/SOURCES.txt'
reading manifest file '../../build/control_pkg/control_pkg.egg-info/SOURCES.txt'
adding license file 'LICENSE'
writing manifest file '../../build/control_pkg/control_pkg.egg-info/SOURCES.txt'
running build
running build_py
creating /home/lanzer/robocup/basketball_ws/build/control_pkg/build
creating /home/lanzer/robocup/basketball_ws/build/control_pkg/build/lib
creating /home/lanzer/robocup/basketball_ws/build/control_pkg/build/lib/control_pkg
copying control_pkg/__init__.py -> /home/lanzer/robocup/basketball_ws/build/control_pkg/build/lib/control_pkg
copying control_pkg/linear_control_node.py -> /home/lanzer/robocup/basketball_ws/build/control_pkg/build/lib/control_pkg
copying control_pkg/position_control_node.py -> /home/lanzer/robocup/basketball_ws/build/control_pkg/build/lib/control_pkg
running install
running install_lib
creating /home/lanzer/robocup/basketball_ws/install/control_pkg/lib/python3.10/site-packages/control_pkg
copying /home/lanzer/robocup/basketball_ws/build/control_pkg/build/lib/control_pkg/__init__.py -> /home/lanzer/robocup/basketball_ws/install/control_pkg/lib/python3.10/site-packages/control_pkg
copying /home/lanzer/robocup/basketball_ws/build/control_pkg/build/lib/control_pkg/linear_control_node.py -> /home/lanzer/robocup/basketball_ws/install/control_pkg/lib/python3.10/site-packages/control_pkg
copying /home/lanzer/robocup/basketball_ws/build/control_pkg/build/lib/control_pkg/position_control_node.py -> /home/lanzer/robocup/basketball_ws/install/control_pkg/lib/python3.10/site-packages/control_pkg
byte-compiling /home/lanzer/robocup/basketball_ws/install/control_pkg/lib/python3.10/site-packages/control_pkg/__init__.py to __init__.cpython-310.pyc
byte-compiling /home/lanzer/robocup/basketball_ws/install/control_pkg/lib/python3.10/site-packages/control_pkg/linear_control_node.py to linear_control_node.cpython-310.pyc
byte-compiling /home/lanzer/robocup/basketball_ws/install/control_pkg/lib/python3.10/site-packages/control_pkg/position_control_node.py to position_control_node.cpython-310.pyc
running install_data
creating /home/lanzer/robocup/basketball_ws/install/control_pkg/share/ament_index
creating /home/lanzer/robocup/basketball_ws/install/control_pkg/share/ament_index/resource_index
creating /home/lanzer/robocup/basketball_ws/install/control_pkg/share/ament_index/resource_index/packages
copying resource/control_pkg -> /home/lanzer/robocup/basketball_ws/install/control_pkg/share/ament_index/resource_index/packages
copying package.xml -> /home/lanzer/robocup/basketball_ws/install/control_pkg/share/control_pkg
running install_egg_info
Copying ../../build/control_pkg/control_pkg.egg-info to /home/lanzer/robocup/basketball_ws/install/control_pkg/lib/python3.10/site-packages/control_pkg-0.0.0-py3.10.egg-info
running install_scripts
Installing linear_control_node script to /home/lanzer/robocup/basketball_ws/install/control_pkg/lib/control_pkg
Installing position_control_node script to /home/lanzer/robocup/basketball_ws/install/control_pkg/lib/control_pkg
writing list of installed files to '/home/lanzer/robocup/basketball_ws/build/control_pkg/install.log'
