[3.058s] Invoking command in '/home/lanzer/robocup/basketball_ws/src/control_pkg': CONDA_PROMPT_MODIFIER=(base) PYTHONPATH=/home/lanzer/robocup/basketball_ws/build/control_pkg/prefix_override:/usr/lib/python3/dist-packages/colcon_core/task/python/colcon_distutils_commands:/home/lanzer/robocup/basketball_ws/install/control_pkg/lib/python3.10/site-packages:${PYTHONPATH} /usr/bin/python3 -W ignore:setup.py install is deprecated -W ignore:easy_install command is deprecated setup.py egg_info --egg-base ../../build/control_pkg build --build-base /home/lanzer/robocup/basketball_ws/build/control_pkg/build install --record /home/lanzer/robocup/basketball_ws/build/control_pkg/install.log --single-version-externally-managed install_data
[3.613s] running egg_info
[3.615s] creating ../../build/control_pkg/control_pkg.egg-info
[3.616s] writing ../../build/control_pkg/control_pkg.egg-info/PKG-INFO
[3.618s] writing dependency_links to ../../build/control_pkg/control_pkg.egg-info/dependency_links.txt
[3.619s] writing entry points to ../../build/control_pkg/control_pkg.egg-info/entry_points.txt
[3.620s] writing requirements to ../../build/control_pkg/control_pkg.egg-info/requires.txt
[3.620s] writing top-level names to ../../build/control_pkg/control_pkg.egg-info/top_level.txt
[3.620s] writing manifest file '../../build/control_pkg/control_pkg.egg-info/SOURCES.txt'
[3.625s] reading manifest file '../../build/control_pkg/control_pkg.egg-info/SOURCES.txt'
[3.626s] adding license file 'LICENSE'
[3.627s] writing manifest file '../../build/control_pkg/control_pkg.egg-info/SOURCES.txt'
[3.629s] running build
[3.632s] running build_py
[3.632s] creating /home/lanzer/robocup/basketball_ws/build/control_pkg/build
[3.634s] creating /home/lanzer/robocup/basketball_ws/build/control_pkg/build/lib
[3.635s] creating /home/lanzer/robocup/basketball_ws/build/control_pkg/build/lib/control_pkg
[3.635s] copying control_pkg/__init__.py -> /home/lanzer/robocup/basketball_ws/build/control_pkg/build/lib/control_pkg
[3.635s] copying control_pkg/linear_control_node.py -> /home/lanzer/robocup/basketball_ws/build/control_pkg/build/lib/control_pkg
[3.637s] copying control_pkg/position_control_node.py -> /home/lanzer/robocup/basketball_ws/build/control_pkg/build/lib/control_pkg
[3.637s] running install
[3.640s] running install_lib
[3.649s] creating /home/lanzer/robocup/basketball_ws/install/control_pkg/lib/python3.10/site-packages/control_pkg
[3.650s] copying /home/lanzer/robocup/basketball_ws/build/control_pkg/build/lib/control_pkg/__init__.py -> /home/lanzer/robocup/basketball_ws/install/control_pkg/lib/python3.10/site-packages/control_pkg
[3.650s] copying /home/lanzer/robocup/basketball_ws/build/control_pkg/build/lib/control_pkg/linear_control_node.py -> /home/lanzer/robocup/basketball_ws/install/control_pkg/lib/python3.10/site-packages/control_pkg
[3.650s] copying /home/lanzer/robocup/basketball_ws/build/control_pkg/build/lib/control_pkg/position_control_node.py -> /home/lanzer/robocup/basketball_ws/install/control_pkg/lib/python3.10/site-packages/control_pkg
[3.651s] byte-compiling /home/lanzer/robocup/basketball_ws/install/control_pkg/lib/python3.10/site-packages/control_pkg/__init__.py to __init__.cpython-310.pyc
[3.652s] byte-compiling /home/lanzer/robocup/basketball_ws/install/control_pkg/lib/python3.10/site-packages/control_pkg/linear_control_node.py to linear_control_node.cpython-310.pyc
[3.653s] byte-compiling /home/lanzer/robocup/basketball_ws/install/control_pkg/lib/python3.10/site-packages/control_pkg/position_control_node.py to position_control_node.cpython-310.pyc
[3.654s] running install_data
[3.655s] creating /home/lanzer/robocup/basketball_ws/install/control_pkg/share/ament_index
[3.655s] creating /home/lanzer/robocup/basketball_ws/install/control_pkg/share/ament_index/resource_index
[3.660s] creating /home/lanzer/robocup/basketball_ws/install/control_pkg/share/ament_index/resource_index/packages
[3.660s] copying resource/control_pkg -> /home/lanzer/robocup/basketball_ws/install/control_pkg/share/ament_index/resource_index/packages
[3.660s] copying package.xml -> /home/lanzer/robocup/basketball_ws/install/control_pkg/share/control_pkg
[3.660s] running install_egg_info
[3.661s] Copying ../../build/control_pkg/control_pkg.egg-info to /home/lanzer/robocup/basketball_ws/install/control_pkg/lib/python3.10/site-packages/control_pkg-0.0.0-py3.10.egg-info
[3.664s] running install_scripts
[3.705s] Installing linear_control_node script to /home/lanzer/robocup/basketball_ws/install/control_pkg/lib/control_pkg
[3.706s] Installing position_control_node script to /home/lanzer/robocup/basketball_ws/install/control_pkg/lib/control_pkg
[3.707s] writing list of installed files to '/home/lanzer/robocup/basketball_ws/build/control_pkg/install.log'
[3.811s] Invoked command in '/home/lanzer/robocup/basketball_ws/src/control_pkg' returned '0': CONDA_PROMPT_MODIFIER=(base) PYTHONPATH=/home/lanzer/robocup/basketball_ws/build/control_pkg/prefix_override:/usr/lib/python3/dist-packages/colcon_core/task/python/colcon_distutils_commands:/home/lanzer/robocup/basketball_ws/install/control_pkg/lib/python3.10/site-packages:${PYTHONPATH} /usr/bin/python3 -W ignore:setup.py install is deprecated -W ignore:easy_install command is deprecated setup.py egg_info --egg-base ../../build/control_pkg build --build-base /home/lanzer/robocup/basketball_ws/build/control_pkg/build install --record /home/lanzer/robocup/basketball_ws/build/control_pkg/install.log --single-version-externally-managed install_data
