[2.921s] Invoking command in '/home/lanzer/robocup/basketball_ws/src/board_pkg': CONDA_PROMPT_MODIFIER=(robot) PYTHONPATH=/home/lanzer/robocup/basketball_ws/build/board_pkg/prefix_override:/usr/lib/python3/dist-packages/colcon_core/task/python/colcon_distutils_commands:/home/lanzer/robocup/basketball_ws/install/board_pkg/lib/python3.10/site-packages:${PYTHONPATH} /usr/bin/python3 -W ignore:setup.py install is deprecated -W ignore:easy_install command is deprecated setup.py egg_info --egg-base ../../build/board_pkg build --build-base /home/lanzer/robocup/basketball_ws/build/board_pkg/build install --record /home/lanzer/robocup/basketball_ws/build/board_pkg/install.log --single-version-externally-managed install_data
[3.482s] running egg_info
[3.489s] writing ../../build/board_pkg/board_pkg.egg-info/PKG-INFO
[3.491s] writing dependency_links to ../../build/board_pkg/board_pkg.egg-info/dependency_links.txt
[3.492s] writing entry points to ../../build/board_pkg/board_pkg.egg-info/entry_points.txt
[3.492s] writing requirements to ../../build/board_pkg/board_pkg.egg-info/requires.txt
[3.493s] writing top-level names to ../../build/board_pkg/board_pkg.egg-info/top_level.txt
[3.494s] reading manifest file '../../build/board_pkg/board_pkg.egg-info/SOURCES.txt'
[3.496s] adding license file 'LICENSE'
[3.497s] writing manifest file '../../build/board_pkg/board_pkg.egg-info/SOURCES.txt'
[3.499s] running build
[3.499s] running build_py
[3.500s] copying board_pkg/serial_node.py -> /home/lanzer/robocup/basketball_ws/build/board_pkg/build/lib/board_pkg
[3.503s] running install
[3.503s] running install_lib
[3.504s] copying /home/lanzer/robocup/basketball_ws/build/board_pkg/build/lib/board_pkg/serial_node.py -> /home/lanzer/robocup/basketball_ws/install/board_pkg/lib/python3.10/site-packages/board_pkg
[3.506s] byte-compiling /home/lanzer/robocup/basketball_ws/install/board_pkg/lib/python3.10/site-packages/board_pkg/serial_node.py to serial_node.cpython-310.pyc
[3.508s] running install_data
[3.508s] running install_egg_info
[3.512s] removing '/home/lanzer/robocup/basketball_ws/install/board_pkg/lib/python3.10/site-packages/board_pkg-0.0.0-py3.10.egg-info' (and everything under it)
[3.513s] Copying ../../build/board_pkg/board_pkg.egg-info to /home/lanzer/robocup/basketball_ws/install/board_pkg/lib/python3.10/site-packages/board_pkg-0.0.0-py3.10.egg-info
[3.517s] running install_scripts
[3.557s] Installing serial_node script to /home/lanzer/robocup/basketball_ws/install/board_pkg/lib/board_pkg
[3.558s] writing list of installed files to '/home/lanzer/robocup/basketball_ws/build/board_pkg/install.log'
[3.656s] Invoked command in '/home/lanzer/robocup/basketball_ws/src/board_pkg' returned '0': CONDA_PROMPT_MODIFIER=(robot) PYTHONPATH=/home/lanzer/robocup/basketball_ws/build/board_pkg/prefix_override:/usr/lib/python3/dist-packages/colcon_core/task/python/colcon_distutils_commands:/home/lanzer/robocup/basketball_ws/install/board_pkg/lib/python3.10/site-packages:${PYTHONPATH} /usr/bin/python3 -W ignore:setup.py install is deprecated -W ignore:easy_install command is deprecated setup.py egg_info --egg-base ../../build/board_pkg build --build-base /home/lanzer/robocup/basketball_ws/build/board_pkg/build install --record /home/lanzer/robocup/basketball_ws/build/board_pkg/install.log --single-version-externally-managed install_data
