[2.399s] Invoking command in '/home/lanzer/robocup/basketball_ws/src/board_pkg': CONDA_PROMPT_MODIFIER=(robot) PYTHONPATH=/home/lanzer/robocup/basketball_ws/build/board_pkg/prefix_override:/usr/lib/python3/dist-packages/colcon_core/task/python/colcon_distutils_commands:/home/lanzer/robocup/basketball_ws/install/board_pkg/lib/python3.10/site-packages:${PYTHONPATH} /usr/bin/python3 -W ignore:setup.py install is deprecated -W ignore:easy_install command is deprecated setup.py egg_info --egg-base ../../build/board_pkg build --build-base /home/lanzer/robocup/basketball_ws/build/board_pkg/build install --record /home/lanzer/robocup/basketball_ws/build/board_pkg/install.log --single-version-externally-managed install_data
[2.933s] running egg_info
[2.934s] writing ../../build/board_pkg/board_pkg.egg-info/PKG-INFO
[2.935s] writing dependency_links to ../../build/board_pkg/board_pkg.egg-info/dependency_links.txt
[2.935s] writing entry points to ../../build/board_pkg/board_pkg.egg-info/entry_points.txt
[2.936s] writing requirements to ../../build/board_pkg/board_pkg.egg-info/requires.txt
[2.936s] writing top-level names to ../../build/board_pkg/board_pkg.egg-info/top_level.txt
[2.939s] reading manifest file '../../build/board_pkg/board_pkg.egg-info/SOURCES.txt'
[2.940s] adding license file 'LICENSE'
[2.941s] writing manifest file '../../build/board_pkg/board_pkg.egg-info/SOURCES.txt'
[2.942s] running build
[2.942s] running build_py
[2.942s] copying board_pkg/serial_node.py -> /home/lanzer/robocup/basketball_ws/build/board_pkg/build/lib/board_pkg
[2.942s] running install
[2.943s] running install_lib
[2.945s] copying /home/lanzer/robocup/basketball_ws/build/board_pkg/build/lib/board_pkg/serial_node.py -> /home/lanzer/robocup/basketball_ws/install/board_pkg/lib/python3.10/site-packages/board_pkg
[2.947s] byte-compiling /home/lanzer/robocup/basketball_ws/install/board_pkg/lib/python3.10/site-packages/board_pkg/serial_node.py to serial_node.cpython-310.pyc
[2.949s] running install_data
[2.949s] running install_egg_info
[2.952s] removing '/home/lanzer/robocup/basketball_ws/install/board_pkg/lib/python3.10/site-packages/board_pkg-0.0.0-py3.10.egg-info' (and everything under it)
[2.953s] Copying ../../build/board_pkg/board_pkg.egg-info to /home/lanzer/robocup/basketball_ws/install/board_pkg/lib/python3.10/site-packages/board_pkg-0.0.0-py3.10.egg-info
[2.955s] running install_scripts
[2.995s] Installing serial_node script to /home/lanzer/robocup/basketball_ws/install/board_pkg/lib/board_pkg
[2.995s] writing list of installed files to '/home/lanzer/robocup/basketball_ws/build/board_pkg/install.log'
[3.053s] Invoked command in '/home/lanzer/robocup/basketball_ws/src/board_pkg' returned '0': CONDA_PROMPT_MODIFIER=(robot) PYTHONPATH=/home/lanzer/robocup/basketball_ws/build/board_pkg/prefix_override:/usr/lib/python3/dist-packages/colcon_core/task/python/colcon_distutils_commands:/home/lanzer/robocup/basketball_ws/install/board_pkg/lib/python3.10/site-packages:${PYTHONPATH} /usr/bin/python3 -W ignore:setup.py install is deprecated -W ignore:easy_install command is deprecated setup.py egg_info --egg-base ../../build/board_pkg build --build-base /home/lanzer/robocup/basketball_ws/build/board_pkg/build install --record /home/lanzer/robocup/basketball_ws/build/board_pkg/install.log --single-version-externally-managed install_data
