[1.252s] Invoking command in '/home/lanzer/robocup/basketball_ws/src/control_pkg': CONDA_PROMPT_MODIFIER=(robot) PYTHONPATH=/home/lanzer/robocup/basketball_ws/build/control_pkg/prefix_override:/usr/lib/python3/dist-packages/colcon_core/task/python/colcon_distutils_commands:/home/lanzer/robocup/basketball_ws/install/control_pkg/lib/python3.10/site-packages:${PYTHONPATH} /usr/bin/python3 -W ignore:setup.py install is deprecated -W ignore:easy_install command is deprecated setup.py egg_info --egg-base ../../build/control_pkg build --build-base /home/lanzer/robocup/basketball_ws/build/control_pkg/build install --record /home/lanzer/robocup/basketball_ws/build/control_pkg/install.log --single-version-externally-managed install_data
[1.445s] running egg_info
[1.446s] writing ../../build/control_pkg/control_pkg.egg-info/PKG-INFO
[1.446s] writing dependency_links to ../../build/control_pkg/control_pkg.egg-info/dependency_links.txt
[1.447s] writing entry points to ../../build/control_pkg/control_pkg.egg-info/entry_points.txt
[1.447s] writing requirements to ../../build/control_pkg/control_pkg.egg-info/requires.txt
[1.447s] writing top-level names to ../../build/control_pkg/control_pkg.egg-info/top_level.txt
[1.449s] reading manifest file '../../build/control_pkg/control_pkg.egg-info/SOURCES.txt'
[1.450s] adding license file 'LICENSE'
[1.450s] writing manifest file '../../build/control_pkg/control_pkg.egg-info/SOURCES.txt'
[1.450s] running build
[1.451s] running build_py
[1.451s] running install
[1.451s] running install_lib
[1.453s] running install_data
[1.453s] running install_egg_info
[1.455s] removing '/home/lanzer/robocup/basketball_ws/install/control_pkg/lib/python3.10/site-packages/control_pkg-0.0.0-py3.10.egg-info' (and everything under it)
[1.456s] Copying ../../build/control_pkg/control_pkg.egg-info to /home/lanzer/robocup/basketball_ws/install/control_pkg/lib/python3.10/site-packages/control_pkg-0.0.0-py3.10.egg-info
[1.459s] running install_scripts
[1.477s] Installing linear_control_node script to /home/lanzer/robocup/basketball_ws/install/control_pkg/lib/control_pkg
[1.478s] Installing position_control_node script to /home/lanzer/robocup/basketball_ws/install/control_pkg/lib/control_pkg
[1.478s] writing list of installed files to '/home/lanzer/robocup/basketball_ws/build/control_pkg/install.log'
[1.514s] Invoked command in '/home/lanzer/robocup/basketball_ws/src/control_pkg' returned '0': CONDA_PROMPT_MODIFIER=(robot) PYTHONPATH=/home/lanzer/robocup/basketball_ws/build/control_pkg/prefix_override:/usr/lib/python3/dist-packages/colcon_core/task/python/colcon_distutils_commands:/home/lanzer/robocup/basketball_ws/install/control_pkg/lib/python3.10/site-packages:${PYTHONPATH} /usr/bin/python3 -W ignore:setup.py install is deprecated -W ignore:easy_install command is deprecated setup.py egg_info --egg-base ../../build/control_pkg build --build-base /home/lanzer/robocup/basketball_ws/build/control_pkg/build install --record /home/lanzer/robocup/basketball_ws/build/control_pkg/install.log --single-version-externally-managed install_data
