[2.416s] Invoking command in '/home/lanzer/robocup/basketball_ws/src/board_pkg': CONDA_PROMPT_MODIFIER=(robot) PYTHONPATH=/home/lanzer/robocup/basketball_ws/build/board_pkg/prefix_override:/usr/lib/python3/dist-packages/colcon_core/task/python/colcon_distutils_commands:/home/lanzer/robocup/basketball_ws/install/board_pkg/lib/python3.10/site-packages:${PYTHONPATH} /usr/bin/python3 -W ignore:setup.py install is deprecated -W ignore:easy_install command is deprecated setup.py egg_info --egg-base ../../build/board_pkg build --build-base /home/lanzer/robocup/basketball_ws/build/board_pkg/build install --record /home/lanzer/robocup/basketball_ws/build/board_pkg/install.log --single-version-externally-managed install_data
[2.976s] running egg_info
[2.977s] writing ../../build/board_pkg/board_pkg.egg-info/PKG-INFO
[2.980s] writing dependency_links to ../../build/board_pkg/board_pkg.egg-info/dependency_links.txt
[2.980s] writing entry points to ../../build/board_pkg/board_pkg.egg-info/entry_points.txt
[2.980s] writing requirements to ../../build/board_pkg/board_pkg.egg-info/requires.txt
[2.980s] writing top-level names to ../../build/board_pkg/board_pkg.egg-info/top_level.txt
[2.982s] reading manifest file '../../build/board_pkg/board_pkg.egg-info/SOURCES.txt'
[2.983s] adding license file 'LICENSE'
[2.985s] writing manifest file '../../build/board_pkg/board_pkg.egg-info/SOURCES.txt'
[2.985s] running build
[2.986s] running build_py
[2.988s] copying board_pkg/serial_node.py -> /home/lanzer/robocup/basketball_ws/build/board_pkg/build/lib/board_pkg
[2.988s] running install
[2.988s] running install_lib
[2.989s] copying /home/lanzer/robocup/basketball_ws/build/board_pkg/build/lib/board_pkg/serial_node.py -> /home/lanzer/robocup/basketball_ws/install/board_pkg/lib/python3.10/site-packages/board_pkg
[2.991s] byte-compiling /home/lanzer/robocup/basketball_ws/install/board_pkg/lib/python3.10/site-packages/board_pkg/serial_node.py to serial_node.cpython-310.pyc
[2.994s] running install_data
[2.994s] running install_egg_info
[2.998s] removing '/home/lanzer/robocup/basketball_ws/install/board_pkg/lib/python3.10/site-packages/board_pkg-0.0.0-py3.10.egg-info' (and everything under it)
[2.999s] Copying ../../build/board_pkg/board_pkg.egg-info to /home/lanzer/robocup/basketball_ws/install/board_pkg/lib/python3.10/site-packages/board_pkg-0.0.0-py3.10.egg-info
[3.002s] running install_scripts
[3.046s] Installing serial_node script to /home/lanzer/robocup/basketball_ws/install/board_pkg/lib/board_pkg
[3.047s] writing list of installed files to '/home/lanzer/robocup/basketball_ws/build/board_pkg/install.log'
[3.137s] Invoked command in '/home/lanzer/robocup/basketball_ws/src/board_pkg' returned '0': CONDA_PROMPT_MODIFIER=(robot) PYTHONPATH=/home/lanzer/robocup/basketball_ws/build/board_pkg/prefix_override:/usr/lib/python3/dist-packages/colcon_core/task/python/colcon_distutils_commands:/home/lanzer/robocup/basketball_ws/install/board_pkg/lib/python3.10/site-packages:${PYTHONPATH} /usr/bin/python3 -W ignore:setup.py install is deprecated -W ignore:easy_install command is deprecated setup.py egg_info --egg-base ../../build/board_pkg build --build-base /home/lanzer/robocup/basketball_ws/build/board_pkg/build install --record /home/lanzer/robocup/basketball_ws/build/board_pkg/install.log --single-version-externally-managed install_data
