[0.257s] DEBUG:colcon:Command line arguments: ['/usr/bin/colcon', 'build']
[0.257s] DEBUG:colcon:Parsed command line arguments: Namespace(log_base=None, log_level=None, verb_name='build', build_base='build', install_base='install', merge_install=False, symlink_install=False, test_result_base=None, continue_on_error=False, executor='parallel', parallel_workers=16, event_handlers=None, ignore_user_meta=False, metas=['./colcon.meta'], base_paths=['.'], packages_ignore=None, packages_ignore_regex=None, paths=None, packages_up_to=None, packages_up_to_regex=None, packages_above=None, packages_above_and_dependencies=None, packages_above_depth=None, packages_select_by_dep=None, packages_skip_by_dep=None, packages_skip_up_to=None, packages_select_build_failed=False, packages_skip_build_finished=False, packages_select_test_failures=False, packages_skip_test_passed=False, packages_select=None, packages_skip=None, packages_select_regex=None, packages_skip_regex=None, packages_start=None, packages_end=None, allow_overriding=[], cmake_args=None, cmake_target=None, cmake_target_skip_unavailable=False, cmake_clean_cache=False, cmake_clean_first=False, cmake_force_configure=False, ament_cmake_args=None, catkin_cmake_args=None, catkin_skip_building_tests=False, verb_parser=<colcon_defaults.argument_parser.defaults.DefaultArgumentsDecorator object at 0x7f5d9c47bbb0>, verb_extension=<colcon_core.verb.build.BuildVerb object at 0x7f5d9c619630>, main=<bound method BuildVerb.main of <colcon_core.verb.build.BuildVerb object at 0x7f5d9c619630>>)
[0.646s] Level 1:colcon.colcon_core.package_discovery:discover_packages(colcon_meta) check parameters
[0.646s] Level 1:colcon.colcon_core.package_discovery:discover_packages(recursive) check parameters
[0.646s] Level 1:colcon.colcon_core.package_discovery:discover_packages(ignore) check parameters
[0.647s] Level 1:colcon.colcon_core.package_discovery:discover_packages(path) check parameters
[0.647s] Level 1:colcon.colcon_core.package_discovery:discover_packages(colcon_meta) discover
[0.647s] Level 1:colcon.colcon_core.package_discovery:discover_packages(recursive) discover
[0.647s] INFO:colcon.colcon_core.package_discovery:Crawling recursively for packages in '/home/lanzer/robocup/basketball_ws'
[0.647s] Level 1:colcon.colcon_core.package_identification:_identify(.) by extensions ['ignore', 'ignore_ament_install']
[0.647s] Level 1:colcon.colcon_core.package_identification:_identify(.) by extension 'ignore'
[0.647s] Level 1:colcon.colcon_core.package_identification:_identify(.) by extension 'ignore_ament_install'
[0.647s] Level 1:colcon.colcon_core.package_identification:_identify(.) by extensions ['colcon_pkg']
[0.647s] Level 1:colcon.colcon_core.package_identification:_identify(.) by extension 'colcon_pkg'
[0.647s] Level 1:colcon.colcon_core.package_identification:_identify(.) by extensions ['colcon_meta']
[0.647s] Level 1:colcon.colcon_core.package_identification:_identify(.) by extension 'colcon_meta'
[0.648s] Level 1:colcon.colcon_core.package_identification:_identify(.) by extensions ['ros']
[0.648s] Level 1:colcon.colcon_core.package_identification:_identify(.) by extension 'ros'
[0.668s] Level 1:colcon.colcon_core.package_identification:_identify(.) by extensions ['cmake', 'python']
[0.669s] Level 1:colcon.colcon_core.package_identification:_identify(.) by extension 'cmake'
[0.669s] Level 1:colcon.colcon_core.package_identification:_identify(.) by extension 'python'
[0.669s] Level 1:colcon.colcon_core.package_identification:_identify(.) by extensions ['python_setup_py']
[0.669s] Level 1:colcon.colcon_core.package_identification:_identify(.) by extension 'python_setup_py'
[0.669s] Level 1:colcon.colcon_core.package_identification:_identify(build) by extensions ['ignore', 'ignore_ament_install']
[0.669s] Level 1:colcon.colcon_core.package_identification:_identify(build) by extension 'ignore'
[0.669s] Level 1:colcon.colcon_core.package_identification:_identify(build) ignored
[0.670s] Level 1:colcon.colcon_core.package_identification:_identify(install) by extensions ['ignore', 'ignore_ament_install']
[0.670s] Level 1:colcon.colcon_core.package_identification:_identify(install) by extension 'ignore'
[0.670s] Level 1:colcon.colcon_core.package_identification:_identify(install) ignored
[0.670s] Level 1:colcon.colcon_core.package_identification:_identify(log) by extensions ['ignore', 'ignore_ament_install']
[0.671s] Level 1:colcon.colcon_core.package_identification:_identify(log) by extension 'ignore'
[0.671s] Level 1:colcon.colcon_core.package_identification:_identify(log) ignored
[0.671s] Level 1:colcon.colcon_core.package_identification:_identify(src) by extensions ['ignore', 'ignore_ament_install']
[0.672s] Level 1:colcon.colcon_core.package_identification:_identify(src) by extension 'ignore'
[0.672s] Level 1:colcon.colcon_core.package_identification:_identify(src) by extension 'ignore_ament_install'
[0.673s] Level 1:colcon.colcon_core.package_identification:_identify(src) by extensions ['colcon_pkg']
[0.673s] Level 1:colcon.colcon_core.package_identification:_identify(src) by extension 'colcon_pkg'
[0.673s] Level 1:colcon.colcon_core.package_identification:_identify(src) by extensions ['colcon_meta']
[0.673s] Level 1:colcon.colcon_core.package_identification:_identify(src) by extension 'colcon_meta'
[0.673s] Level 1:colcon.colcon_core.package_identification:_identify(src) by extensions ['ros']
[0.673s] Level 1:colcon.colcon_core.package_identification:_identify(src) by extension 'ros'
[0.673s] Level 1:colcon.colcon_core.package_identification:_identify(src) by extensions ['cmake', 'python']
[0.673s] Level 1:colcon.colcon_core.package_identification:_identify(src) by extension 'cmake'
[0.674s] Level 1:colcon.colcon_core.package_identification:_identify(src) by extension 'python'
[0.674s] Level 1:colcon.colcon_core.package_identification:_identify(src) by extensions ['python_setup_py']
[0.674s] Level 1:colcon.colcon_core.package_identification:_identify(src) by extension 'python_setup_py'
[0.674s] Level 1:colcon.colcon_core.package_identification:_identify(src/board_pkg) by extensions ['ignore', 'ignore_ament_install']
[0.674s] Level 1:colcon.colcon_core.package_identification:_identify(src/board_pkg) by extension 'ignore'
[0.674s] Level 1:colcon.colcon_core.package_identification:_identify(src/board_pkg) by extension 'ignore_ament_install'
[0.674s] Level 1:colcon.colcon_core.package_identification:_identify(src/board_pkg) by extensions ['colcon_pkg']
[0.674s] Level 1:colcon.colcon_core.package_identification:_identify(src/board_pkg) by extension 'colcon_pkg'
[0.674s] Level 1:colcon.colcon_core.package_identification:_identify(src/board_pkg) by extensions ['colcon_meta']
[0.674s] Level 1:colcon.colcon_core.package_identification:_identify(src/board_pkg) by extension 'colcon_meta'
[0.674s] Level 1:colcon.colcon_core.package_identification:_identify(src/board_pkg) by extensions ['ros']
[0.675s] Level 1:colcon.colcon_core.package_identification:_identify(src/board_pkg) by extension 'ros'
[0.679s] DEBUG:colcon.colcon_core.package_identification:Package 'src/board_pkg' with type 'ros.ament_python' and name 'board_pkg'
[0.679s] Level 1:colcon.colcon_core.package_identification:_identify(src/control_pkg) by extensions ['ignore', 'ignore_ament_install']
[0.679s] Level 1:colcon.colcon_core.package_identification:_identify(src/control_pkg) by extension 'ignore'
[0.679s] Level 1:colcon.colcon_core.package_identification:_identify(src/control_pkg) by extension 'ignore_ament_install'
[0.679s] Level 1:colcon.colcon_core.package_identification:_identify(src/control_pkg) by extensions ['colcon_pkg']
[0.679s] Level 1:colcon.colcon_core.package_identification:_identify(src/control_pkg) by extension 'colcon_pkg'
[0.680s] Level 1:colcon.colcon_core.package_identification:_identify(src/control_pkg) by extensions ['colcon_meta']
[0.680s] Level 1:colcon.colcon_core.package_identification:_identify(src/control_pkg) by extension 'colcon_meta'
[0.680s] Level 1:colcon.colcon_core.package_identification:_identify(src/control_pkg) by extensions ['ros']
[0.680s] Level 1:colcon.colcon_core.package_identification:_identify(src/control_pkg) by extension 'ros'
[0.681s] DEBUG:colcon.colcon_core.package_identification:Package 'src/control_pkg' with type 'ros.ament_python' and name 'control_pkg'
[0.681s] Level 1:colcon.colcon_core.package_identification:_identify(src/sensor_pkg) by extensions ['ignore', 'ignore_ament_install']
[0.681s] Level 1:colcon.colcon_core.package_identification:_identify(src/sensor_pkg) by extension 'ignore'
[0.681s] Level 1:colcon.colcon_core.package_identification:_identify(src/sensor_pkg) by extension 'ignore_ament_install'
[0.681s] Level 1:colcon.colcon_core.package_identification:_identify(src/sensor_pkg) by extensions ['colcon_pkg']
[0.681s] Level 1:colcon.colcon_core.package_identification:_identify(src/sensor_pkg) by extension 'colcon_pkg'
[0.681s] Level 1:colcon.colcon_core.package_identification:_identify(src/sensor_pkg) by extensions ['colcon_meta']
[0.681s] Level 1:colcon.colcon_core.package_identification:_identify(src/sensor_pkg) by extension 'colcon_meta'
[0.682s] Level 1:colcon.colcon_core.package_identification:_identify(src/sensor_pkg) by extensions ['ros']
[0.682s] Level 1:colcon.colcon_core.package_identification:_identify(src/sensor_pkg) by extension 'ros'
[0.683s] DEBUG:colcon.colcon_core.package_identification:Package 'src/sensor_pkg' with type 'ros.ament_python' and name 'sensor_pkg'
[0.683s] Level 1:colcon.colcon_core.package_discovery:discover_packages(recursive) using defaults
[0.683s] Level 1:colcon.colcon_core.package_discovery:discover_packages(ignore) discover
[0.683s] Level 1:colcon.colcon_core.package_discovery:discover_packages(ignore) using defaults
[0.683s] Level 1:colcon.colcon_core.package_discovery:discover_packages(path) discover
[0.683s] Level 1:colcon.colcon_core.package_discovery:discover_packages(path) using defaults
[0.717s] Level 1:colcon.colcon_core.package_discovery:discover_packages(prefix_path) check parameters
[0.717s] Level 1:colcon.colcon_core.package_discovery:discover_packages(prefix_path) discover
[0.721s] DEBUG:colcon.colcon_installed_package_information.package_discovery:Found 3 installed packages in /home/lanzer/robocup/basketball_ws/install
[0.724s] DEBUG:colcon.colcon_installed_package_information.package_discovery:Found 270 installed packages in /opt/ros/humble
[0.739s] Level 1:colcon.colcon_core.package_discovery:discover_packages(prefix_path) using defaults
[0.808s] Level 5:colcon.colcon_core.verb:set package 'board_pkg' build argument 'cmake_args' from command line to 'None'
[0.808s] Level 5:colcon.colcon_core.verb:set package 'board_pkg' build argument 'cmake_target' from command line to 'None'
[0.808s] Level 5:colcon.colcon_core.verb:set package 'board_pkg' build argument 'cmake_target_skip_unavailable' from command line to 'False'
[0.808s] Level 5:colcon.colcon_core.verb:set package 'board_pkg' build argument 'cmake_clean_cache' from command line to 'False'
[0.808s] Level 5:colcon.colcon_core.verb:set package 'board_pkg' build argument 'cmake_clean_first' from command line to 'False'
[0.808s] Level 5:colcon.colcon_core.verb:set package 'board_pkg' build argument 'cmake_force_configure' from command line to 'False'
[0.808s] Level 5:colcon.colcon_core.verb:set package 'board_pkg' build argument 'ament_cmake_args' from command line to 'None'
[0.808s] Level 5:colcon.colcon_core.verb:set package 'board_pkg' build argument 'catkin_cmake_args' from command line to 'None'
[0.808s] Level 5:colcon.colcon_core.verb:set package 'board_pkg' build argument 'catkin_skip_building_tests' from command line to 'False'
[0.809s] DEBUG:colcon.colcon_core.verb:Building package 'board_pkg' with the following arguments: {'ament_cmake_args': None, 'build_base': '/home/lanzer/robocup/basketball_ws/build/board_pkg', 'catkin_cmake_args': None, 'catkin_skip_building_tests': False, 'cmake_args': None, 'cmake_clean_cache': False, 'cmake_clean_first': False, 'cmake_force_configure': False, 'cmake_target': None, 'cmake_target_skip_unavailable': False, 'install_base': '/home/lanzer/robocup/basketball_ws/install/board_pkg', 'merge_install': False, 'path': '/home/lanzer/robocup/basketball_ws/src/board_pkg', 'symlink_install': False, 'test_result_base': None}
[0.809s] Level 5:colcon.colcon_core.verb:set package 'control_pkg' build argument 'cmake_args' from command line to 'None'
[0.809s] Level 5:colcon.colcon_core.verb:set package 'control_pkg' build argument 'cmake_target' from command line to 'None'
[0.809s] Level 5:colcon.colcon_core.verb:set package 'control_pkg' build argument 'cmake_target_skip_unavailable' from command line to 'False'
[0.809s] Level 5:colcon.colcon_core.verb:set package 'control_pkg' build argument 'cmake_clean_cache' from command line to 'False'
[0.810s] Level 5:colcon.colcon_core.verb:set package 'control_pkg' build argument 'cmake_clean_first' from command line to 'False'
[0.810s] Level 5:colcon.colcon_core.verb:set package 'control_pkg' build argument 'cmake_force_configure' from command line to 'False'
[0.810s] Level 5:colcon.colcon_core.verb:set package 'control_pkg' build argument 'ament_cmake_args' from command line to 'None'
[0.810s] Level 5:colcon.colcon_core.verb:set package 'control_pkg' build argument 'catkin_cmake_args' from command line to 'None'
[0.810s] Level 5:colcon.colcon_core.verb:set package 'control_pkg' build argument 'catkin_skip_building_tests' from command line to 'False'
[0.810s] DEBUG:colcon.colcon_core.verb:Building package 'control_pkg' with the following arguments: {'ament_cmake_args': None, 'build_base': '/home/lanzer/robocup/basketball_ws/build/control_pkg', 'catkin_cmake_args': None, 'catkin_skip_building_tests': False, 'cmake_args': None, 'cmake_clean_cache': False, 'cmake_clean_first': False, 'cmake_force_configure': False, 'cmake_target': None, 'cmake_target_skip_unavailable': False, 'install_base': '/home/lanzer/robocup/basketball_ws/install/control_pkg', 'merge_install': False, 'path': '/home/lanzer/robocup/basketball_ws/src/control_pkg', 'symlink_install': False, 'test_result_base': None}
[0.811s] Level 5:colcon.colcon_core.verb:set package 'sensor_pkg' build argument 'cmake_args' from command line to 'None'
[0.811s] Level 5:colcon.colcon_core.verb:set package 'sensor_pkg' build argument 'cmake_target' from command line to 'None'
[0.811s] Level 5:colcon.colcon_core.verb:set package 'sensor_pkg' build argument 'cmake_target_skip_unavailable' from command line to 'False'
[0.811s] Level 5:colcon.colcon_core.verb:set package 'sensor_pkg' build argument 'cmake_clean_cache' from command line to 'False'
[0.811s] Level 5:colcon.colcon_core.verb:set package 'sensor_pkg' build argument 'cmake_clean_first' from command line to 'False'
[0.811s] Level 5:colcon.colcon_core.verb:set package 'sensor_pkg' build argument 'cmake_force_configure' from command line to 'False'
[0.811s] Level 5:colcon.colcon_core.verb:set package 'sensor_pkg' build argument 'ament_cmake_args' from command line to 'None'
[0.811s] Level 5:colcon.colcon_core.verb:set package 'sensor_pkg' build argument 'catkin_cmake_args' from command line to 'None'
[0.811s] Level 5:colcon.colcon_core.verb:set package 'sensor_pkg' build argument 'catkin_skip_building_tests' from command line to 'False'
[0.811s] DEBUG:colcon.colcon_core.verb:Building package 'sensor_pkg' with the following arguments: {'ament_cmake_args': None, 'build_base': '/home/lanzer/robocup/basketball_ws/build/sensor_pkg', 'catkin_cmake_args': None, 'catkin_skip_building_tests': False, 'cmake_args': None, 'cmake_clean_cache': False, 'cmake_clean_first': False, 'cmake_force_configure': False, 'cmake_target': None, 'cmake_target_skip_unavailable': False, 'install_base': '/home/lanzer/robocup/basketball_ws/install/sensor_pkg', 'merge_install': False, 'path': '/home/lanzer/robocup/basketball_ws/src/sensor_pkg', 'symlink_install': False, 'test_result_base': None}
[0.811s] INFO:colcon.colcon_core.executor:Executing jobs using 'parallel' executor
[0.813s] DEBUG:colcon.colcon_parallel_executor.executor.parallel:run_until_complete
[0.814s] INFO:colcon.colcon_ros.task.ament_python.build:Building ROS package in '/home/lanzer/robocup/basketball_ws/src/board_pkg' with build type 'ament_python'
[0.814s] Level 1:colcon.colcon_core.shell:create_environment_hook('board_pkg', 'ament_prefix_path')
[0.820s] INFO:colcon.colcon_core.plugin_system:Skipping extension 'colcon_core.shell.bat': Not used on non-Windows systems
[0.820s] INFO:colcon.colcon_core.shell:Creating environment hook '/home/lanzer/robocup/basketball_ws/install/board_pkg/share/board_pkg/hook/ament_prefix_path.ps1'
[0.821s] INFO:colcon.colcon_core.shell:Creating environment descriptor '/home/lanzer/robocup/basketball_ws/install/board_pkg/share/board_pkg/hook/ament_prefix_path.dsv'
[0.824s] INFO:colcon.colcon_core.shell:Creating environment hook '/home/lanzer/robocup/basketball_ws/install/board_pkg/share/board_pkg/hook/ament_prefix_path.sh'
[0.827s] INFO:colcon.colcon_core.shell:Skip shell extension 'powershell' for command environment: Not usable outside of PowerShell
[0.827s] DEBUG:colcon.colcon_core.shell:Skip shell extension 'dsv' for command environment
[0.837s] INFO:colcon.colcon_ros.task.ament_python.build:Building ROS package in '/home/lanzer/robocup/basketball_ws/src/control_pkg' with build type 'ament_python'
[0.837s] Level 1:colcon.colcon_core.shell:create_environment_hook('control_pkg', 'ament_prefix_path')
[0.838s] INFO:colcon.colcon_core.shell:Creating environment hook '/home/lanzer/robocup/basketball_ws/install/control_pkg/share/control_pkg/hook/ament_prefix_path.ps1'
[0.839s] INFO:colcon.colcon_core.shell:Creating environment descriptor '/home/lanzer/robocup/basketball_ws/install/control_pkg/share/control_pkg/hook/ament_prefix_path.dsv'
[0.841s] INFO:colcon.colcon_core.shell:Creating environment hook '/home/lanzer/robocup/basketball_ws/install/control_pkg/share/control_pkg/hook/ament_prefix_path.sh'
[0.842s] INFO:colcon.colcon_core.shell:Skip shell extension 'powershell' for command environment: Not usable outside of PowerShell
[0.842s] DEBUG:colcon.colcon_core.shell:Skip shell extension 'dsv' for command environment
[0.850s] INFO:colcon.colcon_ros.task.ament_python.build:Building ROS package in '/home/lanzer/robocup/basketball_ws/src/sensor_pkg' with build type 'ament_python'
[0.850s] Level 1:colcon.colcon_core.shell:create_environment_hook('sensor_pkg', 'ament_prefix_path')
[0.851s] INFO:colcon.colcon_core.shell:Creating environment hook '/home/lanzer/robocup/basketball_ws/install/sensor_pkg/share/sensor_pkg/hook/ament_prefix_path.ps1'
[0.853s] INFO:colcon.colcon_core.shell:Creating environment descriptor '/home/lanzer/robocup/basketball_ws/install/sensor_pkg/share/sensor_pkg/hook/ament_prefix_path.dsv'
[0.854s] INFO:colcon.colcon_core.shell:Creating environment hook '/home/lanzer/robocup/basketball_ws/install/sensor_pkg/share/sensor_pkg/hook/ament_prefix_path.sh'
[0.855s] INFO:colcon.colcon_core.shell:Skip shell extension 'powershell' for command environment: Not usable outside of PowerShell
[0.856s] DEBUG:colcon.colcon_core.shell:Skip shell extension 'dsv' for command environment
[1.358s] INFO:colcon.colcon_core.task.python.build:Building Python package in '/home/lanzer/robocup/basketball_ws/src/board_pkg'
[1.359s] INFO:colcon.colcon_core.shell:Skip shell extension 'powershell' for command environment: Not usable outside of PowerShell
[1.359s] DEBUG:colcon.colcon_core.shell:Skip shell extension 'dsv' for command environment
[1.963s] INFO:colcon.colcon_core.task.python.build:Building Python package in '/home/lanzer/robocup/basketball_ws/src/control_pkg'
[1.964s] INFO:colcon.colcon_core.shell:Skip shell extension 'powershell' for command environment: Not usable outside of PowerShell
[1.964s] DEBUG:colcon.colcon_core.shell:Skip shell extension 'dsv' for command environment
[2.473s] INFO:colcon.colcon_core.task.python.build:Building Python package in '/home/lanzer/robocup/basketball_ws/src/sensor_pkg'
[2.473s] INFO:colcon.colcon_core.shell:Skip shell extension 'powershell' for command environment: Not usable outside of PowerShell
[2.474s] DEBUG:colcon.colcon_core.shell:Skip shell extension 'dsv' for command environment
[3.301s] DEBUG:colcon.colcon_core.event_handler.log_command:Invoking command in '/home/lanzer/robocup/basketball_ws/src/board_pkg': CONDA_PROMPT_MODIFIER=(robot) PYTHONPATH=/home/lanzer/robocup/basketball_ws/build/board_pkg/prefix_override:/usr/lib/python3/dist-packages/colcon_core/task/python/colcon_distutils_commands:/home/lanzer/robocup/basketball_ws/install/board_pkg/lib/python3.10/site-packages:${PYTHONPATH} /usr/bin/python3 -W ignore:setup.py install is deprecated -W ignore:easy_install command is deprecated setup.py egg_info --egg-base ../../build/board_pkg build --build-base /home/lanzer/robocup/basketball_ws/build/board_pkg/build install --record /home/lanzer/robocup/basketball_ws/build/board_pkg/install.log --single-version-externally-managed install_data
[3.310s] DEBUG:colcon.colcon_core.event_handler.log_command:Invoking command in '/home/lanzer/robocup/basketball_ws/src/control_pkg': CONDA_PROMPT_MODIFIER=(robot) PYTHONPATH=/home/lanzer/robocup/basketball_ws/build/control_pkg/prefix_override:/usr/lib/python3/dist-packages/colcon_core/task/python/colcon_distutils_commands:/home/lanzer/robocup/basketball_ws/install/control_pkg/lib/python3.10/site-packages:${PYTHONPATH} /usr/bin/python3 -W ignore:setup.py install is deprecated -W ignore:easy_install command is deprecated setup.py egg_info --egg-base ../../build/control_pkg build --build-base /home/lanzer/robocup/basketball_ws/build/control_pkg/build install --record /home/lanzer/robocup/basketball_ws/build/control_pkg/install.log --single-version-externally-managed install_data
[3.313s] DEBUG:colcon.colcon_core.event_handler.log_command:Invoking command in '/home/lanzer/robocup/basketball_ws/src/sensor_pkg': CONDA_PROMPT_MODIFIER=(robot) PYTHONPATH=/home/lanzer/robocup/basketball_ws/build/sensor_pkg/prefix_override:/usr/lib/python3/dist-packages/colcon_core/task/python/colcon_distutils_commands:/home/lanzer/robocup/basketball_ws/install/sensor_pkg/lib/python3.10/site-packages:${PYTHONPATH} /usr/bin/python3 -W ignore:setup.py install is deprecated -W ignore:easy_install command is deprecated setup.py egg_info --egg-base ../../build/sensor_pkg build --build-base /home/lanzer/robocup/basketball_ws/build/sensor_pkg/build install --record /home/lanzer/robocup/basketball_ws/build/sensor_pkg/install.log --single-version-externally-managed install_data
[3.906s] DEBUG:colcon.colcon_core.event_handler.log_command:Invoked command in '/home/lanzer/robocup/basketball_ws/src/sensor_pkg' returned '0': CONDA_PROMPT_MODIFIER=(robot) PYTHONPATH=/home/lanzer/robocup/basketball_ws/build/sensor_pkg/prefix_override:/usr/lib/python3/dist-packages/colcon_core/task/python/colcon_distutils_commands:/home/lanzer/robocup/basketball_ws/install/sensor_pkg/lib/python3.10/site-packages:${PYTHONPATH} /usr/bin/python3 -W ignore:setup.py install is deprecated -W ignore:easy_install command is deprecated setup.py egg_info --egg-base ../../build/sensor_pkg build --build-base /home/lanzer/robocup/basketball_ws/build/sensor_pkg/build install --record /home/lanzer/robocup/basketball_ws/build/sensor_pkg/install.log --single-version-externally-managed install_data
[3.909s] Level 1:colcon.colcon_core.environment:checking '/home/lanzer/robocup/basketball_ws/install/sensor_pkg' for CMake module files
[3.911s] Level 1:colcon.colcon_core.environment:checking '/home/lanzer/robocup/basketball_ws/install/sensor_pkg' for CMake config files
[3.912s] Level 1:colcon.colcon_core.environment:checking '/home/lanzer/robocup/basketball_ws/install/sensor_pkg/lib'
[3.912s] Level 1:colcon.colcon_core.environment:checking '/home/lanzer/robocup/basketball_ws/install/sensor_pkg/bin'
[3.913s] Level 1:colcon.colcon_core.environment:checking '/home/lanzer/robocup/basketball_ws/install/sensor_pkg/lib/pkgconfig/sensor_pkg.pc'
[3.913s] Level 1:colcon.colcon_core.environment:checking '/home/lanzer/robocup/basketball_ws/install/sensor_pkg/lib/python3.10/site-packages'
[3.913s] Level 1:colcon.colcon_core.shell:create_environment_hook('sensor_pkg', 'pythonpath')
[3.914s] INFO:colcon.colcon_core.shell:Creating environment hook '/home/lanzer/robocup/basketball_ws/install/sensor_pkg/share/sensor_pkg/hook/pythonpath.ps1'
[3.915s] INFO:colcon.colcon_core.shell:Creating environment descriptor '/home/lanzer/robocup/basketball_ws/install/sensor_pkg/share/sensor_pkg/hook/pythonpath.dsv'
[3.916s] INFO:colcon.colcon_core.shell:Creating environment hook '/home/lanzer/robocup/basketball_ws/install/sensor_pkg/share/sensor_pkg/hook/pythonpath.sh'
[3.917s] Level 1:colcon.colcon_core.environment:checking '/home/lanzer/robocup/basketball_ws/install/sensor_pkg/bin'
[3.917s] Level 1:colcon.colcon_core.environment:create_environment_scripts_only(sensor_pkg)
[3.918s] INFO:colcon.colcon_core.shell:Creating package script '/home/lanzer/robocup/basketball_ws/install/sensor_pkg/share/sensor_pkg/package.ps1'
[3.920s] INFO:colcon.colcon_core.shell:Creating package descriptor '/home/lanzer/robocup/basketball_ws/install/sensor_pkg/share/sensor_pkg/package.dsv'
[3.921s] INFO:colcon.colcon_core.shell:Creating package script '/home/lanzer/robocup/basketball_ws/install/sensor_pkg/share/sensor_pkg/package.sh'
[3.923s] INFO:colcon.colcon_core.shell:Creating package script '/home/lanzer/robocup/basketball_ws/install/sensor_pkg/share/sensor_pkg/package.bash'
[3.925s] INFO:colcon.colcon_core.shell:Creating package script '/home/lanzer/robocup/basketball_ws/install/sensor_pkg/share/sensor_pkg/package.zsh'
[3.927s] Level 1:colcon.colcon_core.environment:create_file_with_runtime_dependencies(/home/lanzer/robocup/basketball_ws/install/sensor_pkg/share/colcon-core/packages/sensor_pkg)
[3.931s] Level 1:colcon.colcon_core.environment:checking '/home/lanzer/robocup/basketball_ws/install/board_pkg' for CMake module files
[3.932s] DEBUG:colcon.colcon_core.event_handler.log_command:Invoked command in '/home/lanzer/robocup/basketball_ws/src/board_pkg' returned '0': CONDA_PROMPT_MODIFIER=(robot) PYTHONPATH=/home/lanzer/robocup/basketball_ws/build/board_pkg/prefix_override:/usr/lib/python3/dist-packages/colcon_core/task/python/colcon_distutils_commands:/home/lanzer/robocup/basketball_ws/install/board_pkg/lib/python3.10/site-packages:${PYTHONPATH} /usr/bin/python3 -W ignore:setup.py install is deprecated -W ignore:easy_install command is deprecated setup.py egg_info --egg-base ../../build/board_pkg build --build-base /home/lanzer/robocup/basketball_ws/build/board_pkg/build install --record /home/lanzer/robocup/basketball_ws/build/board_pkg/install.log --single-version-externally-managed install_data
[3.933s] Level 1:colcon.colcon_core.environment:checking '/home/lanzer/robocup/basketball_ws/install/board_pkg' for CMake config files
[3.934s] Level 1:colcon.colcon_core.environment:checking '/home/lanzer/robocup/basketball_ws/install/board_pkg/lib'
[3.934s] Level 1:colcon.colcon_core.environment:checking '/home/lanzer/robocup/basketball_ws/install/board_pkg/bin'
[3.935s] Level 1:colcon.colcon_core.environment:checking '/home/lanzer/robocup/basketball_ws/install/board_pkg/lib/pkgconfig/board_pkg.pc'
[3.935s] Level 1:colcon.colcon_core.environment:checking '/home/lanzer/robocup/basketball_ws/install/board_pkg/lib/python3.10/site-packages'
[3.935s] Level 1:colcon.colcon_core.shell:create_environment_hook('board_pkg', 'pythonpath')
[3.936s] INFO:colcon.colcon_core.shell:Creating environment hook '/home/lanzer/robocup/basketball_ws/install/board_pkg/share/board_pkg/hook/pythonpath.ps1'
[3.936s] INFO:colcon.colcon_core.shell:Creating environment descriptor '/home/lanzer/robocup/basketball_ws/install/board_pkg/share/board_pkg/hook/pythonpath.dsv'
[3.937s] INFO:colcon.colcon_core.shell:Creating environment hook '/home/lanzer/robocup/basketball_ws/install/board_pkg/share/board_pkg/hook/pythonpath.sh'
[3.939s] Level 1:colcon.colcon_core.environment:checking '/home/lanzer/robocup/basketball_ws/install/board_pkg/bin'
[3.939s] Level 1:colcon.colcon_core.environment:create_environment_scripts_only(board_pkg)
[3.939s] INFO:colcon.colcon_core.shell:Creating package script '/home/lanzer/robocup/basketball_ws/install/board_pkg/share/board_pkg/package.ps1'
[3.941s] INFO:colcon.colcon_core.shell:Creating package descriptor '/home/lanzer/robocup/basketball_ws/install/board_pkg/share/board_pkg/package.dsv'
[3.942s] INFO:colcon.colcon_core.shell:Creating package script '/home/lanzer/robocup/basketball_ws/install/board_pkg/share/board_pkg/package.sh'
[3.944s] INFO:colcon.colcon_core.shell:Creating package script '/home/lanzer/robocup/basketball_ws/install/board_pkg/share/board_pkg/package.bash'
[3.944s] INFO:colcon.colcon_core.shell:Creating package script '/home/lanzer/robocup/basketball_ws/install/board_pkg/share/board_pkg/package.zsh'
[3.945s] Level 1:colcon.colcon_core.environment:create_file_with_runtime_dependencies(/home/lanzer/robocup/basketball_ws/install/board_pkg/share/colcon-core/packages/board_pkg)
[3.949s] Level 1:colcon.colcon_core.environment:checking '/home/lanzer/robocup/basketball_ws/install/control_pkg' for CMake module files
[3.951s] DEBUG:colcon.colcon_core.event_handler.log_command:Invoked command in '/home/lanzer/robocup/basketball_ws/src/control_pkg' returned '0': CONDA_PROMPT_MODIFIER=(robot) PYTHONPATH=/home/lanzer/robocup/basketball_ws/build/control_pkg/prefix_override:/usr/lib/python3/dist-packages/colcon_core/task/python/colcon_distutils_commands:/home/lanzer/robocup/basketball_ws/install/control_pkg/lib/python3.10/site-packages:${PYTHONPATH} /usr/bin/python3 -W ignore:setup.py install is deprecated -W ignore:easy_install command is deprecated setup.py egg_info --egg-base ../../build/control_pkg build --build-base /home/lanzer/robocup/basketball_ws/build/control_pkg/build install --record /home/lanzer/robocup/basketball_ws/build/control_pkg/install.log --single-version-externally-managed install_data
[3.951s] Level 1:colcon.colcon_core.environment:checking '/home/lanzer/robocup/basketball_ws/install/control_pkg' for CMake config files
[3.952s] Level 1:colcon.colcon_core.environment:checking '/home/lanzer/robocup/basketball_ws/install/control_pkg/lib'
[3.952s] Level 1:colcon.colcon_core.environment:checking '/home/lanzer/robocup/basketball_ws/install/control_pkg/bin'
[3.952s] Level 1:colcon.colcon_core.environment:checking '/home/lanzer/robocup/basketball_ws/install/control_pkg/lib/pkgconfig/control_pkg.pc'
[3.953s] Level 1:colcon.colcon_core.environment:checking '/home/lanzer/robocup/basketball_ws/install/control_pkg/lib/python3.10/site-packages'
[3.953s] Level 1:colcon.colcon_core.shell:create_environment_hook('control_pkg', 'pythonpath')
[3.953s] INFO:colcon.colcon_core.shell:Creating environment hook '/home/lanzer/robocup/basketball_ws/install/control_pkg/share/control_pkg/hook/pythonpath.ps1'
[3.954s] INFO:colcon.colcon_core.shell:Creating environment descriptor '/home/lanzer/robocup/basketball_ws/install/control_pkg/share/control_pkg/hook/pythonpath.dsv'
[3.955s] INFO:colcon.colcon_core.shell:Creating environment hook '/home/lanzer/robocup/basketball_ws/install/control_pkg/share/control_pkg/hook/pythonpath.sh'
[3.956s] Level 1:colcon.colcon_core.environment:checking '/home/lanzer/robocup/basketball_ws/install/control_pkg/bin'
[3.956s] Level 1:colcon.colcon_core.environment:create_environment_scripts_only(control_pkg)
[3.957s] INFO:colcon.colcon_core.shell:Creating package script '/home/lanzer/robocup/basketball_ws/install/control_pkg/share/control_pkg/package.ps1'
[3.958s] INFO:colcon.colcon_core.shell:Creating package descriptor '/home/lanzer/robocup/basketball_ws/install/control_pkg/share/control_pkg/package.dsv'
[3.959s] INFO:colcon.colcon_core.shell:Creating package script '/home/lanzer/robocup/basketball_ws/install/control_pkg/share/control_pkg/package.sh'
[3.960s] INFO:colcon.colcon_core.shell:Creating package script '/home/lanzer/robocup/basketball_ws/install/control_pkg/share/control_pkg/package.bash'
[3.962s] INFO:colcon.colcon_core.shell:Creating package script '/home/lanzer/robocup/basketball_ws/install/control_pkg/share/control_pkg/package.zsh'
[3.963s] Level 1:colcon.colcon_core.environment:create_file_with_runtime_dependencies(/home/lanzer/robocup/basketball_ws/install/control_pkg/share/colcon-core/packages/control_pkg)
[3.963s] DEBUG:colcon.colcon_parallel_executor.executor.parallel:closing loop
[3.964s] DEBUG:colcon.colcon_parallel_executor.executor.parallel:loop closed
[3.964s] DEBUG:colcon.colcon_parallel_executor.executor.parallel:run_until_complete finished with '0'
[3.965s] DEBUG:colcon.colcon_core.event_reactor:joining thread
[3.976s] INFO:colcon.colcon_core.plugin_system:Skipping extension 'colcon_notification.desktop_notification.notify_send': Could not find 'notify-send'
[3.976s] INFO:colcon.colcon_core.plugin_system:Skipping extension 'colcon_notification.desktop_notification.terminal_notifier': Not used on non-Darwin systems
[3.976s] INFO:colcon.colcon_core.plugin_system:Skipping extension 'colcon_notification.desktop_notification.win32': Not used on non-Windows systems
[3.977s] INFO:colcon.colcon_notification.desktop_notification:Sending desktop notification using 'notify2'
[3.979s] DEBUG:colcon.colcon_notification.desktop_notification.notify2:Failed to initialize notify2: org.freedesktop.DBus.Error.ServiceUnknown: The name org.freedesktop.Notifications was not provided by any .service files
[3.979s] DEBUG:colcon.colcon_core.event_reactor:joined thread
[3.979s] INFO:colcon.colcon_core.shell:Creating prefix script '/home/lanzer/robocup/basketball_ws/install/local_setup.ps1'
[3.981s] INFO:colcon.colcon_core.shell:Creating prefix util module '/home/lanzer/robocup/basketball_ws/install/_local_setup_util_ps1.py'
[3.984s] INFO:colcon.colcon_core.shell:Creating prefix chain script '/home/lanzer/robocup/basketball_ws/install/setup.ps1'
[3.987s] INFO:colcon.colcon_core.shell:Creating prefix script '/home/lanzer/robocup/basketball_ws/install/local_setup.sh'
[3.988s] INFO:colcon.colcon_core.shell:Creating prefix util module '/home/lanzer/robocup/basketball_ws/install/_local_setup_util_sh.py'
[3.990s] INFO:colcon.colcon_core.shell:Creating prefix chain script '/home/lanzer/robocup/basketball_ws/install/setup.sh'
[3.992s] INFO:colcon.colcon_core.shell:Creating prefix script '/home/lanzer/robocup/basketball_ws/install/local_setup.bash'
[3.993s] INFO:colcon.colcon_core.shell:Creating prefix chain script '/home/lanzer/robocup/basketball_ws/install/setup.bash'
[3.994s] INFO:colcon.colcon_core.shell:Creating prefix script '/home/lanzer/robocup/basketball_ws/install/local_setup.zsh'
[3.996s] INFO:colcon.colcon_core.shell:Creating prefix chain script '/home/lanzer/robocup/basketball_ws/install/setup.zsh'
