[0.439s] Invoking command in '/home/lanzer/robocup/basketball_ws/build/robot_interfaces': CMAKE_PREFIX_PATH=/home/lanzer/robocup/basketball_ws/install/sensor_pkg:/home/lanzer/robocup/basketball_ws/install/control_pkg:/home/lanzer/robocup/basketball_ws/install/board_pkg:/opt/ros/humble CONDA_PROMPT_MODIFIER=(robot) /usr/bin/cmake /home/lanzer/robocup/basketball_ws/src/robot_interfaces -DCMAKE_INSTALL_PREFIX=/home/lanzer/robocup/basketball_ws/install/robot_interfaces
[0.663s] -- The C compiler identification is GNU 11.4.0
[0.790s] -- The CXX compiler identification is GNU 11.4.0
[0.803s] -- Detecting C compiler ABI info
[0.882s] -- Detecting C compiler ABI info - done
[0.887s] -- Check for working C compiler: /usr/bin/cc - skipped
[0.888s] -- Detecting C compile features
[0.889s] -- Detecting C compile features - done
[0.893s] -- Detecting CXX compiler ABI info
[0.973s] -- Detecting CXX compiler ABI info - done
[0.979s] -- Check for working CXX compiler: /usr/bin/c++ - skipped
[0.979s] -- Detecting CXX compile features
[0.980s] -- Detecting CXX compile features - done
[1.006s] -- Found ament_cmake: 1.3.11 (/opt/ros/humble/share/ament_cmake/cmake)
[1.491s] -- Found Python3: /home/lanzer/miniconda3/envs/robot/bin/python3 (found version "3.10.16") found components: Interpreter 
[1.606s] -- Found rosidl_default_generators: 1.2.0 (/opt/ros/humble/share/rosidl_default_generators/cmake)
[1.613s] -- Using all available rosidl_typesupport_c: rosidl_typesupport_fastrtps_c;rosidl_typesupport_introspection_c
[1.624s] -- Found rosidl_adapter: 3.1.6 (/opt/ros/humble/share/rosidl_adapter/cmake)
[1.691s] -- Using all available rosidl_typesupport_cpp: rosidl_typesupport_fastrtps_cpp;rosidl_typesupport_introspection_cpp
[1.743s] -- Found geometry_msgs: 4.2.4 (/opt/ros/humble/share/geometry_msgs/cmake)
[1.805s] -- Found ament_lint_auto: 0.12.11 (/opt/ros/humble/share/ament_lint_auto/cmake)
[1.824s] Traceback (most recent call last):
[1.824s]   File "/opt/ros/humble/share/ament_cmake_core/cmake/core/package_xml_2_cmake.py", line 22, in <module>
[1.824s]     from catkin_pkg.package import parse_package_string
[1.824s] ModuleNotFoundError: No module named 'catkin_pkg'
[1.826s] [31mCMake Error at /opt/ros/humble/share/ament_cmake_core/cmake/core/ament_package_xml.cmake:95 (message):
[1.826s]   execute_process(/home/lanzer/miniconda3/envs/robot/bin/python3
[1.826s]   /opt/ros/humble/share/ament_cmake_core/cmake/core/package_xml_2_cmake.py
[1.826s]   /home/lanzer/robocup/basketball_ws/src/robot_interfaces/package.xml
[1.826s]   /home/lanzer/robocup/basketball_ws/build/robot_interfaces/ament_cmake_core/package.cmake)
[1.826s]   returned error code 1
[1.826s] Call Stack (most recent call first):
[1.826s]   /opt/ros/humble/share/ament_cmake_core/cmake/core/ament_package_xml.cmake:49 (_ament_package_xml)
[1.827s]   /opt/ros/humble/share/ament_lint_auto/cmake/ament_lint_auto_find_test_dependencies.cmake:31 (ament_package_xml)
[1.827s]   CMakeLists.txt:22 (ament_lint_auto_find_test_dependencies)
[1.827s] 
[1.827s] [0m
[1.827s] -- Configuring incomplete, errors occurred!
[1.827s] See also "/home/lanzer/robocup/basketball_ws/build/robot_interfaces/CMakeFiles/CMakeOutput.log".
[1.833s] Invoked command in '/home/lanzer/robocup/basketball_ws/build/robot_interfaces' returned '1': CMAKE_PREFIX_PATH=/home/lanzer/robocup/basketball_ws/install/sensor_pkg:/home/lanzer/robocup/basketball_ws/install/control_pkg:/home/lanzer/robocup/basketball_ws/install/board_pkg:/opt/ros/humble CONDA_PROMPT_MODIFIER=(robot) /usr/bin/cmake /home/lanzer/robocup/basketball_ws/src/robot_interfaces -DCMAKE_INSTALL_PREFIX=/home/lanzer/robocup/basketball_ws/install/robot_interfaces
