[2.939s] Invoking command in '/home/lanzer/robocup/basketball_ws/src/sensor_pkg': CONDA_PROMPT_MODIFIER=(robot) PYTHONPATH=/home/lanzer/robocup/basketball_ws/build/sensor_pkg/prefix_override:/usr/lib/python3/dist-packages/colcon_core/task/python/colcon_distutils_commands:/home/lanzer/robocup/basketball_ws/install/sensor_pkg/lib/python3.10/site-packages:${PYTHONPATH} /usr/bin/python3 -W ignore:setup.py install is deprecated -W ignore:easy_install command is deprecated setup.py egg_info --egg-base ../../build/sensor_pkg build --build-base /home/lanzer/robocup/basketball_ws/build/sensor_pkg/build install --record /home/lanzer/robocup/basketball_ws/build/sensor_pkg/install.log --single-version-externally-managed install_data
[3.457s] running egg_info
[3.460s] writing ../../build/sensor_pkg/sensor_pkg.egg-info/PKG-INFO
[3.461s] writing dependency_links to ../../build/sensor_pkg/sensor_pkg.egg-info/dependency_links.txt
[3.461s] writing entry points to ../../build/sensor_pkg/sensor_pkg.egg-info/entry_points.txt
[3.461s] writing requirements to ../../build/sensor_pkg/sensor_pkg.egg-info/requires.txt
[3.462s] writing top-level names to ../../build/sensor_pkg/sensor_pkg.egg-info/top_level.txt
[3.465s] reading manifest file '../../build/sensor_pkg/sensor_pkg.egg-info/SOURCES.txt'
[3.477s] adding license file 'LICENSE'
[3.479s] writing manifest file '../../build/sensor_pkg/sensor_pkg.egg-info/SOURCES.txt'
[3.480s] running build
[3.480s] running build_py
[3.481s] running install
[3.482s] running install_lib
[3.495s] running install_data
[3.495s] running install_egg_info
[3.499s] removing '/home/lanzer/robocup/basketball_ws/install/sensor_pkg/lib/python3.10/site-packages/sensor_pkg-0.0.0-py3.10.egg-info' (and everything under it)
[3.502s] Copying ../../build/sensor_pkg/sensor_pkg.egg-info to /home/lanzer/robocup/basketball_ws/install/sensor_pkg/lib/python3.10/site-packages/sensor_pkg-0.0.0-py3.10.egg-info
[3.507s] running install_scripts
[3.554s] Installing camera_node script to /home/lanzer/robocup/basketball_ws/install/sensor_pkg/lib/sensor_pkg
[3.554s] Installing imu_node script to /home/lanzer/robocup/basketball_ws/install/sensor_pkg/lib/sensor_pkg
[3.556s] writing list of installed files to '/home/lanzer/robocup/basketball_ws/build/sensor_pkg/install.log'
[3.656s] Invoked command in '/home/lanzer/robocup/basketball_ws/src/sensor_pkg' returned '0': CONDA_PROMPT_MODIFIER=(robot) PYTHONPATH=/home/lanzer/robocup/basketball_ws/build/sensor_pkg/prefix_override:/usr/lib/python3/dist-packages/colcon_core/task/python/colcon_distutils_commands:/home/lanzer/robocup/basketball_ws/install/sensor_pkg/lib/python3.10/site-packages:${PYTHONPATH} /usr/bin/python3 -W ignore:setup.py install is deprecated -W ignore:easy_install command is deprecated setup.py egg_info --egg-base ../../build/sensor_pkg build --build-base /home/lanzer/robocup/basketball_ws/build/sensor_pkg/build install --record /home/lanzer/robocup/basketball_ws/build/sensor_pkg/install.log --single-version-externally-managed install_data
