[1.168s] Invoking command in '/home/lanzer/robocup/basketball_ws/src/sensor_pkg': CONDA_PROMPT_MODIFIER=(robot) PYTHONPATH=/home/lanzer/robocup/basketball_ws/build/sensor_pkg/prefix_override:/usr/lib/python3/dist-packages/colcon_core/task/python/colcon_distutils_commands:/home/lanzer/robocup/basketball_ws/install/sensor_pkg/lib/python3.10/site-packages:${PYTHONPATH} /usr/bin/python3 -W ignore:setup.py install is deprecated -W ignore:easy_install command is deprecated setup.py egg_info --egg-base ../../build/sensor_pkg build --build-base /home/lanzer/robocup/basketball_ws/build/sensor_pkg/build install --record /home/lanzer/robocup/basketball_ws/build/sensor_pkg/install.log --single-version-externally-managed install_data
[1.375s] running egg_info
[1.376s] writing ../../build/sensor_pkg/sensor_pkg.egg-info/PKG-INFO
[1.376s] writing dependency_links to ../../build/sensor_pkg/sensor_pkg.egg-info/dependency_links.txt
[1.376s] writing entry points to ../../build/sensor_pkg/sensor_pkg.egg-info/entry_points.txt
[1.376s] writing requirements to ../../build/sensor_pkg/sensor_pkg.egg-info/requires.txt
[1.377s] writing top-level names to ../../build/sensor_pkg/sensor_pkg.egg-info/top_level.txt
[1.379s] reading manifest file '../../build/sensor_pkg/sensor_pkg.egg-info/SOURCES.txt'
[1.380s] adding license file 'LICENSE'
[1.380s] writing manifest file '../../build/sensor_pkg/sensor_pkg.egg-info/SOURCES.txt'
[1.381s] running build
[1.381s] running build_py
[1.381s] running install
[1.382s] running install_lib
[1.384s] running install_data
[1.384s] running install_egg_info
[1.385s] removing '/home/lanzer/robocup/basketball_ws/install/sensor_pkg/lib/python3.10/site-packages/sensor_pkg-0.0.0-py3.10.egg-info' (and everything under it)
[1.385s] Copying ../../build/sensor_pkg/sensor_pkg.egg-info to /home/lanzer/robocup/basketball_ws/install/sensor_pkg/lib/python3.10/site-packages/sensor_pkg-0.0.0-py3.10.egg-info
[1.387s] running install_scripts
[1.405s] Installing camera_node script to /home/lanzer/robocup/basketball_ws/install/sensor_pkg/lib/sensor_pkg
[1.405s] Installing imu_node script to /home/lanzer/robocup/basketball_ws/install/sensor_pkg/lib/sensor_pkg
[1.406s] writing list of installed files to '/home/lanzer/robocup/basketball_ws/build/sensor_pkg/install.log'
[1.444s] Invoked command in '/home/lanzer/robocup/basketball_ws/src/sensor_pkg' returned '0': CONDA_PROMPT_MODIFIER=(robot) PYTHONPATH=/home/lanzer/robocup/basketball_ws/build/sensor_pkg/prefix_override:/usr/lib/python3/dist-packages/colcon_core/task/python/colcon_distutils_commands:/home/lanzer/robocup/basketball_ws/install/sensor_pkg/lib/python3.10/site-packages:${PYTHONPATH} /usr/bin/python3 -W ignore:setup.py install is deprecated -W ignore:easy_install command is deprecated setup.py egg_info --egg-base ../../build/sensor_pkg build --build-base /home/lanzer/robocup/basketball_ws/build/sensor_pkg/build install --record /home/lanzer/robocup/basketball_ws/build/sensor_pkg/install.log --single-version-externally-managed install_data
