running egg_info
writing ../../build/sensor_pkg/sensor_pkg.egg-info/PKG-INFO
writing dependency_links to ../../build/sensor_pkg/sensor_pkg.egg-info/dependency_links.txt
writing entry points to ../../build/sensor_pkg/sensor_pkg.egg-info/entry_points.txt
writing requirements to ../../build/sensor_pkg/sensor_pkg.egg-info/requires.txt
writing top-level names to ../../build/sensor_pkg/sensor_pkg.egg-info/top_level.txt
reading manifest file '../../build/sensor_pkg/sensor_pkg.egg-info/SOURCES.txt'
adding license file 'LICENSE'
writing manifest file '../../build/sensor_pkg/sensor_pkg.egg-info/SOURCES.txt'
running build
running build_py
running install
running install_lib
running install_data
running install_egg_info
removing '/home/lanzer/robocup/basketball_ws/install/sensor_pkg/lib/python3.10/site-packages/sensor_pkg-0.0.0-py3.10.egg-info' (and everything under it)
Copying ../../build/sensor_pkg/sensor_pkg.egg-info to /home/lanzer/robocup/basketball_ws/install/sensor_pkg/lib/python3.10/site-packages/sensor_pkg-0.0.0-py3.10.egg-info
running install_scripts
Installing camera_node script to /home/lanzer/robocup/basketball_ws/install/sensor_pkg/lib/sensor_pkg
Installing imu_node script to /home/lanzer/robocup/basketball_ws/install/sensor_pkg/lib/sensor_pkg
writing list of installed files to '/home/lanzer/robocup/basketball_ws/build/sensor_pkg/install.log'
