[2.350s] Invoking command in '/home/lanzer/robocup/basketball_ws/src/sensor_pkg': CONDA_PROMPT_MODIFIER=(robot) PYTHONPATH=/home/lanzer/robocup/basketball_ws/build/sensor_pkg/prefix_override:/usr/lib/python3/dist-packages/colcon_core/task/python/colcon_distutils_commands:/home/lanzer/robocup/basketball_ws/install/sensor_pkg/lib/python3.10/site-packages:${PYTHONPATH} /usr/bin/python3 -W ignore:setup.py install is deprecated -W ignore:easy_install command is deprecated setup.py egg_info --egg-base ../../build/sensor_pkg build --build-base /home/lanzer/robocup/basketball_ws/build/sensor_pkg/build install --record /home/lanzer/robocup/basketball_ws/build/sensor_pkg/install.log --single-version-externally-managed install_data
[2.864s] running egg_info
[2.865s] writing ../../build/sensor_pkg/sensor_pkg.egg-info/PKG-INFO
[2.865s] writing dependency_links to ../../build/sensor_pkg/sensor_pkg.egg-info/dependency_links.txt
[2.866s] writing entry points to ../../build/sensor_pkg/sensor_pkg.egg-info/entry_points.txt
[2.866s] writing requirements to ../../build/sensor_pkg/sensor_pkg.egg-info/requires.txt
[2.866s] writing top-level names to ../../build/sensor_pkg/sensor_pkg.egg-info/top_level.txt
[2.871s] reading manifest file '../../build/sensor_pkg/sensor_pkg.egg-info/SOURCES.txt'
[2.871s] adding license file 'LICENSE'
[2.873s] writing manifest file '../../build/sensor_pkg/sensor_pkg.egg-info/SOURCES.txt'
[2.873s] running build
[2.873s] running build_py
[2.874s] running install
[2.875s] running install_lib
[2.877s] running install_data
[2.878s] running install_egg_info
[2.882s] removing '/home/lanzer/robocup/basketball_ws/install/sensor_pkg/lib/python3.10/site-packages/sensor_pkg-0.0.0-py3.10.egg-info' (and everything under it)
[2.883s] Copying ../../build/sensor_pkg/sensor_pkg.egg-info to /home/lanzer/robocup/basketball_ws/install/sensor_pkg/lib/python3.10/site-packages/sensor_pkg-0.0.0-py3.10.egg-info
[2.886s] running install_scripts
[2.929s] Installing camera_node script to /home/lanzer/robocup/basketball_ws/install/sensor_pkg/lib/sensor_pkg
[2.930s] Installing imu_node script to /home/lanzer/robocup/basketball_ws/install/sensor_pkg/lib/sensor_pkg
[2.931s] writing list of installed files to '/home/lanzer/robocup/basketball_ws/build/sensor_pkg/install.log'
[2.980s] Invoked command in '/home/lanzer/robocup/basketball_ws/src/sensor_pkg' returned '0': CONDA_PROMPT_MODIFIER=(robot) PYTHONPATH=/home/lanzer/robocup/basketball_ws/build/sensor_pkg/prefix_override:/usr/lib/python3/dist-packages/colcon_core/task/python/colcon_distutils_commands:/home/lanzer/robocup/basketball_ws/install/sensor_pkg/lib/python3.10/site-packages:${PYTHONPATH} /usr/bin/python3 -W ignore:setup.py install is deprecated -W ignore:easy_install command is deprecated setup.py egg_info --egg-base ../../build/sensor_pkg build --build-base /home/lanzer/robocup/basketball_ws/build/sensor_pkg/build install --record /home/lanzer/robocup/basketball_ws/build/sensor_pkg/install.log --single-version-externally-managed install_data
