[2.379s] Invoking command in '/home/lanzer/robocup/basketball_ws/src/control_pkg': CONDA_PROMPT_MODIFIER=(robot) PYTHONPATH=/home/lanzer/robocup/basketball_ws/build/control_pkg/prefix_override:/usr/lib/python3/dist-packages/colcon_core/task/python/colcon_distutils_commands:/home/lanzer/robocup/basketball_ws/install/control_pkg/lib/python3.10/site-packages:${PYTHONPATH} /usr/bin/python3 -W ignore:setup.py install is deprecated -W ignore:easy_install command is deprecated setup.py egg_info --egg-base ../../build/control_pkg build --build-base /home/lanzer/robocup/basketball_ws/build/control_pkg/build install --record /home/lanzer/robocup/basketball_ws/build/control_pkg/install.log --single-version-externally-managed install_data
[2.881s] running egg_info
[2.883s] writing ../../build/control_pkg/control_pkg.egg-info/PKG-INFO
[2.883s] writing dependency_links to ../../build/control_pkg/control_pkg.egg-info/dependency_links.txt
[2.884s] writing entry points to ../../build/control_pkg/control_pkg.egg-info/entry_points.txt
[2.884s] writing requirements to ../../build/control_pkg/control_pkg.egg-info/requires.txt
[2.885s] writing top-level names to ../../build/control_pkg/control_pkg.egg-info/top_level.txt
[2.888s] reading manifest file '../../build/control_pkg/control_pkg.egg-info/SOURCES.txt'
[2.889s] adding license file 'LICENSE'
[2.890s] writing manifest file '../../build/control_pkg/control_pkg.egg-info/SOURCES.txt'
[2.890s] running build
[2.890s] running build_py
[2.891s] running install
[2.892s] running install_lib
[2.895s] running install_data
[2.895s] running install_egg_info
[2.899s] removing '/home/lanzer/robocup/basketball_ws/install/control_pkg/lib/python3.10/site-packages/control_pkg-0.0.0-py3.10.egg-info' (and everything under it)
[2.900s] Copying ../../build/control_pkg/control_pkg.egg-info to /home/lanzer/robocup/basketball_ws/install/control_pkg/lib/python3.10/site-packages/control_pkg-0.0.0-py3.10.egg-info
[2.903s] running install_scripts
[2.947s] Installing linear_control_node script to /home/lanzer/robocup/basketball_ws/install/control_pkg/lib/control_pkg
[2.948s] Installing position_control_node script to /home/lanzer/robocup/basketball_ws/install/control_pkg/lib/control_pkg
[2.949s] writing list of installed files to '/home/lanzer/robocup/basketball_ws/build/control_pkg/install.log'
[3.020s] Invoked command in '/home/lanzer/robocup/basketball_ws/src/control_pkg' returned '0': CONDA_PROMPT_MODIFIER=(robot) PYTHONPATH=/home/lanzer/robocup/basketball_ws/build/control_pkg/prefix_override:/usr/lib/python3/dist-packages/colcon_core/task/python/colcon_distutils_commands:/home/lanzer/robocup/basketball_ws/install/control_pkg/lib/python3.10/site-packages:${PYTHONPATH} /usr/bin/python3 -W ignore:setup.py install is deprecated -W ignore:easy_install command is deprecated setup.py egg_info --egg-base ../../build/control_pkg build --build-base /home/lanzer/robocup/basketball_ws/build/control_pkg/build install --record /home/lanzer/robocup/basketball_ws/build/control_pkg/install.log --single-version-externally-managed install_data
