Archive member included to satisfy reference by file (symbol)

d:/stm32cubemx/gcc-arm-none-eabi/bin/../lib/gcc/arm-none-eabi/10.3.1/thumb/v7e-m/nofp\libgcc.a(_arm_muldf3.o)
                              CMakeFiles/proj2.elf.dir/Core/Src/mpu6500.c.obj (__aeabi_dmul)
d:/stm32cubemx/gcc-arm-none-eabi/bin/../lib/gcc/arm-none-eabi/10.3.1/thumb/v7e-m/nofp\libgcc.a(_arm_mulsf3.o)
                              CMakeFiles/proj2.elf.dir/Bsp/pid.c.obj (__aeabi_fmul)
d:/stm32cubemx/gcc-arm-none-eabi/bin/../lib/gcc/arm-none-eabi/10.3.1/thumb/v7e-m/nofp\libgcc.a(_arm_addsubdf3.o)
                              CMakeFiles/proj2.elf.dir/Core/Src/mpu6500.c.obj (__aeabi_i2d)
d:/stm32cubemx/gcc-arm-none-eabi/bin/../lib/gcc/arm-none-eabi/10.3.1/thumb/v7e-m/nofp\libgcc.a(_arm_muldivdf3.o)
                              CMakeFiles/proj2.elf.dir/Core/Src/mpu6500.c.obj (__aeabi_ddiv)
d:/stm32cubemx/gcc-arm-none-eabi/bin/../lib/gcc/arm-none-eabi/10.3.1/thumb/v7e-m/nofp\libgcc.a(_arm_cmpdf2.o)
                              CMakeFiles/proj2.elf.dir/Core/Src/mpu6500.c.obj (__aeabi_dcmpge)
d:/stm32cubemx/gcc-arm-none-eabi/bin/../lib/gcc/arm-none-eabi/10.3.1/thumb/v7e-m/nofp\libgcc.a(_arm_truncdfsf2.o)
                              CMakeFiles/proj2.elf.dir/Core/Src/mpu6500.c.obj (__aeabi_d2f)
d:/stm32cubemx/gcc-arm-none-eabi/bin/../lib/gcc/arm-none-eabi/10.3.1/thumb/v7e-m/nofp\libgcc.a(_arm_addsubsf3.o)
                              CMakeFiles/proj2.elf.dir/Bsp/pid.c.obj (__aeabi_fsub)
d:/stm32cubemx/gcc-arm-none-eabi/bin/../lib/gcc/arm-none-eabi/10.3.1/thumb/v7e-m/nofp\libgcc.a(_arm_muldivsf3.o)
                              CMakeFiles/proj2.elf.dir/Core/Src/mpu6500.c.obj (__aeabi_fdiv)
d:/stm32cubemx/gcc-arm-none-eabi/bin/../lib/gcc/arm-none-eabi/10.3.1/thumb/v7e-m/nofp\libgcc.a(_arm_cmpsf2.o)
                              CMakeFiles/proj2.elf.dir/Core/Src/mpu6500.c.obj (__aeabi_fcmpeq)
d:/stm32cubemx/gcc-arm-none-eabi/bin/../lib/gcc/arm-none-eabi/10.3.1/thumb/v7e-m/nofp\libgcc.a(_arm_fixsfsi.o)
                              CMakeFiles/proj2.elf.dir/Bsp/Motor.c.obj (__aeabi_f2iz)
d:/stm32cubemx/gcc-arm-none-eabi/bin/../lib/gcc/arm-none-eabi/10.3.1/thumb/v7e-m/nofp\libgcc.a(_aeabi_uldivmod.o)
                              CMakeFiles/proj2.elf.dir/Drivers/STM32F4xx_HAL_Driver/Src/stm32f4xx_hal_rcc.c.obj (__aeabi_uldivmod)
d:/stm32cubemx/gcc-arm-none-eabi/bin/../lib/gcc/arm-none-eabi/10.3.1/thumb/v7e-m/nofp\libgcc.a(_udivmoddi4.o)
                              d:/stm32cubemx/gcc-arm-none-eabi/bin/../lib/gcc/arm-none-eabi/10.3.1/thumb/v7e-m/nofp\libgcc.a(_aeabi_uldivmod.o) (__udivmoddi4)
d:/stm32cubemx/gcc-arm-none-eabi/bin/../lib/gcc/arm-none-eabi/10.3.1/thumb/v7e-m/nofp\libgcc.a(_dvmd_tls.o)
                              d:/stm32cubemx/gcc-arm-none-eabi/bin/../lib/gcc/arm-none-eabi/10.3.1/thumb/v7e-m/nofp\libgcc.a(_aeabi_uldivmod.o) (__aeabi_ldiv0)
d:/stm32cubemx/gcc-arm-none-eabi/bin/../lib/gcc/arm-none-eabi/10.3.1/../../../../arm-none-eabi/lib/thumb/v7e-m/nofp\libg.a(lib_a-errno.o)
                              CMakeFiles/proj2.elf.dir/Core/Src/syscalls.c.obj (__errno)
d:/stm32cubemx/gcc-arm-none-eabi/bin/../lib/gcc/arm-none-eabi/10.3.1/../../../../arm-none-eabi/lib/thumb/v7e-m/nofp\libg.a(lib_a-exit.o)
                              d:/stm32cubemx/gcc-arm-none-eabi/bin/../lib/gcc/arm-none-eabi/10.3.1/../../../../arm-none-eabi/lib/thumb/v7e-m/nofp/crt0.o (exit)
d:/stm32cubemx/gcc-arm-none-eabi/bin/../lib/gcc/arm-none-eabi/10.3.1/../../../../arm-none-eabi/lib/thumb/v7e-m/nofp\libg.a(lib_a-impure.o)
                              d:/stm32cubemx/gcc-arm-none-eabi/bin/../lib/gcc/arm-none-eabi/10.3.1/../../../../arm-none-eabi/lib/thumb/v7e-m/nofp\libg.a(lib_a-exit.o) (_global_impure_ptr)
d:/stm32cubemx/gcc-arm-none-eabi/bin/../lib/gcc/arm-none-eabi/10.3.1/../../../../arm-none-eabi/lib/thumb/v7e-m/nofp\libg.a(lib_a-init.o)
                              d:/stm32cubemx/gcc-arm-none-eabi/bin/../lib/gcc/arm-none-eabi/10.3.1/../../../../arm-none-eabi/lib/thumb/v7e-m/nofp/crt0.o (__libc_init_array)
d:/stm32cubemx/gcc-arm-none-eabi/bin/../lib/gcc/arm-none-eabi/10.3.1/../../../../arm-none-eabi/lib/thumb/v7e-m/nofp\libg.a(lib_a-memcpy.o)
                              CMakeFiles/proj2.elf.dir/Core/Src/wit.c.obj (memcpy)
d:/stm32cubemx/gcc-arm-none-eabi/bin/../lib/gcc/arm-none-eabi/10.3.1/../../../../arm-none-eabi/lib/thumb/v7e-m/nofp\libg.a(lib_a-memset.o)
                              d:/stm32cubemx/gcc-arm-none-eabi/bin/../lib/gcc/arm-none-eabi/10.3.1/../../../../arm-none-eabi/lib/thumb/v7e-m/nofp/crt0.o (memset)
d:/stm32cubemx/gcc-arm-none-eabi/bin/../lib/gcc/arm-none-eabi/10.3.1/../../../../arm-none-eabi/lib/thumb/v7e-m/nofp\libg.a(lib_a-sscanf.o)
                              CMakeFiles/proj2.elf.dir/Core/Src/usb.c.obj (sscanf)
d:/stm32cubemx/gcc-arm-none-eabi/bin/../lib/gcc/arm-none-eabi/10.3.1/../../../../arm-none-eabi/lib/thumb/v7e-m/nofp\libg.a(lib_a-stdio.o)
[...]
Memory Configuration

Name             Origin             Length             Attributes
CCMRAM           0x10000000         0x00010000         xrw
RAM              0x20000000         0x00030000         xrw
FLASH            0x08000000         0x00200000         xr
*default*        0x00000000         0xffffffff

Linker script and memory map

LOAD d:/stm32cubemx/gcc-arm-none-eabi/bin/../lib/gcc/arm-none-eabi/10.3.1/thumb/v7e-m/nofp/crti.o
LOAD d:/stm32cubemx/gcc-arm-none-eabi/bin/../lib/gcc/arm-none-eabi/10.3.1/thumb/v7e-m/nofp/crtbegin.o
LOAD d:/stm32cubemx/gcc-arm-none-eabi/bin/../lib/gcc/arm-none-eabi/10.3.1/../../../../arm-none-eabi/lib/thumb/v7e-m/nofp/crt0.o
LOAD CMakeFiles/proj2.elf.dir/Bsp/CAN_Receive.c.obj
LOAD CMakeFiles/proj2.elf.dir/Bsp/Motor.c.obj
LOAD CMakeFiles/proj2.elf.dir/Bsp/pid.c.obj
LOAD CMakeFiles/proj2.elf.dir/Core/Src/can.c.obj
LOAD CMakeFiles/proj2.elf.dir/Core/Src/gpio.c.obj
LOAD CMakeFiles/proj2.elf.dir/Core/Src/led.c.obj
LOAD CMakeFiles/proj2.elf.dir/Core/Src/main.c.obj
LOAD CMakeFiles/proj2.elf.dir/Core/Src/mpu6500.c.obj
LOAD CMakeFiles/proj2.elf.dir/Core/Src/spi.c.obj
LOAD CMakeFiles/proj2.elf.dir/Core/Src/stm32f4xx_hal_msp.c.obj
LOAD CMakeFiles/proj2.elf.dir/Core/Src/stm32f4xx_it.c.obj
LOAD CMakeFiles/proj2.elf.dir/Core/Src/syscalls.c.obj
LOAD CMakeFiles/proj2.elf.dir/Core/Src/sysmem.c.obj
LOAD CMakeFiles/proj2.elf.dir/Core/Src/system_stm32f4xx.c.obj
LOAD CMakeFiles/proj2.elf.dir/Core/Src/usart.c.obj
LOAD CMakeFiles/proj2.elf.dir/Core/Src/usb.c.obj
LOAD CMakeFiles/proj2.elf.dir/Core/Src/wit.c.obj
LOAD CMakeFiles/proj2.elf.dir/Core/Startup/startup_stm32f427iihx.s.obj
LOAD CMakeFiles/proj2.elf.dir/Drivers/STM32F4xx_HAL_Driver/Src/stm32f4xx_hal.c.obj
LOAD CMakeFiles/proj2.elf.dir/Drivers/STM32F4xx_HAL_Driver/Src/stm32f4xx_hal_can.c.obj
LOAD CMakeFiles/proj2.elf.dir/Drivers/STM32F4xx_HAL_Driver/Src/stm32f4xx_hal_cortex.c.obj
LOAD CMakeFiles/proj2.elf.dir/Drivers/STM32F4xx_HAL_Driver/Src/stm32f4xx_hal_dma.c.obj
LOAD CMakeFiles/proj2.elf.dir/Drivers/STM32F4xx_HAL_Driver/Src/stm32f4xx_hal_dma_ex.c.obj
LOAD CMakeFiles/proj2.elf.dir/Drivers/STM32F4xx_HAL_Driver/Src/stm32f4xx_hal_exti.c.obj
LOAD CMakeFiles/proj2.elf.dir/Drivers/STM32F4xx_HAL_Driver/Src/stm32f4xx_hal_flash.c.obj
LOAD CMakeFiles/proj2.elf.dir/Drivers/STM32F4xx_HAL_Driver/Src/stm32f4xx_hal_flash_ex.c.obj
LOAD CMakeFiles/proj2.elf.dir/Drivers/STM32F4xx_HAL_Driver/Src/stm32f4xx_hal_flash_ramfunc.c.obj
LOAD CMakeFiles/proj2.elf.dir/Drivers/STM32F4xx_HAL_Driver/Src/stm32f4xx_hal_gpio.c.obj
LOAD CMakeFiles/proj2.elf.dir/Drivers/STM32F4xx_HAL_Driver/Src/stm32f4xx_hal_pcd.c.obj
LOAD CMakeFiles/proj2.elf.dir/Drivers/STM32F4xx_HAL_Driver/Src/stm32f4xx_hal_pcd_ex.c.obj
LOAD CMakeFiles/proj2.elf.dir/Drivers/STM32F4xx_HAL_Driver/Src/stm32f4xx_hal_pwr.c.obj
LOAD CMakeFiles/proj2.elf.dir/Drivers/STM32F4xx_HAL_Driver/Src/stm32f4xx_hal_pwr_ex.c.obj
LOAD CMakeFiles/proj2.elf.dir/Drivers/STM32F4xx_HAL_Driver/Src/stm32f4xx_hal_rcc.c.obj
LOAD CMakeFiles/proj2.elf.dir/Drivers/STM32F4xx_HAL_Driver/Src/stm32f4xx_hal_rcc_ex.c.obj
LOAD CMakeFiles/proj2.elf.dir/Drivers/STM32F4xx_HAL_Driver/Src/stm32f4xx_hal_spi.c.obj
LOAD CMakeFiles/proj2.elf.dir/Drivers/STM32F4xx_HAL_Driver/Src/stm32f4xx_hal_tim.c.obj
LOAD CMakeFiles/proj2.elf.dir/Drivers/STM32F4xx_HAL_Driver/Src/stm32f4xx_hal_tim_ex.c.obj
LOAD CMakeFiles/proj2.elf.dir/Drivers/STM32F4xx_HAL_Driver/Src/stm32f4xx_hal_uart.c.obj
LOAD CMakeFiles/proj2.elf.dir/Drivers/STM32F4xx_HAL_Driver/Src/stm32f4xx_ll_usb.c.obj
LOAD CMakeFiles/proj2.elf.dir/Middlewares/ST/STM32_USB_Device_Library/Class/CDC/Src/usbd_cdc.c.obj
LOAD CMakeFiles/proj2.elf.dir/Middlewares/ST/STM32_USB_Device_Library/Core/Src/usbd_core.c.obj
LOAD CMakeFiles/proj2.elf.dir/Middlewares/ST/STM32_USB_Device_Library/Core/Src/usbd_ctlreq.c.obj
LOAD CMakeFiles/proj2.elf.dir/Middlewares/ST/STM32_USB_Device_Library/Core/Src/usbd_ioreq.c.obj
LOAD CMakeFiles/proj2.elf.dir/USB_DEVICE/App/usb_device.c.obj
LOAD CMakeFiles/proj2.elf.dir/USB_DEVICE/App/usbd_cdc_if.c.obj
LOAD CMakeFiles/proj2.elf.dir/USB_DEVICE/App/usbd_desc.c.obj
LOAD CMakeFiles/proj2.elf.dir/USB_DEVICE/Target/usbd_conf.c.obj
START GROUP
LOAD d:/stm32cubemx/gcc-arm-none-eabi/bin/../lib/gcc/arm-none-eabi/10.3.1/thumb/v7e-m/nofp\libgcc.a
LOAD d:/stm32cubemx/gcc-arm-none-eabi/bin/../lib/gcc/arm-none-eabi/10.3.1/../../../../arm-none-eabi/lib/thumb/v7e-m/nofp\libg.a
LOAD d:/stm32cubemx/gcc-arm-none-eabi/bin/../lib/gcc/arm-none-eabi/10.3.1/../../../../arm-none-eabi/lib/thumb/v7e-m/nofp\libc.a
END GROUP
LOAD d:/stm32cubemx/gcc-arm-none-eabi/bin/../lib/gcc/arm-none-eabi/10.3.1/thumb/v7e-m/nofp/crtend.o
LOAD d:/stm32cubemx/gcc-arm-none-eabi/bin/../lib/gcc/arm-none-eabi/10.3.1/thumb/v7e-m/nofp/crtn.o
                0x20030000                _estack = (ORIGIN (RAM) + LENGTH (RAM))
                0x00000200                _Min_Heap_Size = 0x200
                0x00000400                _Min_Stack_Size = 0x400

.isr_vector     0x08000000      0x1ac
                0x08000000                . = ALIGN (0x4)
 *(.isr_vector)
 .isr_vector    0x08000000      0x1ac CMakeFiles/proj2.elf.dir/Core/Startup/startup_stm32f427iihx.s.obj
                0x08000000                g_pfnVectors
                0x080001ac                . = ALIGN (0x4)

.text           0x080001c0    0x12ac4
                0x080001c0                . = ALIGN (0x4)
 *(.text)
 .text          0x080001c0       0x40 d:/stm32cubemx/gcc-arm-none-eabi/bin/../lib/gcc/arm-none-eabi/10.3.1/thumb/v7e-m/nofp/crtbegin.o
 .text          0x08000200      0x378 d:/stm32cubemx/gcc-arm-none-eabi/bin/../lib/gcc/arm-none-eabi/10.3.1/thumb/v7e-m/nofp\libgcc.a(_arm_addsubdf3.o)
                0x08000200                __aeabi_drsub
                0x08000208                __aeabi_dsub
                0x08000208                __subdf3
                0x0800020c                __aeabi_dadd
                0x0800020c                __adddf3
                0x08000484                __floatunsidf
                0x08000484                __aeabi_ui2d
                0x080004a4                __floatsidf
                0x080004a4                __aeabi_i2d
                0x080004c8                __aeabi_f2d
                0x080004c8                __extendsfdf2
                0x0800050c                __floatundidf
                0x0800050c                __aeabi_ul2d
                0x0800051c                __floatdidf
                0x0800051c                __aeabi_l2d
 .text          0x08000578      0x424 d:/stm32cubemx/gcc-arm-none-eabi/bin/../lib/gcc/arm-none-eabi/10.3.1/thumb/v7e-m/nofp\libgcc.a(_arm_muldivdf3.o)
                0x08000578                __aeabi_dmul
                0x08000578                __muldf3
                0x080007cc                __divdf3
                0x080007cc                __aeabi_ddiv
 .text          0x0800099c      0x110 d:/stm32cubemx/gcc-arm-none-eabi/bin/../lib/gcc/arm-none-eabi/10.3.1/thumb/v7e-m/nofp\libgcc.a(_arm_cmpdf2.o)
                0x0800099c                __gtdf2
                0x0800099c                __gedf2
                0x080009a4                __ltdf2
                0x080009a4                __ledf2
                0x080009ac                __nedf2
                0x080009ac                __eqdf2
                0x080009ac                __cmpdf2
                0x08000a28                __aeabi_cdrcmple
                0x08000a38                __aeabi_cdcmpeq
                0x08000a38                __aeabi_cdcmple
                0x08000a48                __aeabi_dcmpeq
                0x08000a5c                __aeabi_dcmplt
                0x08000a70                __aeabi_dcmple
                0x08000a84                __aeabi_dcmpge
                0x08000a98                __aeabi_dcmpgt
 .text          0x08000aac       0xa0 d:/stm32cubemx/gcc-arm-none-eabi/bin/../lib/gcc/arm-none-eabi/10.3.1/thumb/v7e-m/nofp\libgcc.a(_arm_truncdfsf2.o)
                0x08000aac                __truncdfsf2
                0x08000aac                __aeabi_d2f
 .text          0x08000b4c      0x21c d:/stm32cubemx/gcc-arm-none-eabi/bin/../lib/gcc/arm-none-eabi/10.3.1/thumb/v7e-m/nofp\libgcc.a(_arm_addsubsf3.o)
                0x08000b4c                __aeabi_frsub
                0x08000b54                __subsf3
                0x08000b54                __aeabi_fsub
                0x08000b58                __aeabi_fadd
                0x08000b58                __addsf3
                0x08000cb8                __aeabi_ui2f
                0x08000cb8                __floatunsisf
                0x08000cc0                __aeabi_i2f
                0x08000cc0                __floatsisf
                0x08000cdc                __aeabi_ul2f
                0x08000cdc                __floatundisf
                0x08000cec                __aeabi_l2f
                0x08000cec                __floatdisf
 .text          0x08000d68      0x2a0 d:/stm32cubemx/gcc-arm-none-eabi/bin/../lib/gcc/arm-none-eabi/10.3.1/thumb/v7e-m/nofp\libgcc.a(_arm_muldivsf3.o)
                0x08000d68                __mulsf3
                0x08000d68                __aeabi_fmul
                0x08000ed0                __aeabi_fdiv
                0x08000ed0                __divsf3
 .text          0x08001008       0xec d:/stm32cubemx/gcc-arm-none-eabi/bin/../lib/gcc/arm-none-eabi/10.3.1/thumb/v7e-m/nofp\libgcc.a(_arm_cmpsf2.o)
                0x08001008                __gesf2
                0x08001008                __gtsf2
                0x08001010                __lesf2
                0x08001010                __ltsf2
                0x08001018                __nesf2
                0x08001018                __eqsf2
                0x08001018                __cmpsf2
                0x08001078                __aeabi_cfrcmple
                0x08001080                __aeabi_cfcmpeq
                0x08001080                __aeabi_cfcmple
                0x08001090                __aeabi_fcmpeq
                0x080010a4                __aeabi_fcmplt
                0x080010b8                __aeabi_fcmple
                0x080010cc                __aeabi_fcmpge
                0x080010e0                __aeabi_fcmpgt
 .text          0x080010f4       0x30 d:/stm32cubemx/gcc-arm-none-eabi/bin/../lib/gcc/arm-none-eabi/10.3.1/thumb/v7e-m/nofp\libgcc.a(_aeabi_uldivmod.o)
                0x080010f4                __aeabi_uldivmod
 .text          0x08001124      0x2d0 d:/stm32cubemx/gcc-arm-none-eabi/bin/../lib/gcc/arm-none-eabi/10.3.1/thumb/v7e-m/nofp\libgcc.a(_udivmoddi4.o)
                0x08001124                __udivmoddi4
 .text          0x080013f4        0x4 d:/stm32cubemx/gcc-arm-none-eabi/bin/../lib/gcc/arm-none-eabi/10.3.1/thumb/v7e-m/nofp\libgcc.a(_dvmd_tls.o)
                0x080013f4                __aeabi_idiv0
                0x080013f4                __aeabi_ldiv0
 .text          0x080013f8      0x134 d:/stm32cubemx/gcc-arm-none-eabi/bin/../lib/gcc/arm-none-eabi/10.3.1/../../../../arm-none-eabi/lib/thumb/v7e-m/nofp\libg.a(lib_a-memcpy.o)
                0x080013f8                memcpy
 *fill*         0x0800152c       0x14 
 .text          0x08001540      0x2dc d:/stm32cubemx/gcc-arm-none-eabi/bin/../lib/gcc/arm-none-eabi/10.3.1/../../../../arm-none-eabi/lib/thumb/v7e-m/nofp\libg.a(lib_a-strcmp.o)
                0x08001548                strcmp
 *fill*         0x0800181c       0x24 
 .text          0x08001840       0xdc d:/stm32cubemx/gcc-arm-none-eabi/bin/../lib/gcc/arm-none-eabi/10.3.1/../../../../arm-none-eabi/lib/thumb/v7e-m/nofp\libg.a(lib_a-strlen.o)
                0x08001840                strlen
 *fill*         0x0800191c        0x4 
 .text          0x08001920       0xa0 d:/stm32cubemx/gcc-arm-none-eabi/bin/../lib/gcc/arm-none-eabi/10.3.1/../../../../arm-none-eabi/lib/thumb/v7e-m/nofp\libg.a(lib_a-memchr.o)
                0x08001920                memchr
 .text          0x080019c0       0x2c d:/stm32cubemx/gcc-arm-none-eabi/bin/../lib/gcc/arm-none-eabi/10.3.1/thumb/v7e-m/nofp\libgcc.a(_arm_unorddf2.o)
                0x080019c0                __unorddf2
                0x080019c0                __aeabi_dcmpun
 .text          0x080019ec       0x50 d:/stm32cubemx/gcc-arm-none-eabi/bin/../lib/gcc/arm-none-eabi/10.3.1/thumb/v7e-m/nofp\libgcc.a(_arm_fixdfsi.o)
                0x080019ec                __aeabi_d2iz
                0x080019ec                __fixdfsi
 .text          0x08001a3c       0x40 d:/stm32cubemx/gcc-arm-none-eabi/bin/../lib/gcc/arm-none-eabi/10.3.1/thumb/v7e-m/nofp\libgcc.a(_arm_fixunsdfsi.o)
                0x08001a3c                __aeabi_d2uiz
                0x08001a3c                __fixunsdfsi
 .text          0x08001a7c       0x34 d:/stm32cubemx/gcc-arm-none-eabi/bin/../lib/gcc/arm-none-eabi/10.3.1/thumb/v7e-m/nofp\libgcc.a(_fixdfdi.o)
                0x08001a7c                __fixdfdi
                0x08001a7c                __aeabi_d2lz
 .text          0x08001ab0       0x3c d:/stm32cubemx/gcc-arm-none-eabi/bin/../lib/gcc/arm-none-eabi/10.3.1/thumb/v7e-m/nofp\libgcc.a(_fixunsdfdi.o)
                0x08001ab0                __fixunsdfdi
                0x08001ab0                __aeabi_d2ulz
 *(.text*)
 .text.get_motor_measure
                0x08001aec       0x62 CMakeFiles/proj2.elf.dir/Bsp/CAN_Receive.c.obj
 *fill*         0x08001b4e        0x2 
 .text.HAL_CAN_RxFifo0MsgPendingCallback
                0x08001b50       0x50 CMakeFiles/proj2.elf.dir/Bsp/CAN_Receive.c.obj
                0x08001b50                HAL_CAN_RxFifo0MsgPendingCallback
 .text.CAN1_cmd
                0x08001ba0       0x54 CMakeFiles/proj2.elf.dir/Bsp/CAN_Receive.c.obj
                0x08001ba0                CAN1_cmd
 .text.PID_init
                0x08001bf4       0x30 CMakeFiles/proj2.elf.dir/Bsp/pid.c.obj
                0x08001bf4                PID_init
 .text.MX_CAN1_Init
                0x08001c24       0x84 CMakeFiles/proj2.elf.dir/Core/Src/can.c.obj
                0x08001c24                MX_CAN1_Init
 .text.HAL_CAN_MspInit
                0x08001ca8       0x8c CMakeFiles/proj2.elf.dir/Core/Src/can.c.obj
                0x08001ca8                HAL_CAN_MspInit
 .text.MX_GPIO_Init
                0x08001d34       0xbc CMakeFiles/proj2.elf.dir/Core/Src/gpio.c.obj
                0x08001d34                MX_GPIO_Init
 .text.LED_Off  0x08001df0        0xe CMakeFiles/proj2.elf.dir/Core/Src/led.c.obj
                0x08001df0                LED_Off
 .text.LED_On   0x08001dfe        0xe CMakeFiles/proj2.elf.dir/Core/Src/led.c.obj
                0x08001dfe                LED_On
 .text.Error_Handler
                0x08001e0c        0x4 CMakeFiles/proj2.elf.dir/Core/Src/main.c.obj
                0x08001e0c                Error_Handler
 .text.SystemClock_Config
                0x08001e10       0xa8 CMakeFiles/proj2.elf.dir/Core/Src/main.c.obj
                0x08001e10                SystemClock_Config
 .text.main     0x08001eb8      0x10c CMakeFiles/proj2.elf.dir/Core/Src/main.c.obj
                0x08001eb8                main
 .text.inv_sqrt
                0x08001fc4       0x3c CMakeFiles/proj2.elf.dir/Core/Src/mpu6500.c.obj
                0x08001fc4                inv_sqrt
 .text.MPU_WriteByte
                0x08002000       0x6c CMakeFiles/proj2.elf.dir/Core/Src/mpu6500.c.obj
                0x08002000                MPU_WriteByte
 .text.MPU_IstRegWriteByMpu
                0x0800206c       0x40 CMakeFiles/proj2.elf.dir/Core/Src/mpu6500.c.obj
 .text.MPU_MasterI2CAutoReadConfig
                0x080020ac       0x8c CMakeFiles/proj2.elf.dir/Core/Src/mpu6500.c.obj
 .text.MPU_ReadByte
                0x08002138       0x68 CMakeFiles/proj2.elf.dir/Core/Src/mpu6500.c.obj
                0x08002138                MPU_ReadByte
 .text.MPU_IstRegReadByMpu
                0x080021a0       0x38 CMakeFiles/proj2.elf.dir/Core/Src/mpu6500.c.obj
 .text.MPU_ReadBytes
                0x080021d8       0x74 CMakeFiles/proj2.elf.dir/Core/Src/mpu6500.c.obj
                0x080021d8                MPU_ReadBytes
 .text.MPU_Ist8310Init
                0x0800224c      0x104 CMakeFiles/proj2.elf.dir/Core/Src/mpu6500.c.obj
                0x0800224c                MPU_Ist8310Init
 .text.MPU_Ist8310GetData
                0x08002350        0xe CMakeFiles/proj2.elf.dir/Core/Src/mpu6500.c.obj
                0x08002350                MPU_Ist8310GetData
 *fill*         0x0800235e        0x2 
 .text.MPU_GetData
                0x08002360       0xf8 CMakeFiles/proj2.elf.dir/Core/Src/mpu6500.c.obj
                0x08002360                MPU_GetData
 .text.MPU_SetGyroFsr
                0x08002458       0x10 CMakeFiles/proj2.elf.dir/Core/Src/mpu6500.c.obj
                0x08002458                MPU_SetGyroFsr
 .text.MPU_SetAccelFsr
                0x08002468       0x10 CMakeFiles/proj2.elf.dir/Core/Src/mpu6500.c.obj
                0x08002468                MPU_SetAccelFsr
 .text.MPU_OffsetCall
                0x08002478       0xe8 CMakeFiles/proj2.elf.dir/Core/Src/mpu6500.c.obj
                0x08002478                MPU_OffsetCall
 .text.MPU_DeviceInit
                0x08002560       0xa0 CMakeFiles/proj2.elf.dir/Core/Src/mpu6500.c.obj
                0x08002560                MPU_DeviceInit
 .text.MPU_InitQuaternion
                0x08002600      0x228 CMakeFiles/proj2.elf.dir/Core/Src/mpu6500.c.obj
                0x08002600                MPU_InitQuaternion
 .text.MPU_ImuAhrsUpdate
                0x08002828      0x76c CMakeFiles/proj2.elf.dir/Core/Src/mpu6500.c.obj
                0x08002828                MPU_ImuAhrsUpdate
 *fill*         0x08002f94        0x4 
 .text.MPU_ImuAttitudeUpdate
                0x08002f98      0x184 CMakeFiles/proj2.elf.dir/Core/Src/mpu6500.c.obj
                0x08002f98                MPU_ImuAttitudeUpdate
 .text.MPU_Update
                0x0800311c       0x10 CMakeFiles/proj2.elf.dir/Core/Src/mpu6500.c.obj
                0x0800311c                MPU_Update
 .text.MX_SPI5_Init
                0x0800312c       0x44 CMakeFiles/proj2.elf.dir/Core/Src/spi.c.obj
                0x0800312c                MX_SPI5_Init
 .text.HAL_SPI_MspInit
                0x08003170       0x70 CMakeFiles/proj2.elf.dir/Core/Src/spi.c.obj
                0x08003170                HAL_SPI_MspInit
 .text.HAL_MspInit
                0x080031e0       0x38 CMakeFiles/proj2.elf.dir/Core/Src/stm32f4xx_hal_msp.c.obj
                0x080031e0                HAL_MspInit
 .text.NMI_Handler
                0x08003218        0x2 CMakeFiles/proj2.elf.dir/Core/Src/stm32f4xx_it.c.obj
                0x08003218                NMI_Handler
 .text.HardFault_Handler
                0x0800321a        0x2 CMakeFiles/proj2.elf.dir/Core/Src/stm32f4xx_it.c.obj
                0x0800321a                HardFault_Handler
 .text.MemManage_Handler
                0x0800321c        0x2 CMakeFiles/proj2.elf.dir/Core/Src/stm32f4xx_it.c.obj
                0x0800321c                MemManage_Handler
 .text.BusFault_Handler
                0x0800321e        0x2 CMakeFiles/proj2.elf.dir/Core/Src/stm32f4xx_it.c.obj
                0x0800321e                BusFault_Handler
 .text.UsageFault_Handler
                0x08003220        0x2 CMakeFiles/proj2.elf.dir/Core/Src/stm32f4xx_it.c.obj
                0x08003220                UsageFault_Handler
 .text.SVC_Handler
                0x08003222        0x2 CMakeFiles/proj2.elf.dir/Core/Src/stm32f4xx_it.c.obj
                0x08003222                SVC_Handler
 .text.DebugMon_Handler
                0x08003224        0x2 CMakeFiles/proj2.elf.dir/Core/Src/stm32f4xx_it.c.obj
                0x08003224                DebugMon_Handler
 .text.PendSV_Handler
                0x08003226        0x2 CMakeFiles/proj2.elf.dir/Core/Src/stm32f4xx_it.c.obj
                0x08003226                PendSV_Handler
 .text.SysTick_Handler
                0x08003228        0x8 CMakeFiles/proj2.elf.dir/Core/Src/stm32f4xx_it.c.obj
                0x08003228                SysTick_Handler
 .text.CAN1_TX_IRQHandler
                0x08003230       0x10 CMakeFiles/proj2.elf.dir/Core/Src/stm32f4xx_it.c.obj
                0x08003230                CAN1_TX_IRQHandler
 .text.CAN1_RX0_IRQHandler
                0x08003240       0x10 CMakeFiles/proj2.elf.dir/Core/Src/stm32f4xx_it.c.obj
                0x08003240                CAN1_RX0_IRQHandler
 .text.USART2_IRQHandler
                0x08003250       0x28 CMakeFiles/proj2.elf.dir/Core/Src/stm32f4xx_it.c.obj
                0x08003250                USART2_IRQHandler
 .text.USART3_IRQHandler
                0x08003278       0x20 CMakeFiles/proj2.elf.dir/Core/Src/stm32f4xx_it.c.obj
                0x08003278                USART3_IRQHandler
 .text.OTG_FS_IRQHandler
                0x08003298       0x10 CMakeFiles/proj2.elf.dir/Core/Src/stm32f4xx_it.c.obj
                0x08003298                OTG_FS_IRQHandler
 .text.USART6_IRQHandler
                0x080032a8       0x20 CMakeFiles/proj2.elf.dir/Core/Src/stm32f4xx_it.c.obj
                0x080032a8                USART6_IRQHandler
 .text.UART7_IRQHandler
                0x080032c8       0x20 CMakeFiles/proj2.elf.dir/Core/Src/stm32f4xx_it.c.obj
                0x080032c8                UART7_IRQHandler
 .text.UART8_IRQHandler
                0x080032e8       0x20 CMakeFiles/proj2.elf.dir/Core/Src/stm32f4xx_it.c.obj
                0x080032e8                UART8_IRQHandler
 .text._getpid  0x08003308        0x4 CMakeFiles/proj2.elf.dir/Core/Src/syscalls.c.obj
                0x08003308                _getpid
 .text._kill    0x0800330c       0x10 CMakeFiles/proj2.elf.dir/Core/Src/syscalls.c.obj
                0x0800330c                _kill
 .text._exit    0x0800331c        0xc CMakeFiles/proj2.elf.dir/Core/Src/syscalls.c.obj
                0x0800331c                _exit
 .text._read    0x08003328       0x20 CMakeFiles/proj2.elf.dir/Core/Src/syscalls.c.obj
                0x08003328                _read
 .text._write   0x08003348       0x1c CMakeFiles/proj2.elf.dir/Core/Src/syscalls.c.obj
                0x08003348                _write
 .text._close   0x08003364        0x6 CMakeFiles/proj2.elf.dir/Core/Src/syscalls.c.obj
                0x08003364                _close
 .text._fstat   0x0800336a        0xa CMakeFiles/proj2.elf.dir/Core/Src/syscalls.c.obj
                0x0800336a                _fstat
 .text._isatty  0x08003374        0x4 CMakeFiles/proj2.elf.dir/Core/Src/syscalls.c.obj
                0x08003374                _isatty
 .text._lseek   0x08003378        0x4 CMakeFiles/proj2.elf.dir/Core/Src/syscalls.c.obj
                0x08003378                _lseek
 .text._sbrk    0x0800337c       0x48 CMakeFiles/proj2.elf.dir/Core/Src/sysmem.c.obj
                0x0800337c                _sbrk
 .text.SystemInit
                0x080033c4        0x2 CMakeFiles/proj2.elf.dir/Core/Src/system_stm32f4xx.c.obj
                0x080033c4                SystemInit
 *fill*         0x080033c6        0x2 
 .text.MX_UART7_Init
                0x080033c8       0x34 CMakeFiles/proj2.elf.dir/Core/Src/usart.c.obj
                0x080033c8                MX_UART7_Init
 .text.MX_UART8_Init
                0x080033fc       0x34 CMakeFiles/proj2.elf.dir/Core/Src/usart.c.obj
                0x080033fc                MX_UART8_Init
 .text.MX_USART2_UART_Init
                0x08003430       0x34 CMakeFiles/proj2.elf.dir/Core/Src/usart.c.obj
                0x08003430                MX_USART2_UART_Init
 .text.MX_USART3_UART_Init
                0x08003464       0x34 CMakeFiles/proj2.elf.dir/Core/Src/usart.c.obj
                0x08003464                MX_USART3_UART_Init
 .text.MX_USART6_UART_Init
                0x08003498       0x34 CMakeFiles/proj2.elf.dir/Core/Src/usart.c.obj
                0x08003498                MX_USART6_UART_Init
 .text.HAL_UART_MspInit
                0x080034cc      0x210 CMakeFiles/proj2.elf.dir/Core/Src/usart.c.obj
                0x080034cc                HAL_UART_MspInit
 .text.UART_InterruptionInit
                0x080036dc       0x60 CMakeFiles/proj2.elf.dir/Core/Src/usart.c.obj
                0x080036dc                UART_InterruptionInit
 .text.UART_Service
                0x0800373c       0x7c CMakeFiles/proj2.elf.dir/Core/Src/usart.c.obj
                0x0800373c                UART_Service
 .text.USB_ProcessRxData
                0x080037b8       0x80 CMakeFiles/proj2.elf.dir/Core/Src/usb.c.obj
                0x080037b8                USB_ProcessRxData
 .text.USB_TransmitData
                0x08003838       0x20 CMakeFiles/proj2.elf.dir/Core/Src/usb.c.obj
                0x08003838                USB_TransmitData
 .text.USB_TransmitString
                0x08003858       0x34 CMakeFiles/proj2.elf.dir/Core/Src/usb.c.obj
                0x08003858                USB_TransmitString
 .text.USB_Service
                0x0800388c       0xf8 CMakeFiles/proj2.elf.dir/Core/Src/usb.c.obj
                0x0800388c                USB_Service
 .text.__CRC16  0x08003984       0x38 CMakeFiles/proj2.elf.dir/Core/Src/wit.c.obj
 .text.__CaliSum
                0x080039bc       0x18 CMakeFiles/proj2.elf.dir/Core/Src/wit.c.obj
 .text.CopeWitData
                0x080039d4       0xf0 CMakeFiles/proj2.elf.dir/Core/Src/wit.c.obj
 .text.WitSerialDataIn
                0x08003ac4      0x170 CMakeFiles/proj2.elf.dir/Core/Src/wit.c.obj
                0x08003ac4                WitSerialDataIn
 .text.Reset_Handler
                0x08003c34       0x50 CMakeFiles/proj2.elf.dir/Core/Startup/startup_stm32f427iihx.s.obj
                0x08003c34                Reset_Handler
 .text.Default_Handler
                0x08003c84        0x2 CMakeFiles/proj2.elf.dir/Core/Startup/startup_stm32f427iihx.s.obj
                0x08003c84                RTC_Alarm_IRQHandler
                0x08003c84                HASH_RNG_IRQHandler
                0x08003c84                EXTI2_IRQHandler
                0x08003c84                TIM8_CC_IRQHandler
                0x08003c84                SPI4_IRQHandler
                0x08003c84                TIM1_CC_IRQHandler
                0x08003c84                DMA2_Stream5_IRQHandler
                0x08003c84                DMA1_Stream5_IRQHandler
                0x08003c84                PVD_IRQHandler
                0x08003c84                SDIO_IRQHandler
                0x08003c84                TAMP_STAMP_IRQHandler
                0x08003c84                CAN2_RX1_IRQHandler
                0x08003c84                EXTI3_IRQHandler
                0x08003c84                TIM8_TRG_COM_TIM14_IRQHandler
                0x08003c84                TIM1_UP_TIM10_IRQHandler
                0x08003c84                TIM8_UP_TIM13_IRQHandler
                0x08003c84                I2C3_ER_IRQHandler
                0x08003c84                EXTI0_IRQHandler
                0x08003c84                I2C2_EV_IRQHandler
                0x08003c84                DMA1_Stream2_IRQHandler
                0x08003c84                FPU_IRQHandler
                0x08003c84                OTG_HS_WKUP_IRQHandler
                0x08003c84                CAN2_SCE_IRQHandler
                0x08003c84                DMA2_Stream2_IRQHandler
                0x08003c84                SPI1_IRQHandler
                0x08003c84                TIM6_DAC_IRQHandler
                0x08003c84                TIM1_BRK_TIM9_IRQHandler
                0x08003c84                DCMI_IRQHandler
                0x08003c84                CAN2_RX0_IRQHandler
                0x08003c84                DMA2_Stream3_IRQHandler
                0x08003c84                CAN1_RX1_IRQHandler
                0x08003c84                UART5_IRQHandler
                0x08003c84                DMA2_Stream0_IRQHandler
                0x08003c84                TIM4_IRQHandler
                0x08003c84                I2C1_EV_IRQHandler
                0x08003c84                DMA1_Stream6_IRQHandler
                0x08003c84                DMA1_Stream1_IRQHandler
                0x08003c84                UART4_IRQHandler
                0x08003c84                TIM3_IRQHandler
                0x08003c84                RCC_IRQHandler
                0x08003c84                TIM8_BRK_TIM12_IRQHandler
                0x08003c84                Default_Handler
                0x08003c84                EXTI15_10_IRQHandler
                0x08003c84                ADC_IRQHandler
                0x08003c84                DMA1_Stream7_IRQHandler
                0x08003c84                SPI5_IRQHandler
                0x08003c84                TIM7_IRQHandler
                0x08003c84                CAN2_TX_IRQHandler
                0x08003c84                TIM5_IRQHandler
                0x08003c84                DMA2_Stream7_IRQHandler
                0x08003c84                I2C3_EV_IRQHandler
                0x08003c84                EXTI9_5_IRQHandler
                0x08003c84                RTC_WKUP_IRQHandler
                0x08003c84                ETH_WKUP_IRQHandler
                0x08003c84                SPI2_IRQHandler
                0x08003c84                OTG_HS_EP1_IN_IRQHandler
                0x08003c84                DMA1_Stream0_IRQHandler
                0x08003c84                EXTI4_IRQHandler
                0x08003c84                ETH_IRQHandler
                0x08003c84                OTG_HS_EP1_OUT_IRQHandler
                0x08003c84                WWDG_IRQHandler
                0x08003c84                SPI6_IRQHandler
                0x08003c84                TIM2_IRQHandler
                0x08003c84                OTG_FS_WKUP_IRQHandler
                0x08003c84                TIM1_TRG_COM_TIM11_IRQHandler
                0x08003c84                OTG_HS_IRQHandler
                0x08003c84                DMA2D_IRQHandler
                0x08003c84                EXTI1_IRQHandler
                0x08003c84                I2C2_ER_IRQHandler
                0x08003c84                DMA2_Stream1_IRQHandler
                0x08003c84                CAN1_SCE_IRQHandler
                0x08003c84                FLASH_IRQHandler
                0x08003c84                DMA2_Stream4_IRQHandler
                0x08003c84                USART1_IRQHandler
                0x08003c84                SPI3_IRQHandler
                0x08003c84                DMA1_Stream4_IRQHandler
                0x08003c84                I2C1_ER_IRQHandler
                0x08003c84                FMC_IRQHandler
                0x08003c84                DMA2_Stream6_IRQHandler
                0x08003c84                SAI1_IRQHandler
                0x08003c84                DMA1_Stream3_IRQHandler
 *fill*         0x08003c86        0x2 
 .text.HAL_InitTick
                0x08003c88       0x4c CMakeFiles/proj2.elf.dir/Drivers/STM32F4xx_HAL_Driver/Src/stm32f4xx_hal.c.obj
                0x08003c88                HAL_InitTick
 .text.HAL_Init
                0x08003cd4       0x34 CMakeFiles/proj2.elf.dir/Drivers/STM32F4xx_HAL_Driver/Src/stm32f4xx_hal.c.obj
                0x08003cd4                HAL_Init
 .text.HAL_IncTick
                0x08003d08       0x18 CMakeFiles/proj2.elf.dir/Drivers/STM32F4xx_HAL_Driver/Src/stm32f4xx_hal.c.obj
                0x08003d08                HAL_IncTick
 .text.HAL_GetTick
                0x08003d20        0xc CMakeFiles/proj2.elf.dir/Drivers/STM32F4xx_HAL_Driver/Src/stm32f4xx_hal.c.obj
                0x08003d20                HAL_GetTick
 .text.HAL_Delay
                0x08003d2c       0x28 CMakeFiles/proj2.elf.dir/Drivers/STM32F4xx_HAL_Driver/Src/stm32f4xx_hal.c.obj
                0x08003d2c                HAL_Delay
 .text.HAL_CAN_Init
                0x08003d54      0x14c CMakeFiles/proj2.elf.dir/Drivers/STM32F4xx_HAL_Driver/Src/stm32f4xx_hal_can.c.obj
                0x08003d54                HAL_CAN_Init
 .text.HAL_CAN_ConfigFilter
                0x08003ea0      0x13c CMakeFiles/proj2.elf.dir/Drivers/STM32F4xx_HAL_Driver/Src/stm32f4xx_hal_can.c.obj
                0x08003ea0                HAL_CAN_ConfigFilter
 .text.HAL_CAN_Start
                0x08003fdc       0x5c CMakeFiles/proj2.elf.dir/Drivers/STM32F4xx_HAL_Driver/Src/stm32f4xx_hal_can.c.obj
                0x08003fdc                HAL_CAN_Start
 .text.HAL_CAN_AddTxMessage
                0x08004038       0xea CMakeFiles/proj2.elf.dir/Drivers/STM32F4xx_HAL_Driver/Src/stm32f4xx_hal_can.c.obj
                0x08004038                HAL_CAN_AddTxMessage
 .text.HAL_CAN_GetRxMessage
                0x08004122      0x16a CMakeFiles/proj2.elf.dir/Drivers/STM32F4xx_HAL_Driver/Src/stm32f4xx_hal_can.c.obj
                0x08004122                HAL_CAN_GetRxMessage
 .text.HAL_CAN_ActivateNotification
                0x0800428c       0x24 CMakeFiles/proj2.elf.dir/Drivers/STM32F4xx_HAL_Driver/Src/stm32f4xx_hal_can.c.obj
                0x0800428c                HAL_CAN_ActivateNotification
 .text.HAL_CAN_TxMailbox0CompleteCallback
                0x080042b0        0x2 CMakeFiles/proj2.elf.dir/Drivers/STM32F4xx_HAL_Driver/Src/stm32f4xx_hal_can.c.obj
                0x080042b0                HAL_CAN_TxMailbox0CompleteCallback
 .text.HAL_CAN_TxMailbox1CompleteCallback
                0x080042b2        0x2 CMakeFiles/proj2.elf.dir/Drivers/STM32F4xx_HAL_Driver/Src/stm32f4xx_hal_can.c.obj
                0x080042b2                HAL_CAN_TxMailbox1CompleteCallback
 .text.HAL_CAN_TxMailbox2CompleteCallback
                0x080042b4        0x2 CMakeFiles/proj2.elf.dir/Drivers/STM32F4xx_HAL_Driver/Src/stm32f4xx_hal_can.c.obj
                0x080042b4                HAL_CAN_TxMailbox2CompleteCallback
 .text.HAL_CAN_TxMailbox0AbortCallback
                0x080042b6        0x2 CMakeFiles/proj2.elf.dir/Drivers/STM32F4xx_HAL_Driver/Src/stm32f4xx_hal_can.c.obj
                0x080042b6                HAL_CAN_TxMailbox0AbortCallback
 .text.HAL_CAN_TxMailbox1AbortCallback
                0x080042b8        0x2 CMakeFiles/proj2.elf.dir/Drivers/STM32F4xx_HAL_Driver/Src/stm32f4xx_hal_can.c.obj
                0x080042b8                HAL_CAN_TxMailbox1AbortCallback
 .text.HAL_CAN_TxMailbox2AbortCallback
                0x080042ba        0x2 CMakeFiles/proj2.elf.dir/Drivers/STM32F4xx_HAL_Driver/Src/stm32f4xx_hal_can.c.obj
                0x080042ba                HAL_CAN_TxMailbox2AbortCallback
 .text.HAL_CAN_RxFifo0FullCallback
                0x080042bc        0x2 CMakeFiles/proj2.elf.dir/Drivers/STM32F4xx_HAL_Driver/Src/stm32f4xx_hal_can.c.obj
                0x080042bc                HAL_CAN_RxFifo0FullCallback
 .text.HAL_CAN_RxFifo1MsgPendingCallback
                0x080042be        0x2 CMakeFiles/proj2.elf.dir/Drivers/STM32F4xx_HAL_Driver/Src/stm32f4xx_hal_can.c.obj
                0x080042be                HAL_CAN_RxFifo1MsgPendingCallback
 .text.HAL_CAN_RxFifo1FullCallback
                0x080042c0        0x2 CMakeFiles/proj2.elf.dir/Drivers/STM32F4xx_HAL_Driver/Src/stm32f4xx_hal_can.c.obj
                0x080042c0                HAL_CAN_RxFifo1FullCallback
 .text.HAL_CAN_SleepCallback
                0x080042c2        0x2 CMakeFiles/proj2.elf.dir/Drivers/STM32F4xx_HAL_Driver/Src/stm32f4xx_hal_can.c.obj
                0x080042c2                HAL_CAN_SleepCallback
 .text.HAL_CAN_WakeUpFromRxMsgCallback
                0x080042c4        0x2 CMakeFiles/proj2.elf.dir/Drivers/STM32F4xx_HAL_Driver/Src/stm32f4xx_hal_can.c.obj
                0x080042c4                HAL_CAN_WakeUpFromRxMsgCallback
 .text.HAL_CAN_ErrorCallback
                0x080042c6        0x2 CMakeFiles/proj2.elf.dir/Drivers/STM32F4xx_HAL_Driver/Src/stm32f4xx_hal_can.c.obj
                0x080042c6                HAL_CAN_ErrorCallback
 .text.HAL_CAN_IRQHandler
                0x080042c8      0x24a CMakeFiles/proj2.elf.dir/Drivers/STM32F4xx_HAL_Driver/Src/stm32f4xx_hal_can.c.obj
                0x080042c8                HAL_CAN_IRQHandler
 *fill*         0x08004512        0x2 
 .text.HAL_NVIC_SetPriorityGrouping
                0x08004514       0x24 CMakeFiles/proj2.elf.dir/Drivers/STM32F4xx_HAL_Driver/Src/stm32f4xx_hal_cortex.c.obj
                0x08004514                HAL_NVIC_SetPriorityGrouping
 .text.HAL_NVIC_SetPriority
                0x08004538       0x70 CMakeFiles/proj2.elf.dir/Drivers/STM32F4xx_HAL_Driver/Src/stm32f4xx_hal_cortex.c.obj
                0x08004538                HAL_NVIC_SetPriority
 .text.HAL_NVIC_EnableIRQ
                0x080045a8       0x1c CMakeFiles/proj2.elf.dir/Drivers/STM32F4xx_HAL_Driver/Src/stm32f4xx_hal_cortex.c.obj
                0x080045a8                HAL_NVIC_EnableIRQ
 .text.HAL_SYSTICK_Config
                0x080045c4       0x28 CMakeFiles/proj2.elf.dir/Drivers/STM32F4xx_HAL_Driver/Src/stm32f4xx_hal_cortex.c.obj
                0x080045c4                HAL_SYSTICK_Config
 .text.HAL_DMA_Abort
                0x080045ec       0x94 CMakeFiles/proj2.elf.dir/Drivers/STM32F4xx_HAL_Driver/Src/stm32f4xx_hal_dma.c.obj
                0x080045ec                HAL_DMA_Abort
 .text.HAL_DMA_Abort_IT
                0x08004680       0x26 CMakeFiles/proj2.elf.dir/Drivers/STM32F4xx_HAL_Driver/Src/stm32f4xx_hal_dma.c.obj
                0x08004680                HAL_DMA_Abort_IT
 *fill*         0x080046a6        0x2 
 .text.HAL_GPIO_Init
                0x080046a8      0x1fc CMakeFiles/proj2.elf.dir/Drivers/STM32F4xx_HAL_Driver/Src/stm32f4xx_hal_gpio.c.obj
                0x080046a8                HAL_GPIO_Init
 .text.HAL_GPIO_WritePin
                0x080048a4        0xc CMakeFiles/proj2.elf.dir/Drivers/STM32F4xx_HAL_Driver/Src/stm32f4xx_hal_gpio.c.obj
                0x080048a4                HAL_GPIO_WritePin
 .text.PCD_WriteEmptyTxFifo
                0x080048b0       0xd0 CMakeFiles/proj2.elf.dir/Drivers/STM32F4xx_HAL_Driver/Src/stm32f4xx_hal_pcd.c.obj
 .text.HAL_PCD_Init
                0x08004980      0x102 CMakeFiles/proj2.elf.dir/Drivers/STM32F4xx_HAL_Driver/Src/stm32f4xx_hal_pcd.c.obj
                0x08004980                HAL_PCD_Init
 .text.HAL_PCD_Start
                0x08004a82       0x44 CMakeFiles/proj2.elf.dir/Drivers/STM32F4xx_HAL_Driver/Src/stm32f4xx_hal_pcd.c.obj
                0x08004a82                HAL_PCD_Start
 *fill*         0x08004ac6        0x2 
 .text.PCD_EP_OutXfrComplete_int
                0x08004ac8      0x104 CMakeFiles/proj2.elf.dir/Drivers/STM32F4xx_HAL_Driver/Src/stm32f4xx_hal_pcd.c.obj
 .text.PCD_EP_OutSetupPacket_int
                0x08004bcc       0x50 CMakeFiles/proj2.elf.dir/Drivers/STM32F4xx_HAL_Driver/Src/stm32f4xx_hal_pcd.c.obj
 .text.HAL_PCD_SetAddress
                0x08004c1c       0x26 CMakeFiles/proj2.elf.dir/Drivers/STM32F4xx_HAL_Driver/Src/stm32f4xx_hal_pcd.c.obj
                0x08004c1c                HAL_PCD_SetAddress
 .text.HAL_PCD_EP_Open
                0x08004c42       0x8c CMakeFiles/proj2.elf.dir/Drivers/STM32F4xx_HAL_Driver/Src/stm32f4xx_hal_pcd.c.obj
                0x08004c42                HAL_PCD_EP_Open
 .text.HAL_PCD_EP_Close
                0x08004cce       0x70 CMakeFiles/proj2.elf.dir/Drivers/STM32F4xx_HAL_Driver/Src/stm32f4xx_hal_pcd.c.obj
                0x08004cce                HAL_PCD_EP_Close
 .text.HAL_PCD_EP_Receive
                0x08004d3e       0x4a CMakeFiles/proj2.elf.dir/Drivers/STM32F4xx_HAL_Driver/Src/stm32f4xx_hal_pcd.c.obj
                0x08004d3e                HAL_PCD_EP_Receive
 .text.HAL_PCD_EP_GetRxCount
                0x08004d88       0x12 CMakeFiles/proj2.elf.dir/Drivers/STM32F4xx_HAL_Driver/Src/stm32f4xx_hal_pcd.c.obj
                0x08004d88                HAL_PCD_EP_GetRxCount
 .text.HAL_PCD_EP_Transmit
                0x08004d9a       0x4a CMakeFiles/proj2.elf.dir/Drivers/STM32F4xx_HAL_Driver/Src/stm32f4xx_hal_pcd.c.obj
                0x08004d9a                HAL_PCD_EP_Transmit
 .text.HAL_PCD_EP_SetStall
                0x08004de4       0x86 CMakeFiles/proj2.elf.dir/Drivers/STM32F4xx_HAL_Driver/Src/stm32f4xx_hal_pcd.c.obj
                0x08004de4                HAL_PCD_EP_SetStall
 .text.HAL_PCD_EP_ClrStall
                0x08004e6a       0x74 CMakeFiles/proj2.elf.dir/Drivers/STM32F4xx_HAL_Driver/Src/stm32f4xx_hal_pcd.c.obj
                0x08004e6a                HAL_PCD_EP_ClrStall
 .text.HAL_PCD_EP_Abort
                0x08004ede       0x34 CMakeFiles/proj2.elf.dir/Drivers/STM32F4xx_HAL_Driver/Src/stm32f4xx_hal_pcd.c.obj
                0x08004ede                HAL_PCD_EP_Abort
 .text.HAL_PCD_IRQHandler
                0x08004f12      0x5bc CMakeFiles/proj2.elf.dir/Drivers/STM32F4xx_HAL_Driver/Src/stm32f4xx_hal_pcd.c.obj
                0x08004f12                HAL_PCD_IRQHandler
 .text.HAL_PCDEx_SetTxFiFo
                0x080054ce       0x4a CMakeFiles/proj2.elf.dir/Drivers/STM32F4xx_HAL_Driver/Src/stm32f4xx_hal_pcd_ex.c.obj
                0x080054ce                HAL_PCDEx_SetTxFiFo
 .text.HAL_PCDEx_SetRxFiFo
                0x08005518        0x8 CMakeFiles/proj2.elf.dir/Drivers/STM32F4xx_HAL_Driver/Src/stm32f4xx_hal_pcd_ex.c.obj
                0x08005518                HAL_PCDEx_SetRxFiFo
 .text.HAL_PCDEx_LPM_Callback
                0x08005520        0x2 CMakeFiles/proj2.elf.dir/Drivers/STM32F4xx_HAL_Driver/Src/stm32f4xx_hal_pcd_ex.c.obj
                0x08005520                HAL_PCDEx_LPM_Callback
 *fill*         0x08005522        0x2 
 .text.HAL_RCC_OscConfig
                0x08005524      0x3f8 CMakeFiles/proj2.elf.dir/Drivers/STM32F4xx_HAL_Driver/Src/stm32f4xx_hal_rcc.c.obj
                0x08005524                HAL_RCC_OscConfig
 .text.HAL_RCC_GetSysClockFreq
                0x0800591c       0xa4 CMakeFiles/proj2.elf.dir/Drivers/STM32F4xx_HAL_Driver/Src/stm32f4xx_hal_rcc.c.obj
                0x0800591c                HAL_RCC_GetSysClockFreq
 .text.HAL_RCC_ClockConfig
                0x080059c0      0x160 CMakeFiles/proj2.elf.dir/Drivers/STM32F4xx_HAL_Driver/Src/stm32f4xx_hal_rcc.c.obj
                0x080059c0                HAL_RCC_ClockConfig
 .text.HAL_RCC_GetHCLKFreq
                0x08005b20        0xc CMakeFiles/proj2.elf.dir/Drivers/STM32F4xx_HAL_Driver/Src/stm32f4xx_hal_rcc.c.obj
                0x08005b20                HAL_RCC_GetHCLKFreq
 .text.HAL_RCC_GetPCLK1Freq
                0x08005b2c       0x20 CMakeFiles/proj2.elf.dir/Drivers/STM32F4xx_HAL_Driver/Src/stm32f4xx_hal_rcc.c.obj
                0x08005b2c                HAL_RCC_GetPCLK1Freq
 .text.HAL_RCC_GetPCLK2Freq
                0x08005b4c       0x20 CMakeFiles/proj2.elf.dir/Drivers/STM32F4xx_HAL_Driver/Src/stm32f4xx_hal_rcc.c.obj
                0x08005b4c                HAL_RCC_GetPCLK2Freq
 .text.SPI_WaitFlagStateUntilTimeout
                0x08005b6c       0xd4 CMakeFiles/proj2.elf.dir/Drivers/STM32F4xx_HAL_Driver/Src/stm32f4xx_hal_spi.c.obj
 .text.SPI_EndRxTxTransaction
                0x08005c40       0x80 CMakeFiles/proj2.elf.dir/Drivers/STM32F4xx_HAL_Driver/Src/stm32f4xx_hal_spi.c.obj
 .text.HAL_SPI_Init
                0x08005cc0       0xbe CMakeFiles/proj2.elf.dir/Drivers/STM32F4xx_HAL_Driver/Src/stm32f4xx_hal_spi.c.obj
                0x08005cc0                HAL_SPI_Init
 .text.HAL_SPI_TransmitReceive
                0x08005d7e      0x254 CMakeFiles/proj2.elf.dir/Drivers/STM32F4xx_HAL_Driver/Src/stm32f4xx_hal_spi.c.obj
                0x08005d7e                HAL_SPI_TransmitReceive
 .text.UART_EndRxTransfer
                0x08005fd2       0x5c CMakeFiles/proj2.elf.dir/Drivers/STM32F4xx_HAL_Driver/Src/stm32f4xx_hal_uart.c.obj
 .text.UART_Transmit_IT
                0x0800602e       0x60 CMakeFiles/proj2.elf.dir/Drivers/STM32F4xx_HAL_Driver/Src/stm32f4xx_hal_uart.c.obj
 *fill*         0x0800608e        0x2 
 .text.UART_SetConfig
                0x08006090      0x110 CMakeFiles/proj2.elf.dir/Drivers/STM32F4xx_HAL_Driver/Src/stm32f4xx_hal_uart.c.obj
 .text.HAL_UART_Init
                0x080061a0       0x60 CMakeFiles/proj2.elf.dir/Drivers/STM32F4xx_HAL_Driver/Src/stm32f4xx_hal_uart.c.obj
                0x080061a0                HAL_UART_Init
 .text.HAL_UART_TxCpltCallback
                0x08006200        0x2 CMakeFiles/proj2.elf.dir/Drivers/STM32F4xx_HAL_Driver/Src/stm32f4xx_hal_uart.c.obj
                0x08006200                HAL_UART_TxCpltCallback
 .text.UART_EndTransmit_IT
                0x08006202       0x1a CMakeFiles/proj2.elf.dir/Drivers/STM32F4xx_HAL_Driver/Src/stm32f4xx_hal_uart.c.obj
 .text.HAL_UART_RxCpltCallback
                0x0800621c        0x2 CMakeFiles/proj2.elf.dir/Drivers/STM32F4xx_HAL_Driver/Src/stm32f4xx_hal_uart.c.obj
                0x0800621c                HAL_UART_RxCpltCallback
 .text.HAL_UART_ErrorCallback
                0x0800621e        0x2 CMakeFiles/proj2.elf.dir/Drivers/STM32F4xx_HAL_Driver/Src/stm32f4xx_hal_uart.c.obj
                0x0800621e                HAL_UART_ErrorCallback
 .text.UART_DMAAbortOnError
                0x08006220       0x10 CMakeFiles/proj2.elf.dir/Drivers/STM32F4xx_HAL_Driver/Src/stm32f4xx_hal_uart.c.obj
 .text.HAL_UARTEx_RxEventCallback
                0x08006230        0x2 CMakeFiles/proj2.elf.dir/Drivers/STM32F4xx_HAL_Driver/Src/stm32f4xx_hal_uart.c.obj
                0x08006230                HAL_UARTEx_RxEventCallback
 .text.UART_Receive_IT
                0x08006232       0xe6 CMakeFiles/proj2.elf.dir/Drivers/STM32F4xx_HAL_Driver/Src/stm32f4xx_hal_uart.c.obj
 .text.HAL_UART_IRQHandler
                0x08006318      0x288 CMakeFiles/proj2.elf.dir/Drivers/STM32F4xx_HAL_Driver/Src/stm32f4xx_hal_uart.c.obj
                0x08006318                HAL_UART_IRQHandler
 .text.UART_Start_Receive_IT
                0x080065a0       0x36 CMakeFiles/proj2.elf.dir/Drivers/STM32F4xx_HAL_Driver/Src/stm32f4xx_hal_uart.c.obj
                0x080065a0                UART_Start_Receive_IT
 .text.HAL_UART_Receive_IT
                0x080065d6       0x26 CMakeFiles/proj2.elf.dir/Drivers/STM32F4xx_HAL_Driver/Src/stm32f4xx_hal_uart.c.obj
                0x080065d6                HAL_UART_Receive_IT
 .text.USB_CoreReset
                0x080065fc       0x4a CMakeFiles/proj2.elf.dir/Drivers/STM32F4xx_HAL_Driver/Src/stm32f4xx_ll_usb.c.obj
 .text.USB_CoreInit
                0x08006646       0x92 CMakeFiles/proj2.elf.dir/Drivers/STM32F4xx_HAL_Driver/Src/stm32f4xx_ll_usb.c.obj
                0x08006646                USB_CoreInit
 .text.USB_SetTurnaroundTime
                0x080066d8       0xe4 CMakeFiles/proj2.elf.dir/Drivers/STM32F4xx_HAL_Driver/Src/stm32f4xx_ll_usb.c.obj
                0x080066d8                USB_SetTurnaroundTime
 .text.USB_EnableGlobalInt
                0x080067bc        0xc CMakeFiles/proj2.elf.dir/Drivers/STM32F4xx_HAL_Driver/Src/stm32f4xx_ll_usb.c.obj
                0x080067bc                USB_EnableGlobalInt
 .text.USB_DisableGlobalInt
                0x080067c8        0xc CMakeFiles/proj2.elf.dir/Drivers/STM32F4xx_HAL_Driver/Src/stm32f4xx_ll_usb.c.obj
                0x080067c8                USB_DisableGlobalInt
 .text.USB_FlushTxFifo
                0x080067d4       0x4a CMakeFiles/proj2.elf.dir/Drivers/STM32F4xx_HAL_Driver/Src/stm32f4xx_ll_usb.c.obj
                0x080067d4                USB_FlushTxFifo
 .text.USB_FlushRxFifo
                0x0800681e       0x46 CMakeFiles/proj2.elf.dir/Drivers/STM32F4xx_HAL_Driver/Src/stm32f4xx_ll_usb.c.obj
                0x0800681e                USB_FlushRxFifo
 .text.USB_SetDevSpeed
                0x08006864        0xe CMakeFiles/proj2.elf.dir/Drivers/STM32F4xx_HAL_Driver/Src/stm32f4xx_ll_usb.c.obj
                0x08006864                USB_SetDevSpeed
 *fill*         0x08006872        0x2 
 .text.USB_DevInit
                0x08006874      0x194 CMakeFiles/proj2.elf.dir/Drivers/STM32F4xx_HAL_Driver/Src/stm32f4xx_ll_usb.c.obj
                0x08006874                USB_DevInit
 .text.USB_GetDevSpeed
                0x08006a08       0x22 CMakeFiles/proj2.elf.dir/Drivers/STM32F4xx_HAL_Driver/Src/stm32f4xx_ll_usb.c.obj
                0x08006a08                USB_GetDevSpeed
 .text.USB_ActivateEndpoint
                0x08006a2a       0x9c CMakeFiles/proj2.elf.dir/Drivers/STM32F4xx_HAL_Driver/Src/stm32f4xx_ll_usb.c.obj
                0x08006a2a                USB_ActivateEndpoint
 *fill*         0x08006ac6        0x2 
 .text.USB_DeactivateEndpoint
                0x08006ac8       0xe0 CMakeFiles/proj2.elf.dir/Drivers/STM32F4xx_HAL_Driver/Src/stm32f4xx_ll_usb.c.obj
                0x08006ac8                USB_DeactivateEndpoint
 .text.USB_EPStopXfer
                0x08006ba8       0xbc CMakeFiles/proj2.elf.dir/Drivers/STM32F4xx_HAL_Driver/Src/stm32f4xx_ll_usb.c.obj
                0x08006ba8                USB_EPStopXfer
 .text.USB_WritePacket
                0x08006c64       0x2e CMakeFiles/proj2.elf.dir/Drivers/STM32F4xx_HAL_Driver/Src/stm32f4xx_ll_usb.c.obj
                0x08006c64                USB_WritePacket
 *fill*         0x08006c92        0x2 
 .text.USB_EPStartXfer
                0x08006c94      0x248 CMakeFiles/proj2.elf.dir/Drivers/STM32F4xx_HAL_Driver/Src/stm32f4xx_ll_usb.c.obj
                0x08006c94                USB_EPStartXfer
 .text.USB_ReadPacket
                0x08006edc       0x54 CMakeFiles/proj2.elf.dir/Drivers/STM32F4xx_HAL_Driver/Src/stm32f4xx_ll_usb.c.obj
                0x08006edc                USB_ReadPacket
 .text.USB_EPSetStall
                0x08006f30       0x5a CMakeFiles/proj2.elf.dir/Drivers/STM32F4xx_HAL_Driver/Src/stm32f4xx_ll_usb.c.obj
                0x08006f30                USB_EPSetStall
 .text.USB_EPClearStall
                0x08006f8a       0x5c CMakeFiles/proj2.elf.dir/Drivers/STM32F4xx_HAL_Driver/Src/stm32f4xx_ll_usb.c.obj
                0x08006f8a                USB_EPClearStall
 .text.USB_SetDevAddress
                0x08006fe6       0x20 CMakeFiles/proj2.elf.dir/Drivers/STM32F4xx_HAL_Driver/Src/stm32f4xx_ll_usb.c.obj
                0x08006fe6                USB_SetDevAddress
 .text.USB_DevConnect
                0x08007006       0x1c CMakeFiles/proj2.elf.dir/Drivers/STM32F4xx_HAL_Driver/Src/stm32f4xx_ll_usb.c.obj
                0x08007006                USB_DevConnect
 .text.USB_DevDisconnect
                0x08007022       0x1c CMakeFiles/proj2.elf.dir/Drivers/STM32F4xx_HAL_Driver/Src/stm32f4xx_ll_usb.c.obj
                0x08007022                USB_DevDisconnect
 .text.USB_ReadInterrupts
                0x0800703e        0x8 CMakeFiles/proj2.elf.dir/Drivers/STM32F4xx_HAL_Driver/Src/stm32f4xx_ll_usb.c.obj
                0x0800703e                USB_ReadInterrupts
 .text.USB_ReadDevAllOutEpInterrupt
                0x08007046       0x10 CMakeFiles/proj2.elf.dir/Drivers/STM32F4xx_HAL_Driver/Src/stm32f4xx_ll_usb.c.obj
                0x08007046                USB_ReadDevAllOutEpInterrupt
 .text.USB_ReadDevAllInEpInterrupt
                0x08007056       0x10 CMakeFiles/proj2.elf.dir/Drivers/STM32F4xx_HAL_Driver/Src/stm32f4xx_ll_usb.c.obj
                0x08007056                USB_ReadDevAllInEpInterrupt
 .text.USB_ReadDevOutEPInterrupt
                0x08007066       0x12 CMakeFiles/proj2.elf.dir/Drivers/STM32F4xx_HAL_Driver/Src/stm32f4xx_ll_usb.c.obj
                0x08007066                USB_ReadDevOutEPInterrupt
 .text.USB_ReadDevInEPInterrupt
                0x08007078       0x26 CMakeFiles/proj2.elf.dir/Drivers/STM32F4xx_HAL_Driver/Src/stm32f4xx_ll_usb.c.obj
                0x08007078                USB_ReadDevInEPInterrupt
 .text.USB_GetMode
                0x0800709e        0x8 CMakeFiles/proj2.elf.dir/Drivers/STM32F4xx_HAL_Driver/Src/stm32f4xx_ll_usb.c.obj
                0x0800709e                USB_GetMode
 .text.USB_SetCurrentMode
                0x080070a6       0x62 CMakeFiles/proj2.elf.dir/Drivers/STM32F4xx_HAL_Driver/Src/stm32f4xx_ll_usb.c.obj
                0x080070a6                USB_SetCurrentMode
 .text.USB_ActivateSetup
                0x08007108       0x20 CMakeFiles/proj2.elf.dir/Drivers/STM32F4xx_HAL_Driver/Src/stm32f4xx_ll_usb.c.obj
                0x08007108                USB_ActivateSetup
 .text.USB_EP0_OutStart
                0x08007128       0x5c CMakeFiles/proj2.elf.dir/Drivers/STM32F4xx_HAL_Driver/Src/stm32f4xx_ll_usb.c.obj
                0x08007128                USB_EP0_OutStart
 .text.USBD_CDC_EP0_RxReady
                0x08007184       0x40 CMakeFiles/proj2.elf.dir/Middlewares/ST/STM32_USB_Device_Library/Class/CDC/Src/usbd_cdc.c.obj
 .text.USBD_CDC_GetDeviceQualifierDescriptor
                0x080071c4        0xc CMakeFiles/proj2.elf.dir/Middlewares/ST/STM32_USB_Device_Library/Class/CDC/Src/usbd_cdc.c.obj
                0x080071c4                USBD_CDC_GetDeviceQualifierDescriptor
 .text.USBD_CDC_GetOtherSpeedCfgDesc
                0x080071d0       0x48 CMakeFiles/proj2.elf.dir/Middlewares/ST/STM32_USB_Device_Library/Class/CDC/Src/usbd_cdc.c.obj
 .text.USBD_CDC_GetFSCfgDesc
                0x08007218       0x48 CMakeFiles/proj2.elf.dir/Middlewares/ST/STM32_USB_Device_Library/Class/CDC/Src/usbd_cdc.c.obj
 .text.USBD_CDC_GetHSCfgDesc
                0x08007260       0x48 CMakeFiles/proj2.elf.dir/Middlewares/ST/STM32_USB_Device_Library/Class/CDC/Src/usbd_cdc.c.obj
 .text.USBD_CDC_DataOut
                0x080072a8       0x38 CMakeFiles/proj2.elf.dir/Middlewares/ST/STM32_USB_Device_Library/Class/CDC/Src/usbd_cdc.c.obj
 .text.USBD_CDC_DataIn
                0x080072e0       0x7c CMakeFiles/proj2.elf.dir/Middlewares/ST/STM32_USB_Device_Library/Class/CDC/Src/usbd_cdc.c.obj
 .text.USBD_CDC_Setup
                0x0800735c      0x11a CMakeFiles/proj2.elf.dir/Middlewares/ST/STM32_USB_Device_Library/Class/CDC/Src/usbd_cdc.c.obj
 .text.USBD_CDC_DeInit
                0x08007476       0x64 CMakeFiles/proj2.elf.dir/Middlewares/ST/STM32_USB_Device_Library/Class/CDC/Src/usbd_cdc.c.obj
 .text.USBD_CDC_Init
                0x080074da       0xee CMakeFiles/proj2.elf.dir/Middlewares/ST/STM32_USB_Device_Library/Class/CDC/Src/usbd_cdc.c.obj
 .text.USBD_CDC_RegisterInterface
                0x080075c8       0x16 CMakeFiles/proj2.elf.dir/Middlewares/ST/STM32_USB_Device_Library/Class/CDC/Src/usbd_cdc.c.obj
                0x080075c8                USBD_CDC_RegisterInterface
 .text.USBD_CDC_SetTxBuffer
                0x080075de       0x1c CMakeFiles/proj2.elf.dir/Middlewares/ST/STM32_USB_Device_Library/Class/CDC/Src/usbd_cdc.c.obj
                0x080075de                USBD_CDC_SetTxBuffer
 .text.USBD_CDC_SetRxBuffer
                0x080075fa       0x18 CMakeFiles/proj2.elf.dir/Middlewares/ST/STM32_USB_Device_Library/Class/CDC/Src/usbd_cdc.c.obj
                0x080075fa                USBD_CDC_SetRxBuffer
 .text.USBD_CDC_TransmitPacket
                0x08007612       0x3a CMakeFiles/proj2.elf.dir/Middlewares/ST/STM32_USB_Device_Library/Class/CDC/Src/usbd_cdc.c.obj
                0x08007612                USBD_CDC_TransmitPacket
 .text.USBD_CDC_ReceivePacket
                0x0800764c       0x38 CMakeFiles/proj2.elf.dir/Middlewares/ST/STM32_USB_Device_Library/Class/CDC/Src/usbd_cdc.c.obj
                0x0800764c                USBD_CDC_ReceivePacket
 .text.USBD_Init
                0x08007684       0x2e CMakeFiles/proj2.elf.dir/Middlewares/ST/STM32_USB_Device_Library/Core/Src/usbd_core.c.obj
                0x08007684                USBD_Init
 .text.USBD_RegisterClass
                0x080076b2       0x34 CMakeFiles/proj2.elf.dir/Middlewares/ST/STM32_USB_Device_Library/Core/Src/usbd_core.c.obj
                0x080076b2                USBD_RegisterClass
 .text.USBD_Start
                0x080076e6        0x8 CMakeFiles/proj2.elf.dir/Middlewares/ST/STM32_USB_Device_Library/Core/Src/usbd_core.c.obj
                0x080076e6                USBD_Start
 .text.USBD_SetClassConfig
                0x080076ee       0x12 CMakeFiles/proj2.elf.dir/Middlewares/ST/STM32_USB_Device_Library/Core/Src/usbd_core.c.obj
                0x080076ee                USBD_SetClassConfig
 .text.USBD_ClrClassConfig
                0x08007700       0x12 CMakeFiles/proj2.elf.dir/Middlewares/ST/STM32_USB_Device_Library/Core/Src/usbd_core.c.obj
                0x08007700                USBD_ClrClassConfig
 .text.USBD_LL_SetupStage
                0x08007712       0x58 CMakeFiles/proj2.elf.dir/Middlewares/ST/STM32_USB_Device_Library/Core/Src/usbd_core.c.obj
                0x08007712                USBD_LL_SetupStage
 .text.USBD_LL_Reset
                0x0800776a       0x64 CMakeFiles/proj2.elf.dir/Middlewares/ST/STM32_USB_Device_Library/Core/Src/usbd_core.c.obj
                0x0800776a                USBD_LL_Reset
 .text.USBD_LL_SetSpeed
                0x080077ce        0x6 CMakeFiles/proj2.elf.dir/Middlewares/ST/STM32_USB_Device_Library/Core/Src/usbd_core.c.obj
                0x080077ce                USBD_LL_SetSpeed
 .text.USBD_LL_Suspend
                0x080077d4       0x1e CMakeFiles/proj2.elf.dir/Middlewares/ST/STM32_USB_Device_Library/Core/Src/usbd_core.c.obj
                0x080077d4                USBD_LL_Suspend
 .text.USBD_LL_Resume
                0x080077f2       0x1a CMakeFiles/proj2.elf.dir/Middlewares/ST/STM32_USB_Device_Library/Core/Src/usbd_core.c.obj
                0x080077f2                USBD_LL_Resume
 .text.USBD_LL_SOF
                0x0800780c       0x22 CMakeFiles/proj2.elf.dir/Middlewares/ST/STM32_USB_Device_Library/Core/Src/usbd_core.c.obj
                0x0800780c                USBD_LL_SOF
 .text.USBD_LL_IsoINIncomplete
                0x0800782e       0x2e CMakeFiles/proj2.elf.dir/Middlewares/ST/STM32_USB_Device_Library/Core/Src/usbd_core.c.obj
                0x0800782e                USBD_LL_IsoINIncomplete
 .text.USBD_LL_IsoOUTIncomplete
                0x0800785c       0x2e CMakeFiles/proj2.elf.dir/Middlewares/ST/STM32_USB_Device_Library/Core/Src/usbd_core.c.obj
                0x0800785c                USBD_LL_IsoOUTIncomplete
 .text.USBD_LL_DevConnected
                0x0800788a        0x4 CMakeFiles/proj2.elf.dir/Middlewares/ST/STM32_USB_Device_Library/Core/Src/usbd_core.c.obj
                0x0800788a                USBD_LL_DevConnected
 .text.USBD_LL_DevDisconnected
                0x0800788e       0x20 CMakeFiles/proj2.elf.dir/Middlewares/ST/STM32_USB_Device_Library/Core/Src/usbd_core.c.obj
                0x0800788e                USBD_LL_DevDisconnected
 .text.USBD_CoreFindIF
                0x080078ae        0x4 CMakeFiles/proj2.elf.dir/Middlewares/ST/STM32_USB_Device_Library/Core/Src/usbd_core.c.obj
                0x080078ae                USBD_CoreFindIF
 .text.USBD_CoreFindEP
                0x080078b2        0x4 CMakeFiles/proj2.elf.dir/Middlewares/ST/STM32_USB_Device_Library/Core/Src/usbd_core.c.obj
                0x080078b2                USBD_CoreFindEP
 .text.USBD_LL_DataOutStage
                0x080078b6       0xc6 CMakeFiles/proj2.elf.dir/Middlewares/ST/STM32_USB_Device_Library/Core/Src/usbd_core.c.obj
                0x080078b6                USBD_LL_DataOutStage
 .text.USBD_LL_DataInStage
                0x0800797c       0xd6 CMakeFiles/proj2.elf.dir/Middlewares/ST/STM32_USB_Device_Library/Core/Src/usbd_core.c.obj
                0x0800797c                USBD_LL_DataInStage
 .text.USBD_GetNextDesc
                0x08007a52        0xe CMakeFiles/proj2.elf.dir/Middlewares/ST/STM32_USB_Device_Library/Core/Src/usbd_core.c.obj
                0x08007a52                USBD_GetNextDesc
 .text.USBD_GetEpDesc
                0x08007a60       0x3e CMakeFiles/proj2.elf.dir/Middlewares/ST/STM32_USB_Device_Library/Core/Src/usbd_core.c.obj
                0x08007a60                USBD_GetEpDesc
 .text.USBD_GetLen
                0x08007a9e       0x14 CMakeFiles/proj2.elf.dir/Middlewares/ST/STM32_USB_Device_Library/Core/Src/usbd_ctlreq.c.obj
 .text.USBD_ParseSetupRequest
                0x08007ab2       0x28 CMakeFiles/proj2.elf.dir/Middlewares/ST/STM32_USB_Device_Library/Core/Src/usbd_ctlreq.c.obj
                0x08007ab2                USBD_ParseSetupRequest
 .text.USBD_CtlError
                0x08007ada       0x14 CMakeFiles/proj2.elf.dir/Middlewares/ST/STM32_USB_Device_Library/Core/Src/usbd_ctlreq.c.obj
                0x08007ada                USBD_CtlError
 .text.USBD_GetDescriptor
                0x08007aee      0x18a CMakeFiles/proj2.elf.dir/Middlewares/ST/STM32_USB_Device_Library/Core/Src/usbd_ctlreq.c.obj
 .text.USBD_SetAddress
                0x08007c78       0x50 CMakeFiles/proj2.elf.dir/Middlewares/ST/STM32_USB_Device_Library/Core/Src/usbd_ctlreq.c.obj
 .text.USBD_SetConfig
                0x08007cc8       0xcc CMakeFiles/proj2.elf.dir/Middlewares/ST/STM32_USB_Device_Library/Core/Src/usbd_ctlreq.c.obj
 .text.USBD_GetConfig
                0x08007d94       0x40 CMakeFiles/proj2.elf.dir/Middlewares/ST/STM32_USB_Device_Library/Core/Src/usbd_ctlreq.c.obj
 .text.USBD_GetStatus
                0x08007dd4       0x38 CMakeFiles/proj2.elf.dir/Middlewares/ST/STM32_USB_Device_Library/Core/Src/usbd_ctlreq.c.obj
 .text.USBD_SetFeature
                0x08007e0c       0x2a CMakeFiles/proj2.elf.dir/Middlewares/ST/STM32_USB_Device_Library/Core/Src/usbd_ctlreq.c.obj
 .text.USBD_ClrFeature
                0x08007e36       0x26 CMakeFiles/proj2.elf.dir/Middlewares/ST/STM32_USB_Device_Library/Core/Src/usbd_ctlreq.c.obj
 .text.USBD_StdDevReq
                0x08007e5c       0x76 CMakeFiles/proj2.elf.dir/Middlewares/ST/STM32_USB_Device_Library/Core/Src/usbd_ctlreq.c.obj
                0x08007e5c                USBD_StdDevReq
 .text.USBD_StdItfReq
                0x08007ed2       0x84 CMakeFiles/proj2.elf.dir/Middlewares/ST/STM32_USB_Device_Library/Core/Src/usbd_ctlreq.c.obj
                0x08007ed2                USBD_StdItfReq
 .text.USBD_StdEPReq
                0x08007f56      0x230 CMakeFiles/proj2.elf.dir/Middlewares/ST/STM32_USB_Device_Library/Core/Src/usbd_ctlreq.c.obj
                0x08007f56                USBD_StdEPReq
 .text.USBD_GetString
                0x08008186       0x46 CMakeFiles/proj2.elf.dir/Middlewares/ST/STM32_USB_Device_Library/Core/Src/usbd_ctlreq.c.obj
                0x08008186                USBD_GetString
 .text.USBD_CtlSendData
                0x080081cc       0x1a CMakeFiles/proj2.elf.dir/Middlewares/ST/STM32_USB_Device_Library/Core/Src/usbd_ioreq.c.obj
                0x080081cc                USBD_CtlSendData
 .text.USBD_CtlContinueSendData
                0x080081e6       0x10 CMakeFiles/proj2.elf.dir/Middlewares/ST/STM32_USB_Device_Library/Core/Src/usbd_ioreq.c.obj
                0x080081e6                USBD_CtlContinueSendData
 .text.USBD_CtlPrepareRx
                0x080081f6       0x1e CMakeFiles/proj2.elf.dir/Middlewares/ST/STM32_USB_Device_Library/Core/Src/usbd_ioreq.c.obj
                0x080081f6                USBD_CtlPrepareRx
 .text.USBD_CtlContinueRx
                0x08008214       0x10 CMakeFiles/proj2.elf.dir/Middlewares/ST/STM32_USB_Device_Library/Core/Src/usbd_ioreq.c.obj
                0x08008214                USBD_CtlContinueRx
 .text.USBD_CtlSendStatus
                0x08008224       0x16 CMakeFiles/proj2.elf.dir/Middlewares/ST/STM32_USB_Device_Library/Core/Src/usbd_ioreq.c.obj
                0x08008224                USBD_CtlSendStatus
 .text.USBD_CtlReceiveStatus
                0x0800823a       0x16 CMakeFiles/proj2.elf.dir/Middlewares/ST/STM32_USB_Device_Library/Core/Src/usbd_ioreq.c.obj
                0x0800823a                USBD_CtlReceiveStatus
 .text.MX_USB_DEVICE_Init
                0x08008250       0x54 CMakeFiles/proj2.elf.dir/USB_DEVICE/App/usb_device.c.obj
                0x08008250                MX_USB_DEVICE_Init
 .text.CDC_DeInit_FS
                0x080082a4        0x4 CMakeFiles/proj2.elf.dir/USB_DEVICE/App/usbd_cdc_if.c.obj
 .text.CDC_TransmitCplt_FS
                0x080082a8        0x4 CMakeFiles/proj2.elf.dir/USB_DEVICE/App/usbd_cdc_if.c.obj
 .text.CDC_Receive_FS
                0x080082ac       0x28 CMakeFiles/proj2.elf.dir/USB_DEVICE/App/usbd_cdc_if.c.obj
 .text.CDC_Control_FS
                0x080082d4       0x3c CMakeFiles/proj2.elf.dir/USB_DEVICE/App/usbd_cdc_if.c.obj
 .text.CDC_Init_FS
                0x08008310       0x28 CMakeFiles/proj2.elf.dir/USB_DEVICE/App/usbd_cdc_if.c.obj
 .text.USBD_FS_DeviceDescriptor
                0x08008338        0xc CMakeFiles/proj2.elf.dir/USB_DEVICE/App/usbd_desc.c.obj
                0x08008338                USBD_FS_DeviceDescriptor
 .text.USBD_FS_LangIDStrDescriptor
                0x08008344        0xc CMakeFiles/proj2.elf.dir/USB_DEVICE/App/usbd_desc.c.obj
                0x08008344                USBD_FS_LangIDStrDescriptor
 .text.IntToUnicode
                0x08008350       0x46 CMakeFiles/proj2.elf.dir/USB_DEVICE/App/usbd_desc.c.obj
 *fill*         0x08008396        0x2 
 .text.Get_SerialNum
                0x08008398       0x38 CMakeFiles/proj2.elf.dir/USB_DEVICE/App/usbd_desc.c.obj
 .text.USBD_FS_SerialStrDescriptor
                0x080083d0       0x14 CMakeFiles/proj2.elf.dir/USB_DEVICE/App/usbd_desc.c.obj
                0x080083d0                USBD_FS_SerialStrDescriptor
 .text.USBD_FS_ProductStrDescriptor
                0x080083e4       0x24 CMakeFiles/proj2.elf.dir/USB_DEVICE/App/usbd_desc.c.obj
                0x080083e4                USBD_FS_ProductStrDescriptor
 .text.USBD_FS_ManufacturerStrDescriptor
                0x08008408       0x1c CMakeFiles/proj2.elf.dir/USB_DEVICE/App/usbd_desc.c.obj
                0x08008408                USBD_FS_ManufacturerStrDescriptor
 .text.USBD_FS_ConfigStrDescriptor
                0x08008424       0x24 CMakeFiles/proj2.elf.dir/USB_DEVICE/App/usbd_desc.c.obj
                0x08008424                USBD_FS_ConfigStrDescriptor
 .text.USBD_FS_InterfaceStrDescriptor
                0x08008448       0x24 CMakeFiles/proj2.elf.dir/USB_DEVICE/App/usbd_desc.c.obj
                0x08008448                USBD_FS_InterfaceStrDescriptor
 .text.HAL_PCD_MspInit
                0x0800846c       0x84 CMakeFiles/proj2.elf.dir/USB_DEVICE/Target/usbd_conf.c.obj
                0x0800846c                HAL_PCD_MspInit
 .text.HAL_PCD_SetupStageCallback
                0x080084f0       0x10 CMakeFiles/proj2.elf.dir/USB_DEVICE/Target/usbd_conf.c.obj
                0x080084f0                HAL_PCD_SetupStageCallback
 .text.HAL_PCD_DataOutStageCallback
                0x08008500       0x18 CMakeFiles/proj2.elf.dir/USB_DEVICE/Target/usbd_conf.c.obj
                0x08008500                HAL_PCD_DataOutStageCallback
 .text.HAL_PCD_DataInStageCallback
                0x08008518       0x16 CMakeFiles/proj2.elf.dir/USB_DEVICE/Target/usbd_conf.c.obj
                0x08008518                HAL_PCD_DataInStageCallback
 .text.HAL_PCD_SOFCallback
                0x0800852e        0xc CMakeFiles/proj2.elf.dir/USB_DEVICE/Target/usbd_conf.c.obj
                0x0800852e                HAL_PCD_SOFCallback
 .text.HAL_PCD_ResetCallback
                0x0800853a       0x28 CMakeFiles/proj2.elf.dir/USB_DEVICE/Target/usbd_conf.c.obj
                0x0800853a                HAL_PCD_ResetCallback
 *fill*         0x08008562        0x2 
 .text.HAL_PCD_SuspendCallback
                0x08008564       0x30 CMakeFiles/proj2.elf.dir/USB_DEVICE/Target/usbd_conf.c.obj
                0x08008564                HAL_PCD_SuspendCallback
 .text.HAL_PCD_ResumeCallback
                0x08008594        0xc CMakeFiles/proj2.elf.dir/USB_DEVICE/Target/usbd_conf.c.obj
                0x08008594                HAL_PCD_ResumeCallback
 .text.HAL_PCD_ISOOUTIncompleteCallback
                0x080085a0        0xc CMakeFiles/proj2.elf.dir/USB_DEVICE/Target/usbd_conf.c.obj
                0x080085a0                HAL_PCD_ISOOUTIncompleteCallback
 .text.HAL_PCD_ISOINIncompleteCallback
                0x080085ac        0xc CMakeFiles/proj2.elf.dir/USB_DEVICE/Target/usbd_conf.c.obj
                0x080085ac                HAL_PCD_ISOINIncompleteCallback
 .text.HAL_PCD_ConnectCallback
                0x080085b8        0xc CMakeFiles/proj2.elf.dir/USB_DEVICE/Target/usbd_conf.c.obj
                0x080085b8                HAL_PCD_ConnectCallback
 .text.HAL_PCD_DisconnectCallback
                0x080085c4        0xc CMakeFiles/proj2.elf.dir/USB_DEVICE/Target/usbd_conf.c.obj
                0x080085c4                HAL_PCD_DisconnectCallback
 .text.USBD_LL_Init
                0x080085d0       0x68 CMakeFiles/proj2.elf.dir/USB_DEVICE/Target/usbd_conf.c.obj
                0x080085d0                USBD_LL_Init
 .text.USBD_LL_IsStallEP
                0x08008638       0x2c CMakeFiles/proj2.elf.dir/USB_DEVICE/Target/usbd_conf.c.obj
                0x08008638                USBD_LL_IsStallEP
 .text.USBD_LL_GetRxDataSize
                0x08008664        0xc CMakeFiles/proj2.elf.dir/USB_DEVICE/Target/usbd_conf.c.obj
                0x08008664                USBD_LL_GetRxDataSize
 .text.USBD_static_malloc
                0x08008670        0x8 CMakeFiles/proj2.elf.dir/USB_DEVICE/Target/usbd_conf.c.obj
                0x08008670                USBD_static_malloc
 .text.USBD_static_free
                0x08008678        0x2 CMakeFiles/proj2.elf.dir/USB_DEVICE/Target/usbd_conf.c.obj
                0x08008678                USBD_static_free
 .text.USBD_Get_USB_Status
                0x0800867a       0x14 CMakeFiles/proj2.elf.dir/USB_DEVICE/Target/usbd_conf.c.obj
                0x0800867a                USBD_Get_USB_Status
 .text.USBD_LL_Start
                0x0800868e       0x10 CMakeFiles/proj2.elf.dir/USB_DEVICE/Target/usbd_conf.c.obj
                0x0800868e                USBD_LL_Start
 .text.USBD_LL_OpenEP
                0x0800869e       0x16 CMakeFiles/proj2.elf.dir/USB_DEVICE/Target/usbd_conf.c.obj
                0x0800869e                USBD_LL_OpenEP
 .text.USBD_LL_CloseEP
                0x080086b4       0x10 CMakeFiles/proj2.elf.dir/USB_DEVICE/Target/usbd_conf.c.obj
                0x080086b4                USBD_LL_CloseEP
 .text.USBD_LL_StallEP
                0x080086c4       0x10 CMakeFiles/proj2.elf.dir/USB_DEVICE/Target/usbd_conf.c.obj
                0x080086c4                USBD_LL_StallEP
 .text.USBD_LL_ClearStallEP
                0x080086d4       0x10 CMakeFiles/proj2.elf.dir/USB_DEVICE/Target/usbd_conf.c.obj
                0x080086d4                USBD_LL_ClearStallEP
 .text.USBD_LL_SetUSBAddress
                0x080086e4       0x10 CMakeFiles/proj2.elf.dir/USB_DEVICE/Target/usbd_conf.c.obj
                0x080086e4                USBD_LL_SetUSBAddress
 .text.USBD_LL_Transmit
                0x080086f4       0x10 CMakeFiles/proj2.elf.dir/USB_DEVICE/Target/usbd_conf.c.obj
                0x080086f4                USBD_LL_Transmit
 .text.USBD_LL_PrepareReceive
                0x08008704       0x10 CMakeFiles/proj2.elf.dir/USB_DEVICE/Target/usbd_conf.c.obj
                0x08008704                USBD_LL_PrepareReceive
 .text.__errno  0x08008714        0xc d:/stm32cubemx/gcc-arm-none-eabi/bin/../lib/gcc/arm-none-eabi/10.3.1/../../../../arm-none-eabi/lib/thumb/v7e-m/nofp\libg.a(lib_a-errno.o)
                0x08008714                __errno
 .text.__libc_init_array
                0x08008720       0x48 d:/stm32cubemx/gcc-arm-none-eabi/bin/../lib/gcc/arm-none-eabi/10.3.1/../../../../arm-none-eabi/lib/thumb/v7e-m/nofp\libg.a(lib_a-init.o)
                0x08008720                __libc_init_array
 .text.memset   0x08008768       0xa4 d:/stm32cubemx/gcc-arm-none-eabi/bin/../lib/gcc/arm-none-eabi/10.3.1/../../../../arm-none-eabi/lib/thumb/v7e-m/nofp\libg.a(lib_a-memset.o)
                0x08008768                memset
 .text.sscanf   0x0800880c       0x54 d:/stm32cubemx/gcc-arm-none-eabi/bin/../lib/gcc/arm-none-eabi/10.3.1/../../../../arm-none-eabi/lib/thumb/v7e-m/nofp\libg.a(lib_a-sscanf.o)
                0x0800880c                sscanf
 .text.__sread  0x08008860       0x24 d:/stm32cubemx/gcc-arm-none-eabi/bin/../lib/gcc/arm-none-eabi/10.3.1/../../../../arm-none-eabi/lib/thumb/v7e-m/nofp\libg.a(lib_a-stdio.o)
                0x08008860                __sread
 .text.__seofread
                0x08008884        0x4 d:/stm32cubemx/gcc-arm-none-eabi/bin/../lib/gcc/arm-none-eabi/10.3.1/../../../../arm-none-eabi/lib/thumb/v7e-m/nofp\libg.a(lib_a-stdio.o)
                0x08008884                __seofread
 .text.__swrite
                0x08008888       0x40 d:/stm32cubemx/gcc-arm-none-eabi/bin/../lib/gcc/arm-none-eabi/10.3.1/../../../../arm-none-eabi/lib/thumb/v7e-m/nofp\libg.a(lib_a-stdio.o)
                0x08008888                __swrite
 .text.__sseek  0x080088c8       0x20 d:/stm32cubemx/gcc-arm-none-eabi/bin/../lib/gcc/arm-none-eabi/10.3.1/../../../../arm-none-eabi/lib/thumb/v7e-m/nofp\libg.a(lib_a-stdio.o)
                0x080088c8                __sseek
 .text.__sclose
                0x080088e8        0x8 d:/stm32cubemx/gcc-arm-none-eabi/bin/../lib/gcc/arm-none-eabi/10.3.1/../../../../arm-none-eabi/lib/thumb/v7e-m/nofp\libg.a(lib_a-stdio.o)
                0x080088e8                __sclose
 .text.__ssvfscanf_r
                0x080088f0     0x170c d:/stm32cubemx/gcc-arm-none-eabi/bin/../lib/gcc/arm-none-eabi/10.3.1/../../../../arm-none-eabi/lib/thumb/v7e-m/nofp\libg.a(lib_a-svfscanf.o)
                0x080088f0                __ssvfscanf_r
 .text.vsprintf
                0x08009ffc       0x38 d:/stm32cubemx/gcc-arm-none-eabi/bin/../lib/gcc/arm-none-eabi/10.3.1/../../../../arm-none-eabi/lib/thumb/v7e-m/nofp\libg.a(lib_a-vsprintf.o)
                0x08009ffc                vsprintf
 .text._write_r
                0x0800a034       0x2c d:/stm32cubemx/gcc-arm-none-eabi/bin/../lib/gcc/arm-none-eabi/10.3.1/../../../../arm-none-eabi/lib/thumb/v7e-m/nofp\libg.a(lib_a-writer.o)
                0x0800a034                _write_r
 .text.startup.register_fini
                0x0800a060       0x14 d:/stm32cubemx/gcc-arm-none-eabi/bin/../lib/gcc/arm-none-eabi/10.3.1/../../../../arm-none-eabi/lib/thumb/v7e-m/nofp\libg.a(lib_a-__call_atexit.o)
 .text.atexit   0x0800a074        0xc d:/stm32cubemx/gcc-arm-none-eabi/bin/../lib/gcc/arm-none-eabi/10.3.1/../../../../arm-none-eabi/lib/thumb/v7e-m/nofp\libg.a(lib_a-atexit.o)
                0x0800a074                atexit
 .text._close_r
                0x0800a080       0x24 d:/stm32cubemx/gcc-arm-none-eabi/bin/../lib/gcc/arm-none-eabi/10.3.1/../../../../arm-none-eabi/lib/thumb/v7e-m/nofp\libg.a(lib_a-closer.o)
                0x0800a080                _close_r
 .text.__libc_fini_array
                0x0800a0a4       0x2c d:/stm32cubemx/gcc-arm-none-eabi/bin/../lib/gcc/arm-none-eabi/10.3.1/../../../../arm-none-eabi/lib/thumb/v7e-m/nofp\libg.a(lib_a-fini.o)
                0x0800a0a4                __libc_fini_array
 .text.iswspace
                0x0800a0d0        0x8 d:/stm32cubemx/gcc-arm-none-eabi/bin/../lib/gcc/arm-none-eabi/10.3.1/../../../../arm-none-eabi/lib/thumb/v7e-m/nofp\libg.a(lib_a-iswspace.o)
                0x0800a0d0                iswspace
 .text.iswspace_l
                0x0800a0d8       0x14 d:/stm32cubemx/gcc-arm-none-eabi/bin/../lib/gcc/arm-none-eabi/10.3.1/../../../../arm-none-eabi/lib/thumb/v7e-m/nofp\libg.a(lib_a-iswspace_l.o)
                0x0800a0d8                iswspace_l
 .text.__locale_mb_cur_max
                0x0800a0ec        0xc d:/stm32cubemx/gcc-arm-none-eabi/bin/../lib/gcc/arm-none-eabi/10.3.1/../../../../arm-none-eabi/lib/thumb/v7e-m/nofp\libg.a(lib_a-locale.o)
                0x0800a0ec                __locale_mb_cur_max
 .text._localeconv_r
                0x0800a0f8        0x8 d:/stm32cubemx/gcc-arm-none-eabi/bin/../lib/gcc/arm-none-eabi/10.3.1/../../../../arm-none-eabi/lib/thumb/v7e-m/nofp\libg.a(lib_a-localeconv.o)
                0x0800a0f8                _localeconv_r
 .text.__retarget_lock_init_recursive
                0x0800a100        0x4 d:/stm32cubemx/gcc-arm-none-eabi/bin/../lib/gcc/arm-none-eabi/10.3.1/../../../../arm-none-eabi/lib/thumb/v7e-m/nofp\libg.a(lib_a-lock.o)
                0x0800a100                __retarget_lock_init_recursive
 .text.__retarget_lock_close_recursive
                0x0800a104        0x4 d:/stm32cubemx/gcc-arm-none-eabi/bin/../lib/gcc/arm-none-eabi/10.3.1/../../../../arm-none-eabi/lib/thumb/v7e-m/nofp\libg.a(lib_a-lock.o)
                0x0800a104                __retarget_lock_close_recursive
 .text.__retarget_lock_acquire_recursive
                0x0800a108        0x4 d:/stm32cubemx/gcc-arm-none-eabi/bin/../lib/gcc/arm-none-eabi/10.3.1/../../../../arm-none-eabi/lib/thumb/v7e-m/nofp\libg.a(lib_a-lock.o)
                0x0800a108                __retarget_lock_acquire_recursive
 .text.__retarget_lock_release_recursive
                0x0800a10c        0x4 d:/stm32cubemx/gcc-arm-none-eabi/bin/../lib/gcc/arm-none-eabi/10.3.1/../../../../arm-none-eabi/lib/thumb/v7e-m/nofp\libg.a(lib_a-lock.o)
                0x0800a10c                __retarget_lock_release_recursive
 .text._lseek_r
                0x0800a110       0x2c d:/stm32cubemx/gcc-arm-none-eabi/bin/../lib/gcc/arm-none-eabi/10.3.1/../../../../arm-none-eabi/lib/thumb/v7e-m/nofp\libg.a(lib_a-lseekr.o)
                0x0800a110                _lseek_r
 .text.malloc   0x0800a13c       0x10 d:/stm32cubemx/gcc-arm-none-eabi/bin/../lib/gcc/arm-none-eabi/10.3.1/../../../../arm-none-eabi/lib/thumb/v7e-m/nofp\libg.a(lib_a-malloc.o)
                0x0800a13c                malloc
 .text.free     0x0800a14c       0x10 d:/stm32cubemx/gcc-arm-none-eabi/bin/../lib/gcc/arm-none-eabi/10.3.1/../../../../arm-none-eabi/lib/thumb/v7e-m/nofp\libg.a(lib_a-malloc.o)
                0x0800a14c                free
 .text._malloc_r
                0x0800a15c      0x560 d:/stm32cubemx/gcc-arm-none-eabi/bin/../lib/gcc/arm-none-eabi/10.3.1/../../../../arm-none-eabi/lib/thumb/v7e-m/nofp\libg.a(lib_a-mallocr.o)
                0x0800a15c                _malloc_r
 .text._mbrtowc_r
                0x0800a6bc       0x44 d:/stm32cubemx/gcc-arm-none-eabi/bin/../lib/gcc/arm-none-eabi/10.3.1/../../../../arm-none-eabi/lib/thumb/v7e-m/nofp\libg.a(lib_a-mbrtowc.o)
                0x0800a6bc                _mbrtowc_r
 .text.__ascii_mbtowc
                0x0800a700       0x2c d:/stm32cubemx/gcc-arm-none-eabi/bin/../lib/gcc/arm-none-eabi/10.3.1/../../../../arm-none-eabi/lib/thumb/v7e-m/nofp\libg.a(lib_a-mbtowc_r.o)
                0x0800a700                __ascii_mbtowc
 .text.__malloc_lock
                0x0800a72c        0xc d:/stm32cubemx/gcc-arm-none-eabi/bin/../lib/gcc/arm-none-eabi/10.3.1/../../../../arm-none-eabi/lib/thumb/v7e-m/nofp\libg.a(lib_a-mlock.o)
                0x0800a72c                __malloc_lock
 .text.__malloc_unlock
                0x0800a738        0xc d:/stm32cubemx/gcc-arm-none-eabi/bin/../lib/gcc/arm-none-eabi/10.3.1/../../../../arm-none-eabi/lib/thumb/v7e-m/nofp\libg.a(lib_a-mlock.o)
                0x0800a738                __malloc_unlock
 .text._read_r  0x0800a744       0x2c d:/stm32cubemx/gcc-arm-none-eabi/bin/../lib/gcc/arm-none-eabi/10.3.1/../../../../arm-none-eabi/lib/thumb/v7e-m/nofp\libg.a(lib_a-readr.o)
                0x0800a744                _read_r
 .text.realloc  0x0800a770       0x18 d:/stm32cubemx/gcc-arm-none-eabi/bin/../lib/gcc/arm-none-eabi/10.3.1/../../../../arm-none-eabi/lib/thumb/v7e-m/nofp\libg.a(lib_a-realloc.o)
                0x0800a770                realloc
 .text._realloc_r
                0x0800a788      0x3d8 d:/stm32cubemx/gcc-arm-none-eabi/bin/../lib/gcc/arm-none-eabi/10.3.1/../../../../arm-none-eabi/lib/thumb/v7e-m/nofp\libg.a(lib_a-reallocr.o)
                0x0800a788                _realloc_r
 .text._sbrk_r  0x0800ab60       0x24 d:/stm32cubemx/gcc-arm-none-eabi/bin/../lib/gcc/arm-none-eabi/10.3.1/../../../../arm-none-eabi/lib/thumb/v7e-m/nofp\libg.a(lib_a-sbrkr.o)
                0x0800ab60                _sbrk_r
 .text.__sccl   0x0800ab84       0x8c d:/stm32cubemx/gcc-arm-none-eabi/bin/../lib/gcc/arm-none-eabi/10.3.1/../../../../arm-none-eabi/lib/thumb/v7e-m/nofp\libg.a(lib_a-sccl.o)
                0x0800ab84                __sccl
 .text.nanf     0x0800ac10        0x8 d:/stm32cubemx/gcc-arm-none-eabi/bin/../lib/gcc/arm-none-eabi/10.3.1/../../../../arm-none-eabi/lib/thumb/v7e-m/nofp\libg.a(lib_a-sf_nan.o)
                0x0800ac10                nanf
 .text.sprintf  0x0800ac18       0x40 d:/stm32cubemx/gcc-arm-none-eabi/bin/../lib/gcc/arm-none-eabi/10.3.1/../../../../arm-none-eabi/lib/thumb/v7e-m/nofp\libg.a(lib_a-sprintf.o)
                0x0800ac18                sprintf
 .text._strtod_l
                0x0800ac58      0xf30 d:/stm32cubemx/gcc-arm-none-eabi/bin/../lib/gcc/arm-none-eabi/10.3.1/../../../../arm-none-eabi/lib/thumb/v7e-m/nofp\libg.a(lib_a-strtod.o)
                0x0800ac58                _strtod_l
 .text._strtod_r
                0x0800bb88        0xc d:/stm32cubemx/gcc-arm-none-eabi/bin/../lib/gcc/arm-none-eabi/10.3.1/../../../../arm-none-eabi/lib/thumb/v7e-m/nofp\libg.a(lib_a-strtod.o)
                0x0800bb88                _strtod_r
 .text._strtol_l.part.0
                0x0800bb94      0x120 d:/stm32cubemx/gcc-arm-none-eabi/bin/../lib/gcc/arm-none-eabi/10.3.1/../../../../arm-none-eabi/lib/thumb/v7e-m/nofp\libg.a(lib_a-strtol.o)
 .text._strtol_r
                0x0800bcb4       0x1c d:/stm32cubemx/gcc-arm-none-eabi/bin/../lib/gcc/arm-none-eabi/10.3.1/../../../../arm-none-eabi/lib/thumb/v7e-m/nofp\libg.a(lib_a-strtol.o)
                0x0800bcb4                _strtol_r
 .text._strtoll_l.constprop.0
                0x0800bcd0      0x170 d:/stm32cubemx/gcc-arm-none-eabi/bin/../lib/gcc/arm-none-eabi/10.3.1/../../../../arm-none-eabi/lib/thumb/v7e-m/nofp\libg.a(lib_a-strtoll.o)
 .text._strtoll_r
                0x0800be40        0x4 d:/stm32cubemx/gcc-arm-none-eabi/bin/../lib/gcc/arm-none-eabi/10.3.1/../../../../arm-none-eabi/lib/thumb/v7e-m/nofp\libg.a(lib_a-strtoll.o)
                0x0800be40                _strtoll_r
 .text._strtoul_l.constprop.0
                0x0800be44      0x13c d:/stm32cubemx/gcc-arm-none-eabi/bin/../lib/gcc/arm-none-eabi/10.3.1/../../../../arm-none-eabi/lib/thumb/v7e-m/nofp\libg.a(lib_a-strtoul.o)
 .text._strtoul_r
                0x0800bf80        0x4 d:/stm32cubemx/gcc-arm-none-eabi/bin/../lib/gcc/arm-none-eabi/10.3.1/../../../../arm-none-eabi/lib/thumb/v7e-m/nofp\libg.a(lib_a-strtoul.o)
                0x0800bf80                _strtoul_r
 .text._strtoull_l.constprop.0
                0x0800bf84      0x198 d:/stm32cubemx/gcc-arm-none-eabi/bin/../lib/gcc/arm-none-eabi/10.3.1/../../../../arm-none-eabi/lib/thumb/v7e-m/nofp\libg.a(lib_a-strtoull.o)
 .text._strtoull_r
                0x0800c11c        0x4 d:/stm32cubemx/gcc-arm-none-eabi/bin/../lib/gcc/arm-none-eabi/10.3.1/../../../../arm-none-eabi/lib/thumb/v7e-m/nofp\libg.a(lib_a-strtoull.o)
                0x0800c11c                _strtoull_r
 .text._sungetc_r
                0x0800c120       0x80 d:/stm32cubemx/gcc-arm-none-eabi/bin/../lib/gcc/arm-none-eabi/10.3.1/../../../../arm-none-eabi/lib/thumb/v7e-m/nofp\libg.a(lib_a-svfiscanf.o)
                0x0800c120                _sungetc_r
 .text.__ssrefill_r
                0x0800c1a0       0x3c d:/stm32cubemx/gcc-arm-none-eabi/bin/../lib/gcc/arm-none-eabi/10.3.1/../../../../arm-none-eabi/lib/thumb/v7e-m/nofp\libg.a(lib_a-svfiscanf.o)
                0x0800c1a0                __ssrefill_r
 .text._sfread_r
                0x0800c1dc       0xb4 d:/stm32cubemx/gcc-arm-none-eabi/bin/../lib/gcc/arm-none-eabi/10.3.1/../../../../arm-none-eabi/lib/thumb/v7e-m/nofp\libg.a(lib_a-svfiscanf.o)
                0x0800c1dc                _sfread_r
 .text._svfprintf_r
                0x0800c290     0x1a3c d:/stm32cubemx/gcc-arm-none-eabi/bin/../lib/gcc/arm-none-eabi/10.3.1/../../../../arm-none-eabi/lib/thumb/v7e-m/nofp\libg.a(lib_a-svfprintf.o)
                0x0800c290                _svfprintf_r
 .text.__submore
                0x0800dccc       0x78 d:/stm32cubemx/gcc-arm-none-eabi/bin/../lib/gcc/arm-none-eabi/10.3.1/../../../../arm-none-eabi/lib/thumb/v7e-m/nofp\libg.a(lib_a-ungetc.o)
                0x0800dccc                __submore
 .text.__ascii_wctomb
                0x0800dd44       0x1c d:/stm32cubemx/gcc-arm-none-eabi/bin/../lib/gcc/arm-none-eabi/10.3.1/../../../../arm-none-eabi/lib/thumb/v7e-m/nofp\libg.a(lib_a-wctomb_r.o)
                0x0800dd44                __ascii_wctomb
 .text.__register_exitproc
                0x0800dd60       0x8c d:/stm32cubemx/gcc-arm-none-eabi/bin/../lib/gcc/arm-none-eabi/10.3.1/../../../../arm-none-eabi/lib/thumb/v7e-m/nofp\libg.a(lib_a-__atexit.o)
                0x0800dd60                __register_exitproc
 .text.quorem   0x0800ddec      0x124 d:/stm32cubemx/gcc-arm-none-eabi/bin/../lib/gcc/arm-none-eabi/10.3.1/../../../../arm-none-eabi/lib/thumb/v7e-m/nofp\libg.a(lib_a-dtoa.o)
 .text._dtoa_r  0x0800df10      0xec4 d:/stm32cubemx/gcc-arm-none-eabi/bin/../lib/gcc/arm-none-eabi/10.3.1/../../../../arm-none-eabi/lib/thumb/v7e-m/nofp\libg.a(lib_a-dtoa.o)
                0x0800df10                _dtoa_r
 .text.__sflush_r
                0x0800edd4      0x120 d:/stm32cubemx/gcc-arm-none-eabi/bin/../lib/gcc/arm-none-eabi/10.3.1/../../../../arm-none-eabi/lib/thumb/v7e-m/nofp\libg.a(lib_a-fflush.o)
                0x0800edd4                __sflush_r
 .text._fflush_r
                0x0800eef4       0x5c d:/stm32cubemx/gcc-arm-none-eabi/bin/../lib/gcc/arm-none-eabi/10.3.1/../../../../arm-none-eabi/lib/thumb/v7e-m/nofp\libg.a(lib_a-fflush.o)
                0x0800eef4                _fflush_r
 .text._cleanup_r
                0x0800ef50        0xc d:/stm32cubemx/gcc-arm-none-eabi/bin/../lib/gcc/arm-none-eabi/10.3.1/../../../../arm-none-eabi/lib/thumb/v7e-m/nofp\libg.a(lib_a-findfp.o)
                0x0800ef50                _cleanup_r
 .text.__sinit  0x0800ef5c      0x10c d:/stm32cubemx/gcc-arm-none-eabi/bin/../lib/gcc/arm-none-eabi/10.3.1/../../../../arm-none-eabi/lib/thumb/v7e-m/nofp\libg.a(lib_a-findfp.o)
                0x0800ef5c                __sinit
 .text.__sfp_lock_acquire
                0x0800f068        0xc d:/stm32cubemx/gcc-arm-none-eabi/bin/../lib/gcc/arm-none-eabi/10.3.1/../../../../arm-none-eabi/lib/thumb/v7e-m/nofp\libg.a(lib_a-findfp.o)
                0x0800f068                __sfp_lock_acquire
 .text.__sfp_lock_release
                0x0800f074        0xc d:/stm32cubemx/gcc-arm-none-eabi/bin/../lib/gcc/arm-none-eabi/10.3.1/../../../../arm-none-eabi/lib/thumb/v7e-m/nofp\libg.a(lib_a-findfp.o)
                0x0800f074                __sfp_lock_release
 .text._malloc_trim_r
                0x0800f080       0xa0 d:/stm32cubemx/gcc-arm-none-eabi/bin/../lib/gcc/arm-none-eabi/10.3.1/../../../../arm-none-eabi/lib/thumb/v7e-m/nofp\libg.a(lib_a-freer.o)
                0x0800f080                _malloc_trim_r
 .text._free_r  0x0800f120      0x20c d:/stm32cubemx/gcc-arm-none-eabi/bin/../lib/gcc/arm-none-eabi/10.3.1/../../../../arm-none-eabi/lib/thumb/v7e-m/nofp\libg.a(lib_a-freer.o)
                0x0800f120                _free_r
 .text._fwalk_reent
                0x0800f32c       0x48 d:/stm32cubemx/gcc-arm-none-eabi/bin/../lib/gcc/arm-none-eabi/10.3.1/../../../../arm-none-eabi/lib/thumb/v7e-m/nofp\libg.a(lib_a-fwalk.o)
                0x0800f32c                _fwalk_reent
 .text.rshift   0x0800f374       0xa4 d:/stm32cubemx/gcc-arm-none-eabi/bin/../lib/gcc/arm-none-eabi/10.3.1/../../../../arm-none-eabi/lib/thumb/v7e-m/nofp\libg.a(lib_a-gdtoa-gethex.o)
 .text.__gethex
                0x0800f418      0x5bc d:/stm32cubemx/gcc-arm-none-eabi/bin/../lib/gcc/arm-none-eabi/10.3.1/../../../../arm-none-eabi/lib/thumb/v7e-m/nofp\libg.a(lib_a-gdtoa-gethex.o)
                0x0800f418                __gethex
 .text.__match  0x0800f9d4       0x34 d:/stm32cubemx/gcc-arm-none-eabi/bin/../lib/gcc/arm-none-eabi/10.3.1/../../../../arm-none-eabi/lib/thumb/v7e-m/nofp\libg.a(lib_a-gdtoa-hexnan.o)
                0x0800f9d4                __match
 .text.__hexnan
                0x0800fa08      0x1ac d:/stm32cubemx/gcc-arm-none-eabi/bin/../lib/gcc/arm-none-eabi/10.3.1/../../../../arm-none-eabi/lib/thumb/v7e-m/nofp\libg.a(lib_a-gdtoa-hexnan.o)
                0x0800fa08                __hexnan
 .text.memmove  0x0800fbb4       0xf8 d:/stm32cubemx/gcc-arm-none-eabi/bin/../lib/gcc/arm-none-eabi/10.3.1/../../../../arm-none-eabi/lib/thumb/v7e-m/nofp\libg.a(lib_a-memmove.o)
                0x0800fbb4                memmove
 .text._Balloc  0x0800fcac       0x4c d:/stm32cubemx/gcc-arm-none-eabi/bin/../lib/gcc/arm-none-eabi/10.3.1/../../../../arm-none-eabi/lib/thumb/v7e-m/nofp\libg.a(lib_a-mprec.o)
                0x0800fcac                _Balloc
 .text._Bfree   0x0800fcf8       0x14 d:/stm32cubemx/gcc-arm-none-eabi/bin/../lib/gcc/arm-none-eabi/10.3.1/../../../../arm-none-eabi/lib/thumb/v7e-m/nofp\libg.a(lib_a-mprec.o)
                0x0800fcf8                _Bfree
 .text.__multadd
                0x0800fd0c       0xa0 d:/stm32cubemx/gcc-arm-none-eabi/bin/../lib/gcc/arm-none-eabi/10.3.1/../../../../arm-none-eabi/lib/thumb/v7e-m/nofp\libg.a(lib_a-mprec.o)
                0x0800fd0c                __multadd
 .text.__s2b    0x0800fdac       0xb4 d:/stm32cubemx/gcc-arm-none-eabi/bin/../lib/gcc/arm-none-eabi/10.3.1/../../../../arm-none-eabi/lib/thumb/v7e-m/nofp\libg.a(lib_a-mprec.o)
                0x0800fdac                __s2b
 .text.__hi0bits
                0x0800fe60       0x40 d:/stm32cubemx/gcc-arm-none-eabi/bin/../lib/gcc/arm-none-eabi/10.3.1/../../../../arm-none-eabi/lib/thumb/v7e-m/nofp\libg.a(lib_a-mprec.o)
                0x0800fe60                __hi0bits
 .text.__lo0bits
                0x0800fea0       0x5c d:/stm32cubemx/gcc-arm-none-eabi/bin/../lib/gcc/arm-none-eabi/10.3.1/../../../../arm-none-eabi/lib/thumb/v7e-m/nofp\libg.a(lib_a-mprec.o)
                0x0800fea0                __lo0bits
 .text.__i2b    0x0800fefc       0x5c d:/stm32cubemx/gcc-arm-none-eabi/bin/../lib/gcc/arm-none-eabi/10.3.1/../../../../arm-none-eabi/lib/thumb/v7e-m/nofp\libg.a(lib_a-mprec.o)
                0x0800fefc                __i2b
 .text.__multiply
                0x0800ff58      0x15c d:/stm32cubemx/gcc-arm-none-eabi/bin/../lib/gcc/arm-none-eabi/10.3.1/../../../../arm-none-eabi/lib/thumb/v7e-m/nofp\libg.a(lib_a-mprec.o)
                0x0800ff58                __multiply
 .text.__pow5mult
                0x080100b4       0xc0 d:/stm32cubemx/gcc-arm-none-eabi/bin/../lib/gcc/arm-none-eabi/10.3.1/../../../../arm-none-eabi/lib/thumb/v7e-m/nofp\libg.a(lib_a-mprec.o)
                0x080100b4                __pow5mult
 .text.__lshift
                0x08010174       0xf0 d:/stm32cubemx/gcc-arm-none-eabi/bin/../lib/gcc/arm-none-eabi/10.3.1/../../../../arm-none-eabi/lib/thumb/v7e-m/nofp\libg.a(lib_a-mprec.o)
                0x08010174                __lshift
 .text.__mcmp   0x08010264       0x40 d:/stm32cubemx/gcc-arm-none-eabi/bin/../lib/gcc/arm-none-eabi/10.3.1/../../../../arm-none-eabi/lib/thumb/v7e-m/nofp\libg.a(lib_a-mprec.o)
                0x08010264                __mcmp
 .text.__mdiff  0x080102a4      0x14c d:/stm32cubemx/gcc-arm-none-eabi/bin/../lib/gcc/arm-none-eabi/10.3.1/../../../../arm-none-eabi/lib/thumb/v7e-m/nofp\libg.a(lib_a-mprec.o)
                0x080102a4                __mdiff
 .text.__ulp    0x080103f0       0x44 d:/stm32cubemx/gcc-arm-none-eabi/bin/../lib/gcc/arm-none-eabi/10.3.1/../../../../arm-none-eabi/lib/thumb/v7e-m/nofp\libg.a(lib_a-mprec.o)
                0x080103f0                __ulp
 .text.__b2d    0x08010434       0xd0 d:/stm32cubemx/gcc-arm-none-eabi/bin/../lib/gcc/arm-none-eabi/10.3.1/../../../../arm-none-eabi/lib/thumb/v7e-m/nofp\libg.a(lib_a-mprec.o)
                0x08010434                __b2d
 .text.__d2b    0x08010504       0xc4 d:/stm32cubemx/gcc-arm-none-eabi/bin/../lib/gcc/arm-none-eabi/10.3.1/../../../../arm-none-eabi/lib/thumb/v7e-m/nofp\libg.a(lib_a-mprec.o)
                0x08010504                __d2b
 .text.__ratio  0x080105c8       0x5c d:/stm32cubemx/gcc-arm-none-eabi/bin/../lib/gcc/arm-none-eabi/10.3.1/../../../../arm-none-eabi/lib/thumb/v7e-m/nofp\libg.a(lib_a-mprec.o)
                0x080105c8                __ratio
 .text.__copybits
                0x08010624       0x5c d:/stm32cubemx/gcc-arm-none-eabi/bin/../lib/gcc/arm-none-eabi/10.3.1/../../../../arm-none-eabi/lib/thumb/v7e-m/nofp\libg.a(lib_a-mprec.o)
                0x08010624                __copybits
 .text.__any_on
                0x08010680       0x60 d:/stm32cubemx/gcc-arm-none-eabi/bin/../lib/gcc/arm-none-eabi/10.3.1/../../../../arm-none-eabi/lib/thumb/v7e-m/nofp\libg.a(lib_a-mprec.o)
                0x08010680                __any_on
 .text.frexp    0x080106e0       0x70 d:/stm32cubemx/gcc-arm-none-eabi/bin/../lib/gcc/arm-none-eabi/10.3.1/../../../../arm-none-eabi/lib/thumb/v7e-m/nofp\libg.a(lib_a-s_frexp.o)
                0x080106e0                frexp
 .text.nan      0x08010750        0xc d:/stm32cubemx/gcc-arm-none-eabi/bin/../lib/gcc/arm-none-eabi/10.3.1/../../../../arm-none-eabi/lib/thumb/v7e-m/nofp\libg.a(lib_a-s_nan.o)
                0x08010750                nan
 .text.strncmp  0x0801075c       0x80 d:/stm32cubemx/gcc-arm-none-eabi/bin/../lib/gcc/arm-none-eabi/10.3.1/../../../../arm-none-eabi/lib/thumb/v7e-m/nofp\libg.a(lib_a-strncmp.o)
                0x0801075c                strncmp
 .text.strncpy  0x080107dc       0x64 d:/stm32cubemx/gcc-arm-none-eabi/bin/../lib/gcc/arm-none-eabi/10.3.1/../../../../arm-none-eabi/lib/thumb/v7e-m/nofp\libg.a(lib_a-strncpy.o)
                0x080107dc                strncpy
 .text.__ssprint_r
                0x08010840       0xf8 d:/stm32cubemx/gcc-arm-none-eabi/bin/../lib/gcc/arm-none-eabi/10.3.1/../../../../arm-none-eabi/lib/thumb/v7e-m/nofp\libg.a(lib_a-svfiprintf.o)
                0x08010840                __ssprint_r
 .text.__assert_func
                0x08010938       0x40 d:/stm32cubemx/gcc-arm-none-eabi/bin/../lib/gcc/arm-none-eabi/10.3.1/../../../../arm-none-eabi/lib/thumb/v7e-m/nofp\libg.a(lib_a-assert.o)
                0x08010938                __assert_func
 .text._calloc_r
                0x08010978       0x78 d:/stm32cubemx/gcc-arm-none-eabi/bin/../lib/gcc/arm-none-eabi/10.3.1/../../../../arm-none-eabi/lib/thumb/v7e-m/nofp\libg.a(lib_a-callocr.o)
                0x08010978                _calloc_r
 .text._fclose_r
                0x080109f0       0xcc d:/stm32cubemx/gcc-arm-none-eabi/bin/../lib/gcc/arm-none-eabi/10.3.1/../../../../arm-none-eabi/lib/thumb/v7e-m/nofp\libg.a(lib_a-fclose.o)
                0x080109f0                _fclose_r
 .text.fiprintf
                0x08010abc       0x28 d:/stm32cubemx/gcc-arm-none-eabi/bin/../lib/gcc/arm-none-eabi/10.3.1/../../../../arm-none-eabi/lib/thumb/v7e-m/nofp\libg.a(lib_a-fiprintf.o)
                0x08010abc                fiprintf
 .text.__sprint_r.part.0
                0x08010ae4       0x78 d:/stm32cubemx/gcc-arm-none-eabi/bin/../lib/gcc/arm-none-eabi/10.3.1/../../../../arm-none-eabi/lib/thumb/v7e-m/nofp\libg.a(lib_a-vfiprintf.o)
 .text._vfiprintf_r
                0x08010b5c      0xda0 d:/stm32cubemx/gcc-arm-none-eabi/bin/../lib/gcc/arm-none-eabi/10.3.1/../../../../arm-none-eabi/lib/thumb/v7e-m/nofp\libg.a(lib_a-vfiprintf.o)
                0x08010b5c                _vfiprintf_r
 .text.__sbprintf