Archive member included to satisfy reference by file (symbol)

d:/stm32cubemx/gcc-arm-none-eabi/bin/../lib/gcc/arm-none-eabi/10.3.1/thumb/v7e-m/nofp\libgcc.a(_arm_muldf3.o)
                              CMakeFiles/proj2.elf.dir/Core/Src/mpu6500.c.obj (__aeabi_dmul)
d:/stm32cubemx/gcc-arm-none-eabi/bin/../lib/gcc/arm-none-eabi/10.3.1/thumb/v7e-m/nofp\libgcc.a(_arm_mulsf3.o)
                              CMakeFiles/proj2.elf.dir/Bsp/pid.c.obj (__aeabi_fmul)
d:/stm32cubemx/gcc-arm-none-eabi/bin/../lib/gcc/arm-none-eabi/10.3.1/thumb/v7e-m/nofp\libgcc.a(_arm_addsubdf3.o)
                              CMakeFiles/proj2.elf.dir/Core/Src/mpu6500.c.obj (__aeabi_i2d)
d:/stm32cubemx/gcc-arm-none-eabi/bin/../lib/gcc/arm-none-eabi/10.3.1/thumb/v7e-m/nofp\libgcc.a(_arm_muldivdf3.o)
                              CMakeFiles/proj2.elf.dir/Core/Src/mpu6500.c.obj (__aeabi_ddiv)
d:/stm32cubemx/gcc-arm-none-eabi/bin/../lib/gcc/arm-none-eabi/10.3.1/thumb/v7e-m/nofp\libgcc.a(_arm_cmpdf2.o)
                              CMakeFiles/proj2.elf.dir/Core/Src/mpu6500.c.obj (__aeabi_dcmpge)
d:/stm32cubemx/gcc-arm-none-eabi/bin/../lib/gcc/arm-none-eabi/10.3.1/thumb/v7e-m/nofp\libgcc.a(_arm_truncdfsf2.o)
                              CMakeFiles/proj2.elf.dir/Core/Src/mpu6500.c.obj (__aeabi_d2f)
d:/stm32cubemx/gcc-arm-none-eabi/bin/../lib/gcc/arm-none-eabi/10.3.1/thumb/v7e-m/nofp\libgcc.a(_arm_addsubsf3.o)
                              CMakeFiles/proj2.elf.dir/Bsp/pid.c.obj (__aeabi_fsub)
d:/stm32cubemx/gcc-arm-none-eabi/bin/../lib/gcc/arm-none-eabi/10.3.1/thumb/v7e-m/nofp\libgcc.a(_arm_muldivsf3.o)
                              CMakeFiles/proj2.elf.dir/Core/Src/mpu6500.c.obj (__aeabi_fdiv)
d:/stm32cubemx/gcc-arm-none-eabi/bin/../lib/gcc/arm-none-eabi/10.3.1/thumb/v7e-m/nofp\libgcc.a(_arm_cmpsf2.o)
                              CMakeFiles/proj2.elf.dir/Core/Src/mpu6500.c.obj (__aeabi_fcmpeq)
d:/stm32cubemx/gcc-arm-none-eabi/bin/../lib/gcc/arm-none-eabi/10.3.1/thumb/v7e-m/nofp\libgcc.a(_arm_fixsfsi.o)
                              CMakeFiles/proj2.elf.dir/Bsp/Motor.c.obj (__aeabi_f2iz)
d:/stm32cubemx/gcc-arm-none-eabi/bin/../lib/gcc/arm-none-eabi/10.3.1/thumb/v7e-m/nofp\libgcc.a(_aeabi_uldivmod.o)
                              CMakeFiles/proj2.elf.dir/Drivers/STM32F4xx_HAL_Driver/Src/stm32f4xx_hal_rcc.c.obj (__aeabi_uldivmod)
d:/stm32cubemx/gcc-arm-none-eabi/bin/../lib/gcc/arm-none-eabi/10.3.1/thumb/v7e-m/nofp\libgcc.a(_udivmoddi4.o)
                              d:/stm32cubemx/gcc-arm-none-eabi/bin/../lib/gcc/arm-none-eabi/10.3.1/thumb/v7e-m/nofp\libgcc.a(_aeabi_uldivmod.o) (__udivmoddi4)
d:/stm32cubemx/gcc-arm-none-eabi/bin/../lib/gcc/arm-none-eabi/10.3.1/thumb/v7e-m/nofp\libgcc.a(_dvmd_tls.o)
                              d:/stm32cubemx/gcc-arm-none-eabi/bin/../lib/gcc/arm-none-eabi/10.3.1/thumb/v7e-m/nofp\libgcc.a(_aeabi_uldivmod.o) (__aeabi_ldiv0)
d:/stm32cubemx/gcc-arm-none-eabi/bin/../lib/gcc/arm-none-eabi/10.3.1/../../../../arm-none-eabi/lib/thumb/v7e-m/nofp\libg.a(lib_a-errno.o)
                              CMakeFiles/proj2.elf.dir/Core/Src/syscalls.c.obj (__errno)
d:/stm32cubemx/gcc-arm-none-eabi/bin/../lib/gcc/arm-none-eabi/10.3.1/../../../../arm-none-eabi/lib/thumb/v7e-m/nofp\libg.a(lib_a-exit.o)
                              d:/stm32cubemx/gcc-arm-none-eabi/bin/../lib/gcc/arm-none-eabi/10.3.1/../../../../arm-none-eabi/lib/thumb/v7e-m/nofp/crt0.o (exit)
d:/stm32cubemx/gcc-arm-none-eabi/bin/../lib/gcc/arm-none-eabi/10.3.1/../../../../arm-none-eabi/lib/thumb/v7e-m/nofp\libg.a(lib_a-impure.o)
                              d:/stm32cubemx/gcc-arm-none-eabi/bin/../lib/gcc/arm-none-eabi/10.3.1/../../../../arm-none-eabi/lib/thumb/v7e-m/nofp\libg.a(lib_a-exit.o) (_global_impure_ptr)
d:/stm32cubemx/gcc-arm-none-eabi/bin/../lib/gcc/arm-none-eabi/10.3.1/../../../../arm-none-eabi/lib/thumb/v7e-m/nofp\libg.a(lib_a-init.o)
                              d:/stm32cubemx/gcc-arm-none-eabi/bin/../lib/gcc/arm-none-eabi/10.3.1/../../../../arm-none-eabi/lib/thumb/v7e-m/nofp/crt0.o (__libc_init_array)
d:/stm32cubemx/gcc-arm-none-eabi/bin/../lib/gcc/arm-none-eabi/10.3.1/../../../../arm-none-eabi/lib/thumb/v7e-m/nofp\libg.a(lib_a-memcpy.o)
                              CMakeFiles/proj2.elf.dir/Core/Src/wit.c.obj (memcpy)
d:/stm32cubemx/gcc-arm-none-eabi/bin/../lib/gcc/arm-none-eabi/10.3.1/../../../../arm-none-eabi/lib/thumb/v7e-m/nofp\libg.a(lib_a-memset.o)
                              d:/stm32cubemx/gcc-arm-none-eabi/bin/../lib/gcc/arm-none-eabi/10.3.1/../../../../arm-none-eabi/lib/thumb/v7e-m/nofp/crt0.o (memset)
d:/stm32cubemx/gcc-arm-none-eabi/bin/../lib/gcc/arm-none-eabi/10.3.1/../../../../arm-none-eabi/lib/thumb/v7e-m/nofp\libg.a(lib_a-sscanf.o)
                              CMakeFiles/proj2.elf.dir/Core/Src/usart.c.obj (sscanf)
d:/stm32cubemx/gcc-arm-none-eabi/bin/../lib/gcc/arm-none-eabi/10.3.1/../../../../arm-none-eabi/lib/thumb/v7e-m/nofp\libg.a(lib_a-stdio.o)
[...]
Memory Configuration

Name             Origin             Length             Attributes
CCMRAM           0x10000000         0x00010000         xrw
RAM              0x20000000         0x00030000         xrw
FLASH            0x08000000         0x00200000         xr
*default*        0x00000000         0xffffffff

Linker script and memory map

LOAD d:/stm32cubemx/gcc-arm-none-eabi/bin/../lib/gcc/arm-none-eabi/10.3.1/thumb/v7e-m/nofp/crti.o
LOAD d:/stm32cubemx/gcc-arm-none-eabi/bin/../lib/gcc/arm-none-eabi/10.3.1/thumb/v7e-m/nofp/crtbegin.o
LOAD d:/stm32cubemx/gcc-arm-none-eabi/bin/../lib/gcc/arm-none-eabi/10.3.1/../../../../arm-none-eabi/lib/thumb/v7e-m/nofp/crt0.o
LOAD CMakeFiles/proj2.elf.dir/Bsp/CAN_Receive.c.obj
LOAD CMakeFiles/proj2.elf.dir/Bsp/Motor.c.obj
LOAD CMakeFiles/proj2.elf.dir/Bsp/pid.c.obj
LOAD CMakeFiles/proj2.elf.dir/Core/Src/can.c.obj
LOAD CMakeFiles/proj2.elf.dir/Core/Src/gpio.c.obj
LOAD CMakeFiles/proj2.elf.dir/Core/Src/led.c.obj
LOAD CMakeFiles/proj2.elf.dir/Core/Src/main.c.obj
LOAD CMakeFiles/proj2.elf.dir/Core/Src/mpu6500.c.obj
LOAD CMakeFiles/proj2.elf.dir/Core/Src/spi.c.obj
LOAD CMakeFiles/proj2.elf.dir/Core/Src/stm32f4xx_hal_msp.c.obj
LOAD CMakeFiles/proj2.elf.dir/Core/Src/stm32f4xx_it.c.obj
LOAD CMakeFiles/proj2.elf.dir/Core/Src/syscalls.c.obj
LOAD CMakeFiles/proj2.elf.dir/Core/Src/sysmem.c.obj
LOAD CMakeFiles/proj2.elf.dir/Core/Src/system_stm32f4xx.c.obj
LOAD CMakeFiles/proj2.elf.dir/Core/Src/tim.c.obj
LOAD CMakeFiles/proj2.elf.dir/Core/Src/usart.c.obj
LOAD CMakeFiles/proj2.elf.dir/Core/Src/usb.c.obj
LOAD CMakeFiles/proj2.elf.dir/Core/Src/wit.c.obj
LOAD CMakeFiles/proj2.elf.dir/Core/Startup/startup_stm32f427iihx.s.obj
LOAD CMakeFiles/proj2.elf.dir/Drivers/STM32F4xx_HAL_Driver/Src/stm32f4xx_hal.c.obj
LOAD CMakeFiles/proj2.elf.dir/Drivers/STM32F4xx_HAL_Driver/Src/stm32f4xx_hal_can.c.obj
LOAD CMakeFiles/proj2.elf.dir/Drivers/STM32F4xx_HAL_Driver/Src/stm32f4xx_hal_cortex.c.obj
LOAD CMakeFiles/proj2.elf.dir/Drivers/STM32F4xx_HAL_Driver/Src/stm32f4xx_hal_dma.c.obj
LOAD CMakeFiles/proj2.elf.dir/Drivers/STM32F4xx_HAL_Driver/Src/stm32f4xx_hal_dma_ex.c.obj
LOAD CMakeFiles/proj2.elf.dir/Drivers/STM32F4xx_HAL_Driver/Src/stm32f4xx_hal_exti.c.obj
LOAD CMakeFiles/proj2.elf.dir/Drivers/STM32F4xx_HAL_Driver/Src/stm32f4xx_hal_flash.c.obj
LOAD CMakeFiles/proj2.elf.dir/Drivers/STM32F4xx_HAL_Driver/Src/stm32f4xx_hal_flash_ex.c.obj
LOAD CMakeFiles/proj2.elf.dir/Drivers/STM32F4xx_HAL_Driver/Src/stm32f4xx_hal_flash_ramfunc.c.obj
LOAD CMakeFiles/proj2.elf.dir/Drivers/STM32F4xx_HAL_Driver/Src/stm32f4xx_hal_gpio.c.obj
LOAD CMakeFiles/proj2.elf.dir/Drivers/STM32F4xx_HAL_Driver/Src/stm32f4xx_hal_pcd.c.obj
LOAD CMakeFiles/proj2.elf.dir/Drivers/STM32F4xx_HAL_Driver/Src/stm32f4xx_hal_pcd_ex.c.obj
LOAD CMakeFiles/proj2.elf.dir/Drivers/STM32F4xx_HAL_Driver/Src/stm32f4xx_hal_pwr.c.obj
LOAD CMakeFiles/proj2.elf.dir/Drivers/STM32F4xx_HAL_Driver/Src/stm32f4xx_hal_pwr_ex.c.obj
LOAD CMakeFiles/proj2.elf.dir/Drivers/STM32F4xx_HAL_Driver/Src/stm32f4xx_hal_rcc.c.obj
LOAD CMakeFiles/proj2.elf.dir/Drivers/STM32F4xx_HAL_Driver/Src/stm32f4xx_hal_rcc_ex.c.obj
LOAD CMakeFiles/proj2.elf.dir/Drivers/STM32F4xx_HAL_Driver/Src/stm32f4xx_hal_spi.c.obj
LOAD CMakeFiles/proj2.elf.dir/Drivers/STM32F4xx_HAL_Driver/Src/stm32f4xx_hal_tim.c.obj
LOAD CMakeFiles/proj2.elf.dir/Drivers/STM32F4xx_HAL_Driver/Src/stm32f4xx_hal_tim_ex.c.obj
LOAD CMakeFiles/proj2.elf.dir/Drivers/STM32F4xx_HAL_Driver/Src/stm32f4xx_hal_uart.c.obj
LOAD CMakeFiles/proj2.elf.dir/Drivers/STM32F4xx_HAL_Driver/Src/stm32f4xx_ll_usb.c.obj
LOAD CMakeFiles/proj2.elf.dir/Middlewares/ST/STM32_USB_Device_Library/Class/CDC/Src/usbd_cdc.c.obj
LOAD CMakeFiles/proj2.elf.dir/Middlewares/ST/STM32_USB_Device_Library/Core/Src/usbd_core.c.obj
LOAD CMakeFiles/proj2.elf.dir/Middlewares/ST/STM32_USB_Device_Library/Core/Src/usbd_ctlreq.c.obj
LOAD CMakeFiles/proj2.elf.dir/Middlewares/ST/STM32_USB_Device_Library/Core/Src/usbd_ioreq.c.obj
LOAD CMakeFiles/proj2.elf.dir/USB_DEVICE/App/usb_device.c.obj
LOAD CMakeFiles/proj2.elf.dir/USB_DEVICE/App/usbd_cdc_if.c.obj
LOAD CMakeFiles/proj2.elf.dir/USB_DEVICE/App/usbd_desc.c.obj
LOAD CMakeFiles/proj2.elf.dir/USB_DEVICE/Target/usbd_conf.c.obj
START GROUP
LOAD d:/stm32cubemx/gcc-arm-none-eabi/bin/../lib/gcc/arm-none-eabi/10.3.1/thumb/v7e-m/nofp\libgcc.a
LOAD d:/stm32cubemx/gcc-arm-none-eabi/bin/../lib/gcc/arm-none-eabi/10.3.1/../../../../arm-none-eabi/lib/thumb/v7e-m/nofp\libg.a
LOAD d:/stm32cubemx/gcc-arm-none-eabi/bin/../lib/gcc/arm-none-eabi/10.3.1/../../../../arm-none-eabi/lib/thumb/v7e-m/nofp\libc.a
END GROUP
LOAD d:/stm32cubemx/gcc-arm-none-eabi/bin/../lib/gcc/arm-none-eabi/10.3.1/thumb/v7e-m/nofp/crtend.o
LOAD d:/stm32cubemx/gcc-arm-none-eabi/bin/../lib/gcc/arm-none-eabi/10.3.1/thumb/v7e-m/nofp/crtn.o
                0x20030000                _estack = (ORIGIN (RAM) + LENGTH (RAM))
                0x00000200                _Min_Heap_Size = 0x200
                0x00000400                _Min_Stack_Size = 0x400

.isr_vector     0x08000000      0x1ac
                0x08000000                . = ALIGN (0x4)
 *(.isr_vector)
 .isr_vector    0x08000000      0x1ac CMakeFiles/proj2.elf.dir/Core/Startup/startup_stm32f427iihx.s.obj
                0x08000000                g_pfnVectors
                0x080001ac                . = ALIGN (0x4)

.text           0x080001c0    0x10428
                0x080001c0                . = ALIGN (0x4)
 *(.text)
 .text          0x080001c0       0x40 d:/stm32cubemx/gcc-arm-none-eabi/bin/../lib/gcc/arm-none-eabi/10.3.1/thumb/v7e-m/nofp/crtbegin.o
 .text          0x08000200      0x378 d:/stm32cubemx/gcc-arm-none-eabi/bin/../lib/gcc/arm-none-eabi/10.3.1/thumb/v7e-m/nofp\libgcc.a(_arm_addsubdf3.o)
                0x08000200                __aeabi_drsub
                0x08000208                __aeabi_dsub
                0x08000208                __subdf3
                0x0800020c                __aeabi_dadd
                0x0800020c                __adddf3
                0x08000484                __floatunsidf
                0x08000484                __aeabi_ui2d
                0x080004a4                __floatsidf
                0x080004a4                __aeabi_i2d
                0x080004c8                __aeabi_f2d
                0x080004c8                __extendsfdf2
                0x0800050c                __floatundidf
                0x0800050c                __aeabi_ul2d
                0x0800051c                __floatdidf
                0x0800051c                __aeabi_l2d
 .text          0x08000578      0x424 d:/stm32cubemx/gcc-arm-none-eabi/bin/../lib/gcc/arm-none-eabi/10.3.1/thumb/v7e-m/nofp\libgcc.a(_arm_muldivdf3.o)
                0x08000578                __aeabi_dmul
                0x08000578                __muldf3
                0x080007cc                __divdf3
                0x080007cc                __aeabi_ddiv
 .text          0x0800099c      0x110 d:/stm32cubemx/gcc-arm-none-eabi/bin/../lib/gcc/arm-none-eabi/10.3.1/thumb/v7e-m/nofp\libgcc.a(_arm_cmpdf2.o)
                0x0800099c                __gtdf2
                0x0800099c                __gedf2
                0x080009a4                __ltdf2
                0x080009a4                __ledf2
                0x080009ac                __nedf2
                0x080009ac                __eqdf2
                0x080009ac                __cmpdf2
                0x08000a28                __aeabi_cdrcmple
                0x08000a38                __aeabi_cdcmpeq
                0x08000a38                __aeabi_cdcmple
                0x08000a48                __aeabi_dcmpeq
                0x08000a5c                __aeabi_dcmplt
                0x08000a70                __aeabi_dcmple
                0x08000a84                __aeabi_dcmpge
                0x08000a98                __aeabi_dcmpgt
 .text          0x08000aac       0xa0 d:/stm32cubemx/gcc-arm-none-eabi/bin/../lib/gcc/arm-none-eabi/10.3.1/thumb/v7e-m/nofp\libgcc.a(_arm_truncdfsf2.o)
                0x08000aac                __truncdfsf2
                0x08000aac                __aeabi_d2f
 .text          0x08000b4c      0x21c d:/stm32cubemx/gcc-arm-none-eabi/bin/../lib/gcc/arm-none-eabi/10.3.1/thumb/v7e-m/nofp\libgcc.a(_arm_addsubsf3.o)
                0x08000b4c                __aeabi_frsub
                0x08000b54                __subsf3
                0x08000b54                __aeabi_fsub
                0x08000b58                __aeabi_fadd
                0x08000b58                __addsf3
                0x08000cb8                __aeabi_ui2f
                0x08000cb8                __floatunsisf
                0x08000cc0                __aeabi_i2f
                0x08000cc0                __floatsisf
                0x08000cdc                __aeabi_ul2f
                0x08000cdc                __floatundisf
                0x08000cec                __aeabi_l2f
                0x08000cec                __floatdisf
 .text          0x08000d68       0x4c d:/stm32cubemx/gcc-arm-none-eabi/bin/../lib/gcc/arm-none-eabi/10.3.1/thumb/v7e-m/nofp\libgcc.a(_arm_fixsfsi.o)
                0x08000d68                __aeabi_f2iz
                0x08000d68                __fixsfsi
 .text          0x08000db4       0x30 d:/stm32cubemx/gcc-arm-none-eabi/bin/../lib/gcc/arm-none-eabi/10.3.1/thumb/v7e-m/nofp\libgcc.a(_aeabi_uldivmod.o)
                0x08000db4                __aeabi_uldivmod
 .text          0x08000de4      0x2d0 d:/stm32cubemx/gcc-arm-none-eabi/bin/../lib/gcc/arm-none-eabi/10.3.1/thumb/v7e-m/nofp\libgcc.a(_udivmoddi4.o)
                0x08000de4                __udivmoddi4
 .text          0x080010b4        0x4 d:/stm32cubemx/gcc-arm-none-eabi/bin/../lib/gcc/arm-none-eabi/10.3.1/thumb/v7e-m/nofp\libgcc.a(_dvmd_tls.o)
                0x080010b4                __aeabi_idiv0
                0x080010b4                __aeabi_ldiv0
 .text          0x080010b8      0x134 d:/stm32cubemx/gcc-arm-none-eabi/bin/../lib/gcc/arm-none-eabi/10.3.1/../../../../arm-none-eabi/lib/thumb/v7e-m/nofp\libg.a(lib_a-memcpy.o)
                0x080010b8                memcpy
 *fill*         0x080011ec       0x14 
 .text          0x08001200       0xdc d:/stm32cubemx/gcc-arm-none-eabi/bin/../lib/gcc/arm-none-eabi/10.3.1/../../../../arm-none-eabi/lib/thumb/v7e-m/nofp\libg.a(lib_a-strlen.o)
                0x08001200                strlen
 *fill*         0x080012dc        0x4 
 .text          0x080012e0       0xa0 d:/stm32cubemx/gcc-arm-none-eabi/bin/../lib/gcc/arm-none-eabi/10.3.1/../../../../arm-none-eabi/lib/thumb/v7e-m/nofp\libg.a(lib_a-memchr.o)
                0x080012e0                memchr
 .text          0x08001380       0x2c d:/stm32cubemx/gcc-arm-none-eabi/bin/../lib/gcc/arm-none-eabi/10.3.1/thumb/v7e-m/nofp\libgcc.a(_arm_unorddf2.o)
                0x08001380                __unorddf2
                0x08001380                __aeabi_dcmpun
 .text          0x080013ac       0x50 d:/stm32cubemx/gcc-arm-none-eabi/bin/../lib/gcc/arm-none-eabi/10.3.1/thumb/v7e-m/nofp\libgcc.a(_arm_fixdfsi.o)
                0x080013ac                __aeabi_d2iz
                0x080013ac                __fixdfsi
 .text          0x080013fc       0x40 d:/stm32cubemx/gcc-arm-none-eabi/bin/../lib/gcc/arm-none-eabi/10.3.1/thumb/v7e-m/nofp\libgcc.a(_arm_fixunsdfsi.o)
                0x080013fc                __aeabi_d2uiz
                0x080013fc                __fixunsdfsi
 .text          0x0800143c       0x34 d:/stm32cubemx/gcc-arm-none-eabi/bin/../lib/gcc/arm-none-eabi/10.3.1/thumb/v7e-m/nofp\libgcc.a(_fixdfdi.o)
                0x0800143c                __fixdfdi
                0x0800143c                __aeabi_d2lz
 .text          0x08001470       0x3c d:/stm32cubemx/gcc-arm-none-eabi/bin/../lib/gcc/arm-none-eabi/10.3.1/thumb/v7e-m/nofp\libgcc.a(_fixunsdfdi.o)
                0x08001470                __fixunsdfdi
                0x08001470                __aeabi_d2ulz
 *(.text*)
 .text.get_motor_measure
                0x080014ac       0x5c CMakeFiles/proj2.elf.dir/Bsp/CAN_Receive.c.obj
 .text.HAL_CAN_RxFifo0MsgPendingCallback
                0x08001508       0x50 CMakeFiles/proj2.elf.dir/Bsp/CAN_Receive.c.obj
                0x08001508                HAL_CAN_RxFifo0MsgPendingCallback
 .text.MX_CAN1_Init
                0x08001558       0x84 CMakeFiles/proj2.elf.dir/Core/Src/can.c.obj
                0x08001558                MX_CAN1_Init
 .text.HAL_CAN_MspInit
                0x080015dc       0x8c CMakeFiles/proj2.elf.dir/Core/Src/can.c.obj
                0x080015dc                HAL_CAN_MspInit
 .text.MX_GPIO_Init
                0x08001668       0xbc CMakeFiles/proj2.elf.dir/Core/Src/gpio.c.obj
                0x08001668                MX_GPIO_Init
 .text.LED_Off  0x08001724        0xe CMakeFiles/proj2.elf.dir/Core/Src/led.c.obj
                0x08001724                LED_Off
 .text.LED_On   0x08001732        0xe CMakeFiles/proj2.elf.dir/Core/Src/led.c.obj
                0x08001732                LED_On
 .text.LED_Reverse
                0x08001740        0xc CMakeFiles/proj2.elf.dir/Core/Src/led.c.obj
                0x08001740                LED_Reverse
 .text.Error_Handler
                0x0800174c        0x4 CMakeFiles/proj2.elf.dir/Core/Src/main.c.obj
                0x0800174c                Error_Handler
 .text.SystemClock_Config
                0x08001750       0xa8 CMakeFiles/proj2.elf.dir/Core/Src/main.c.obj
                0x08001750                SystemClock_Config
 .text.main     0x080017f8       0x88 CMakeFiles/proj2.elf.dir/Core/Src/main.c.obj
                0x080017f8                main
 .text.MX_SPI5_Init
                0x08001880       0x44 CMakeFiles/proj2.elf.dir/Core/Src/spi.c.obj
                0x08001880                MX_SPI5_Init
 .text.HAL_SPI_MspInit
                0x080018c4       0x70 CMakeFiles/proj2.elf.dir/Core/Src/spi.c.obj
                0x080018c4                HAL_SPI_MspInit
 .text.HAL_MspInit
                0x08001934       0x38 CMakeFiles/proj2.elf.dir/Core/Src/stm32f4xx_hal_msp.c.obj
                0x08001934                HAL_MspInit
 .text.NMI_Handler
                0x0800196c        0x2 CMakeFiles/proj2.elf.dir/Core/Src/stm32f4xx_it.c.obj
                0x0800196c                NMI_Handler
 .text.HardFault_Handler
                0x0800196e        0x2 CMakeFiles/proj2.elf.dir/Core/Src/stm32f4xx_it.c.obj
                0x0800196e                HardFault_Handler
 .text.MemManage_Handler
                0x08001970        0x2 CMakeFiles/proj2.elf.dir/Core/Src/stm32f4xx_it.c.obj
                0x08001970                MemManage_Handler
 .text.BusFault_Handler
                0x08001972        0x2 CMakeFiles/proj2.elf.dir/Core/Src/stm32f4xx_it.c.obj
                0x08001972                BusFault_Handler
 .text.UsageFault_Handler
                0x08001974        0x2 CMakeFiles/proj2.elf.dir/Core/Src/stm32f4xx_it.c.obj
                0x08001974                UsageFault_Handler
 .text.SVC_Handler
                0x08001976        0x2 CMakeFiles/proj2.elf.dir/Core/Src/stm32f4xx_it.c.obj
                0x08001976                SVC_Handler
 .text.DebugMon_Handler
                0x08001978        0x2 CMakeFiles/proj2.elf.dir/Core/Src/stm32f4xx_it.c.obj
                0x08001978                DebugMon_Handler
 .text.PendSV_Handler
                0x0800197a        0x2 CMakeFiles/proj2.elf.dir/Core/Src/stm32f4xx_it.c.obj
                0x0800197a                PendSV_Handler
 .text.SysTick_Handler
                0x0800197c        0x8 CMakeFiles/proj2.elf.dir/Core/Src/stm32f4xx_it.c.obj
                0x0800197c                SysTick_Handler
 .text.CAN1_TX_IRQHandler
                0x08001984       0x10 CMakeFiles/proj2.elf.dir/Core/Src/stm32f4xx_it.c.obj
                0x08001984                CAN1_TX_IRQHandler
 .text.CAN1_RX0_IRQHandler
                0x08001994       0x10 CMakeFiles/proj2.elf.dir/Core/Src/stm32f4xx_it.c.obj
                0x08001994                CAN1_RX0_IRQHandler
 .text.USART2_IRQHandler
                0x080019a4       0x10 CMakeFiles/proj2.elf.dir/Core/Src/stm32f4xx_it.c.obj
                0x080019a4                USART2_IRQHandler
 .text.USART3_IRQHandler
                0x080019b4       0x10 CMakeFiles/proj2.elf.dir/Core/Src/stm32f4xx_it.c.obj
                0x080019b4                USART3_IRQHandler
 .text.TIM6_DAC_IRQHandler
                0x080019c4       0x10 CMakeFiles/proj2.elf.dir/Core/Src/stm32f4xx_it.c.obj
                0x080019c4                TIM6_DAC_IRQHandler
 .text.OTG_FS_IRQHandler
                0x080019d4       0x10 CMakeFiles/proj2.elf.dir/Core/Src/stm32f4xx_it.c.obj
                0x080019d4                OTG_FS_IRQHandler
 .text.USART6_IRQHandler
                0x080019e4       0x10 CMakeFiles/proj2.elf.dir/Core/Src/stm32f4xx_it.c.obj
                0x080019e4                USART6_IRQHandler
 .text.UART7_IRQHandler
                0x080019f4       0x10 CMakeFiles/proj2.elf.dir/Core/Src/stm32f4xx_it.c.obj
                0x080019f4                UART7_IRQHandler
 .text.UART8_IRQHandler
                0x08001a04       0x10 CMakeFiles/proj2.elf.dir/Core/Src/stm32f4xx_it.c.obj
                0x08001a04                UART8_IRQHandler
 .text._getpid  0x08001a14        0x4 CMakeFiles/proj2.elf.dir/Core/Src/syscalls.c.obj
                0x08001a14                _getpid
 .text._kill    0x08001a18       0x10 CMakeFiles/proj2.elf.dir/Core/Src/syscalls.c.obj
                0x08001a18                _kill
 .text._exit    0x08001a28        0xc CMakeFiles/proj2.elf.dir/Core/Src/syscalls.c.obj
                0x08001a28                _exit
 .text._read    0x08001a34       0x20 CMakeFiles/proj2.elf.dir/Core/Src/syscalls.c.obj
                0x08001a34                _read
 .text._write   0x08001a54       0x1c CMakeFiles/proj2.elf.dir/Core/Src/syscalls.c.obj
                0x08001a54                _write
 .text._close   0x08001a70        0x6 CMakeFiles/proj2.elf.dir/Core/Src/syscalls.c.obj
                0x08001a70                _close
 .text._fstat   0x08001a76        0xa CMakeFiles/proj2.elf.dir/Core/Src/syscalls.c.obj
                0x08001a76                _fstat
 .text._isatty  0x08001a80        0x4 CMakeFiles/proj2.elf.dir/Core/Src/syscalls.c.obj
                0x08001a80                _isatty
 .text._lseek   0x08001a84        0x4 CMakeFiles/proj2.elf.dir/Core/Src/syscalls.c.obj
                0x08001a84                _lseek
 .text._sbrk    0x08001a88       0x48 CMakeFiles/proj2.elf.dir/Core/Src/sysmem.c.obj
                0x08001a88                _sbrk
 .text.SystemInit
                0x08001ad0        0x2 CMakeFiles/proj2.elf.dir/Core/Src/system_stm32f4xx.c.obj
                0x08001ad0                SystemInit
 *fill*         0x08001ad2        0x2 
 .text.MX_TIM6_Init
                0x08001ad4       0x50 CMakeFiles/proj2.elf.dir/Core/Src/tim.c.obj
                0x08001ad4                MX_TIM6_Init
 .text.HAL_TIM_Base_MspInit
                0x08001b24       0x40 CMakeFiles/proj2.elf.dir/Core/Src/tim.c.obj
                0x08001b24                HAL_TIM_Base_MspInit
 .text.HAL_TIM_PeriodElapsedCallback
                0x08001b64      0x140 CMakeFiles/proj2.elf.dir/Core/Src/tim.c.obj
                0x08001b64                HAL_TIM_PeriodElapsedCallback
 .text.MX_USART2_UART_Init
                0x08001ca4       0x34 CMakeFiles/proj2.elf.dir/Core/Src/usart.c.obj
                0x08001ca4                MX_USART2_UART_Init
 .text.HAL_UART_MspInit
                0x08001cd8      0x210 CMakeFiles/proj2.elf.dir/Core/Src/usart.c.obj
                0x08001cd8                HAL_UART_MspInit
 .text.UART_InterruptionInit
                0x08001ee8       0x18 CMakeFiles/proj2.elf.dir/Core/Src/usart.c.obj
                0x08001ee8                UART_InterruptionInit
 .text.UART_TransmitData
                0x08001f00        0xc CMakeFiles/proj2.elf.dir/Core/Src/usart.c.obj
                0x08001f00                UART_TransmitData
 .text.UART_TransmitString
                0x08001f0c       0x38 CMakeFiles/proj2.elf.dir/Core/Src/usart.c.obj
                0x08001f0c                UART_TransmitString
 .text.HAL_UART_RxCpltCallback
                0x08001f44       0x94 CMakeFiles/proj2.elf.dir/Core/Src/usart.c.obj
                0x08001f44                HAL_UART_RxCpltCallback
 .text.UART_Service
                0x08001fd8       0x64 CMakeFiles/proj2.elf.dir/Core/Src/usart.c.obj
                0x08001fd8                UART_Service
 .text.USB_ProcessRxData
                0x0800203c       0x80 CMakeFiles/proj2.elf.dir/Core/Src/usb.c.obj
                0x0800203c                USB_ProcessRxData
 .text.Reset_Handler
                0x080020bc       0x50 CMakeFiles/proj2.elf.dir/Core/Startup/startup_stm32f427iihx.s.obj
                0x080020bc                Reset_Handler
 .text.Default_Handler
                0x0800210c        0x2 CMakeFiles/proj2.elf.dir/Core/Startup/startup_stm32f427iihx.s.obj
                0x0800210c                RTC_Alarm_IRQHandler
                0x0800210c                HASH_RNG_IRQHandler
                0x0800210c                EXTI2_IRQHandler
                0x0800210c                TIM8_CC_IRQHandler
                0x0800210c                SPI4_IRQHandler
                0x0800210c                TIM1_CC_IRQHandler
                0x0800210c                DMA2_Stream5_IRQHandler
                0x0800210c                DMA1_Stream5_IRQHandler
                0x0800210c                PVD_IRQHandler
                0x0800210c                SDIO_IRQHandler
                0x0800210c                TAMP_STAMP_IRQHandler
                0x0800210c                CAN2_RX1_IRQHandler
                0x0800210c                EXTI3_IRQHandler
                0x0800210c                TIM8_TRG_COM_TIM14_IRQHandler
                0x0800210c                TIM1_UP_TIM10_IRQHandler
                0x0800210c                TIM8_UP_TIM13_IRQHandler
                0x0800210c                I2C3_ER_IRQHandler
                0x0800210c                EXTI0_IRQHandler
                0x0800210c                I2C2_EV_IRQHandler
                0x0800210c                DMA1_Stream2_IRQHandler
                0x0800210c                FPU_IRQHandler
                0x0800210c                OTG_HS_WKUP_IRQHandler
                0x0800210c                CAN2_SCE_IRQHandler
                0x0800210c                DMA2_Stream2_IRQHandler
                0x0800210c                SPI1_IRQHandler
                0x0800210c                TIM1_BRK_TIM9_IRQHandler
                0x0800210c                DCMI_IRQHandler
                0x0800210c                CAN2_RX0_IRQHandler
                0x0800210c                DMA2_Stream3_IRQHandler
                0x0800210c                CAN1_RX1_IRQHandler
                0x0800210c                UART5_IRQHandler
                0x0800210c                DMA2_Stream0_IRQHandler
                0x0800210c                TIM4_IRQHandler
                0x0800210c                I2C1_EV_IRQHandler
                0x0800210c                DMA1_Stream6_IRQHandler
                0x0800210c                DMA1_Stream1_IRQHandler
                0x0800210c                UART4_IRQHandler
                0x0800210c                TIM3_IRQHandler
                0x0800210c                RCC_IRQHandler
                0x0800210c                TIM8_BRK_TIM12_IRQHandler
                0x0800210c                Default_Handler
                0x0800210c                EXTI15_10_IRQHandler
                0x0800210c                ADC_IRQHandler
                0x0800210c                DMA1_Stream7_IRQHandler
                0x0800210c                SPI5_IRQHandler
                0x0800210c                TIM7_IRQHandler
                0x0800210c                CAN2_TX_IRQHandler
                0x0800210c                TIM5_IRQHandler
                0x0800210c                DMA2_Stream7_IRQHandler
                0x0800210c                I2C3_EV_IRQHandler
                0x0800210c                EXTI9_5_IRQHandler
                0x0800210c                RTC_WKUP_IRQHandler
                0x0800210c                ETH_WKUP_IRQHandler
                0x0800210c                SPI2_IRQHandler
                0x0800210c                OTG_HS_EP1_IN_IRQHandler
                0x0800210c                DMA1_Stream0_IRQHandler
                0x0800210c                EXTI4_IRQHandler
                0x0800210c                ETH_IRQHandler
                0x0800210c                OTG_HS_EP1_OUT_IRQHandler
                0x0800210c                WWDG_IRQHandler
                0x0800210c                SPI6_IRQHandler
                0x0800210c                TIM2_IRQHandler
                0x0800210c                OTG_FS_WKUP_IRQHandler
                0x0800210c                TIM1_TRG_COM_TIM11_IRQHandler
                0x0800210c                OTG_HS_IRQHandler
                0x0800210c                DMA2D_IRQHandler
                0x0800210c                EXTI1_IRQHandler
                0x0800210c                I2C2_ER_IRQHandler
                0x0800210c                DMA2_Stream1_IRQHandler
                0x0800210c                CAN1_SCE_IRQHandler
                0x0800210c                FLASH_IRQHandler
                0x0800210c                DMA2_Stream4_IRQHandler
                0x0800210c                USART1_IRQHandler
                0x0800210c                SPI3_IRQHandler
                0x0800210c                DMA1_Stream4_IRQHandler
                0x0800210c                I2C1_ER_IRQHandler
                0x0800210c                FMC_IRQHandler
                0x0800210c                DMA2_Stream6_IRQHandler
                0x0800210c                SAI1_IRQHandler
                0x0800210c                DMA1_Stream3_IRQHandler
 *fill*         0x0800210e        0x2 
 .text.HAL_InitTick
                0x08002110       0x4c CMakeFiles/proj2.elf.dir/Drivers/STM32F4xx_HAL_Driver/Src/stm32f4xx_hal.c.obj
                0x08002110                HAL_InitTick
 .text.HAL_Init
                0x0800215c       0x34 CMakeFiles/proj2.elf.dir/Drivers/STM32F4xx_HAL_Driver/Src/stm32f4xx_hal.c.obj
                0x0800215c                HAL_Init
 .text.HAL_IncTick
                0x08002190       0x18 CMakeFiles/proj2.elf.dir/Drivers/STM32F4xx_HAL_Driver/Src/stm32f4xx_hal.c.obj
                0x08002190                HAL_IncTick
 .text.HAL_GetTick
                0x080021a8        0xc CMakeFiles/proj2.elf.dir/Drivers/STM32F4xx_HAL_Driver/Src/stm32f4xx_hal.c.obj
                0x080021a8                HAL_GetTick
 .text.HAL_Delay
                0x080021b4       0x28 CMakeFiles/proj2.elf.dir/Drivers/STM32F4xx_HAL_Driver/Src/stm32f4xx_hal.c.obj
                0x080021b4                HAL_Delay
 .text.HAL_CAN_Init
                0x080021dc      0x14c CMakeFiles/proj2.elf.dir/Drivers/STM32F4xx_HAL_Driver/Src/stm32f4xx_hal_can.c.obj
                0x080021dc                HAL_CAN_Init
 .text.HAL_CAN_ConfigFilter
                0x08002328      0x13c CMakeFiles/proj2.elf.dir/Drivers/STM32F4xx_HAL_Driver/Src/stm32f4xx_hal_can.c.obj
                0x08002328                HAL_CAN_ConfigFilter
 .text.HAL_CAN_Start
                0x08002464       0x5c CMakeFiles/proj2.elf.dir/Drivers/STM32F4xx_HAL_Driver/Src/stm32f4xx_hal_can.c.obj
                0x08002464                HAL_CAN_Start
 .text.HAL_CAN_GetRxMessage
                0x080024c0      0x16a CMakeFiles/proj2.elf.dir/Drivers/STM32F4xx_HAL_Driver/Src/stm32f4xx_hal_can.c.obj
                0x080024c0                HAL_CAN_GetRxMessage
 .text.HAL_CAN_ActivateNotification
                0x0800262a       0x24 CMakeFiles/proj2.elf.dir/Drivers/STM32F4xx_HAL_Driver/Src/stm32f4xx_hal_can.c.obj
                0x0800262a                HAL_CAN_ActivateNotification
 .text.HAL_CAN_TxMailbox0CompleteCallback
                0x0800264e        0x2 CMakeFiles/proj2.elf.dir/Drivers/STM32F4xx_HAL_Driver/Src/stm32f4xx_hal_can.c.obj
                0x0800264e                HAL_CAN_TxMailbox0CompleteCallback
 .text.HAL_CAN_TxMailbox1CompleteCallback
                0x08002650        0x2 CMakeFiles/proj2.elf.dir/Drivers/STM32F4xx_HAL_Driver/Src/stm32f4xx_hal_can.c.obj
                0x08002650                HAL_CAN_TxMailbox1CompleteCallback
 .text.HAL_CAN_TxMailbox2CompleteCallback
                0x08002652        0x2 CMakeFiles/proj2.elf.dir/Drivers/STM32F4xx_HAL_Driver/Src/stm32f4xx_hal_can.c.obj
                0x08002652                HAL_CAN_TxMailbox2CompleteCallback
 .text.HAL_CAN_TxMailbox0AbortCallback
                0x08002654        0x2 CMakeFiles/proj2.elf.dir/Drivers/STM32F4xx_HAL_Driver/Src/stm32f4xx_hal_can.c.obj
                0x08002654                HAL_CAN_TxMailbox0AbortCallback
 .text.HAL_CAN_TxMailbox1AbortCallback
                0x08002656        0x2 CMakeFiles/proj2.elf.dir/Drivers/STM32F4xx_HAL_Driver/Src/stm32f4xx_hal_can.c.obj
                0x08002656                HAL_CAN_TxMailbox1AbortCallback
 .text.HAL_CAN_TxMailbox2AbortCallback
                0x08002658        0x2 CMakeFiles/proj2.elf.dir/Drivers/STM32F4xx_HAL_Driver/Src/stm32f4xx_hal_can.c.obj
                0x08002658                HAL_CAN_TxMailbox2AbortCallback
 .text.HAL_CAN_RxFifo0FullCallback
                0x0800265a        0x2 CMakeFiles/proj2.elf.dir/Drivers/STM32F4xx_HAL_Driver/Src/stm32f4xx_hal_can.c.obj
                0x0800265a                HAL_CAN_RxFifo0FullCallback
 .text.HAL_CAN_RxFifo1MsgPendingCallback
                0x0800265c        0x2 CMakeFiles/proj2.elf.dir/Drivers/STM32F4xx_HAL_Driver/Src/stm32f4xx_hal_can.c.obj
                0x0800265c                HAL_CAN_RxFifo1MsgPendingCallback
 .text.HAL_CAN_RxFifo1FullCallback
                0x0800265e        0x2 CMakeFiles/proj2.elf.dir/Drivers/STM32F4xx_HAL_Driver/Src/stm32f4xx_hal_can.c.obj
                0x0800265e                HAL_CAN_RxFifo1FullCallback
 .text.HAL_CAN_SleepCallback
                0x08002660        0x2 CMakeFiles/proj2.elf.dir/Drivers/STM32F4xx_HAL_Driver/Src/stm32f4xx_hal_can.c.obj
                0x08002660                HAL_CAN_SleepCallback
 .text.HAL_CAN_WakeUpFromRxMsgCallback
                0x08002662        0x2 CMakeFiles/proj2.elf.dir/Drivers/STM32F4xx_HAL_Driver/Src/stm32f4xx_hal_can.c.obj
                0x08002662                HAL_CAN_WakeUpFromRxMsgCallback
 .text.HAL_CAN_ErrorCallback
                0x08002664        0x2 CMakeFiles/proj2.elf.dir/Drivers/STM32F4xx_HAL_Driver/Src/stm32f4xx_hal_can.c.obj
                0x08002664                HAL_CAN_ErrorCallback
 .text.HAL_CAN_IRQHandler
                0x08002666      0x24a CMakeFiles/proj2.elf.dir/Drivers/STM32F4xx_HAL_Driver/Src/stm32f4xx_hal_can.c.obj
                0x08002666                HAL_CAN_IRQHandler
 .text.HAL_NVIC_SetPriorityGrouping
                0x080028b0       0x24 CMakeFiles/proj2.elf.dir/Drivers/STM32F4xx_HAL_Driver/Src/stm32f4xx_hal_cortex.c.obj
                0x080028b0                HAL_NVIC_SetPriorityGrouping
 .text.HAL_NVIC_SetPriority
                0x080028d4       0x70 CMakeFiles/proj2.elf.dir/Drivers/STM32F4xx_HAL_Driver/Src/stm32f4xx_hal_cortex.c.obj
                0x080028d4                HAL_NVIC_SetPriority
 .text.HAL_NVIC_EnableIRQ
                0x08002944       0x1c CMakeFiles/proj2.elf.dir/Drivers/STM32F4xx_HAL_Driver/Src/stm32f4xx_hal_cortex.c.obj
                0x08002944                HAL_NVIC_EnableIRQ
 .text.HAL_SYSTICK_Config
                0x08002960       0x28 CMakeFiles/proj2.elf.dir/Drivers/STM32F4xx_HAL_Driver/Src/stm32f4xx_hal_cortex.c.obj
                0x08002960                HAL_SYSTICK_Config
 .text.HAL_DMA_Abort
                0x08002988       0x94 CMakeFiles/proj2.elf.dir/Drivers/STM32F4xx_HAL_Driver/Src/stm32f4xx_hal_dma.c.obj
                0x08002988                HAL_DMA_Abort
 .text.HAL_DMA_Abort_IT
                0x08002a1c       0x26 CMakeFiles/proj2.elf.dir/Drivers/STM32F4xx_HAL_Driver/Src/stm32f4xx_hal_dma.c.obj
                0x08002a1c                HAL_DMA_Abort_IT
 *fill*         0x08002a42        0x2 
 .text.HAL_GPIO_Init
                0x08002a44      0x1fc CMakeFiles/proj2.elf.dir/Drivers/STM32F4xx_HAL_Driver/Src/stm32f4xx_hal_gpio.c.obj
                0x08002a44                HAL_GPIO_Init
 .text.HAL_GPIO_WritePin
                0x08002c40        0xc CMakeFiles/proj2.elf.dir/Drivers/STM32F4xx_HAL_Driver/Src/stm32f4xx_hal_gpio.c.obj
                0x08002c40                HAL_GPIO_WritePin
 .text.HAL_GPIO_TogglePin
                0x08002c4c       0x12 CMakeFiles/proj2.elf.dir/Drivers/STM32F4xx_HAL_Driver/Src/stm32f4xx_hal_gpio.c.obj
                0x08002c4c                HAL_GPIO_TogglePin
 .text.PCD_WriteEmptyTxFifo
                0x08002c5e       0xd0 CMakeFiles/proj2.elf.dir/Drivers/STM32F4xx_HAL_Driver/Src/stm32f4xx_hal_pcd.c.obj
 .text.HAL_PCD_Init
                0x08002d2e      0x102 CMakeFiles/proj2.elf.dir/Drivers/STM32F4xx_HAL_Driver/Src/stm32f4xx_hal_pcd.c.obj
                0x08002d2e                HAL_PCD_Init
 .text.HAL_PCD_Start
                0x08002e30       0x44 CMakeFiles/proj2.elf.dir/Drivers/STM32F4xx_HAL_Driver/Src/stm32f4xx_hal_pcd.c.obj
                0x08002e30                HAL_PCD_Start
 .text.PCD_EP_OutXfrComplete_int
                0x08002e74      0x104 CMakeFiles/proj2.elf.dir/Drivers/STM32F4xx_HAL_Driver/Src/stm32f4xx_hal_pcd.c.obj
 .text.PCD_EP_OutSetupPacket_int
                0x08002f78       0x50 CMakeFiles/proj2.elf.dir/Drivers/STM32F4xx_HAL_Driver/Src/stm32f4xx_hal_pcd.c.obj
 .text.HAL_PCD_SetAddress
                0x08002fc8       0x26 CMakeFiles/proj2.elf.dir/Drivers/STM32F4xx_HAL_Driver/Src/stm32f4xx_hal_pcd.c.obj
                0x08002fc8                HAL_PCD_SetAddress
 .text.HAL_PCD_EP_Open
                0x08002fee       0x8c CMakeFiles/proj2.elf.dir/Drivers/STM32F4xx_HAL_Driver/Src/stm32f4xx_hal_pcd.c.obj
                0x08002fee                HAL_PCD_EP_Open
 .text.HAL_PCD_EP_Close
                0x0800307a       0x70 CMakeFiles/proj2.elf.dir/Drivers/STM32F4xx_HAL_Driver/Src/stm32f4xx_hal_pcd.c.obj
                0x0800307a                HAL_PCD_EP_Close
 .text.HAL_PCD_EP_Receive
                0x080030ea       0x4a CMakeFiles/proj2.elf.dir/Drivers/STM32F4xx_HAL_Driver/Src/stm32f4xx_hal_pcd.c.obj
                0x080030ea                HAL_PCD_EP_Receive
 .text.HAL_PCD_EP_GetRxCount
                0x08003134       0x12 CMakeFiles/proj2.elf.dir/Drivers/STM32F4xx_HAL_Driver/Src/stm32f4xx_hal_pcd.c.obj
                0x08003134                HAL_PCD_EP_GetRxCount
 .text.HAL_PCD_EP_Transmit
                0x08003146       0x4a CMakeFiles/proj2.elf.dir/Drivers/STM32F4xx_HAL_Driver/Src/stm32f4xx_hal_pcd.c.obj
                0x08003146                HAL_PCD_EP_Transmit
 .text.HAL_PCD_EP_SetStall
                0x08003190       0x86 CMakeFiles/proj2.elf.dir/Drivers/STM32F4xx_HAL_Driver/Src/stm32f4xx_hal_pcd.c.obj
                0x08003190                HAL_PCD_EP_SetStall
 .text.HAL_PCD_EP_ClrStall
                0x08003216       0x74 CMakeFiles/proj2.elf.dir/Drivers/STM32F4xx_HAL_Driver/Src/stm32f4xx_hal_pcd.c.obj
                0x08003216                HAL_PCD_EP_ClrStall
 .text.HAL_PCD_EP_Abort
                0x0800328a       0x34 CMakeFiles/proj2.elf.dir/Drivers/STM32F4xx_HAL_Driver/Src/stm32f4xx_hal_pcd.c.obj
                0x0800328a                HAL_PCD_EP_Abort
 .text.HAL_PCD_IRQHandler
                0x080032be      0x5bc CMakeFiles/proj2.elf.dir/Drivers/STM32F4xx_HAL_Driver/Src/stm32f4xx_hal_pcd.c.obj
                0x080032be                HAL_PCD_IRQHandler
 .text.HAL_PCDEx_SetTxFiFo
                0x0800387a       0x4a CMakeFiles/proj2.elf.dir/Drivers/STM32F4xx_HAL_Driver/Src/stm32f4xx_hal_pcd_ex.c.obj
                0x0800387a                HAL_PCDEx_SetTxFiFo
 .text.HAL_PCDEx_SetRxFiFo
                0x080038c4        0x8 CMakeFiles/proj2.elf.dir/Drivers/STM32F4xx_HAL_Driver/Src/stm32f4xx_hal_pcd_ex.c.obj
                0x080038c4                HAL_PCDEx_SetRxFiFo
 .text.HAL_PCDEx_LPM_Callback
                0x080038cc        0x2 CMakeFiles/proj2.elf.dir/Drivers/STM32F4xx_HAL_Driver/Src/stm32f4xx_hal_pcd_ex.c.obj
                0x080038cc                HAL_PCDEx_LPM_Callback
 *fill*         0x080038ce        0x2 
 .text.HAL_RCC_OscConfig
                0x080038d0      0x3f8 CMakeFiles/proj2.elf.dir/Drivers/STM32F4xx_HAL_Driver/Src/stm32f4xx_hal_rcc.c.obj
                0x080038d0                HAL_RCC_OscConfig
 .text.HAL_RCC_GetSysClockFreq
                0x08003cc8       0xa4 CMakeFiles/proj2.elf.dir/Drivers/STM32F4xx_HAL_Driver/Src/stm32f4xx_hal_rcc.c.obj
                0x08003cc8                HAL_RCC_GetSysClockFreq
 .text.HAL_RCC_ClockConfig
                0x08003d6c      0x160 CMakeFiles/proj2.elf.dir/Drivers/STM32F4xx_HAL_Driver/Src/stm32f4xx_hal_rcc.c.obj
                0x08003d6c                HAL_RCC_ClockConfig
 .text.HAL_RCC_GetHCLKFreq
                0x08003ecc        0xc CMakeFiles/proj2.elf.dir/Drivers/STM32F4xx_HAL_Driver/Src/stm32f4xx_hal_rcc.c.obj
                0x08003ecc                HAL_RCC_GetHCLKFreq
 .text.HAL_RCC_GetPCLK1Freq
                0x08003ed8       0x20 CMakeFiles/proj2.elf.dir/Drivers/STM32F4xx_HAL_Driver/Src/stm32f4xx_hal_rcc.c.obj
                0x08003ed8                HAL_RCC_GetPCLK1Freq
 .text.HAL_RCC_GetPCLK2Freq
                0x08003ef8       0x20 CMakeFiles/proj2.elf.dir/Drivers/STM32F4xx_HAL_Driver/Src/stm32f4xx_hal_rcc.c.obj
                0x08003ef8                HAL_RCC_GetPCLK2Freq
 .text.HAL_SPI_Init
                0x08003f18       0xbe CMakeFiles/proj2.elf.dir/Drivers/STM32F4xx_HAL_Driver/Src/stm32f4xx_hal_spi.c.obj
                0x08003f18                HAL_SPI_Init
 *fill*         0x08003fd6        0x2 
 .text.HAL_TIM_Base_Start_IT
                0x08003fd8       0x88 CMakeFiles/proj2.elf.dir/Drivers/STM32F4xx_HAL_Driver/Src/stm32f4xx_hal_tim.c.obj
                0x08003fd8                HAL_TIM_Base_Start_IT
 .text.HAL_TIM_OC_DelayElapsedCallback
                0x08004060        0x2 CMakeFiles/proj2.elf.dir/Drivers/STM32F4xx_HAL_Driver/Src/stm32f4xx_hal_tim.c.obj
                0x08004060                HAL_TIM_OC_DelayElapsedCallback
 .text.HAL_TIM_IC_CaptureCallback
                0x08004062        0x2 CMakeFiles/proj2.elf.dir/Drivers/STM32F4xx_HAL_Driver/Src/stm32f4xx_hal_tim.c.obj
                0x08004062                HAL_TIM_IC_CaptureCallback
 .text.HAL_TIM_PWM_PulseFinishedCallback
                0x08004064        0x2 CMakeFiles/proj2.elf.dir/Drivers/STM32F4xx_HAL_Driver/Src/stm32f4xx_hal_tim.c.obj
                0x08004064                HAL_TIM_PWM_PulseFinishedCallback
 .text.HAL_TIM_TriggerCallback
                0x08004066        0x2 CMakeFiles/proj2.elf.dir/Drivers/STM32F4xx_HAL_Driver/Src/stm32f4xx_hal_tim.c.obj
                0x08004066                HAL_TIM_TriggerCallback
 .text.HAL_TIM_IRQHandler
                0x08004068      0x15e CMakeFiles/proj2.elf.dir/Drivers/STM32F4xx_HAL_Driver/Src/stm32f4xx_hal_tim.c.obj
                0x08004068                HAL_TIM_IRQHandler
 *fill*         0x080041c6        0x2 
 .text.TIM_Base_SetConfig
                0x080041c8       0xd8 CMakeFiles/proj2.elf.dir/Drivers/STM32F4xx_HAL_Driver/Src/stm32f4xx_hal_tim.c.obj
                0x080041c8                TIM_Base_SetConfig
 .text.HAL_TIM_Base_Init
                0x080042a0       0x58 CMakeFiles/proj2.elf.dir/Drivers/STM32F4xx_HAL_Driver/Src/stm32f4xx_hal_tim.c.obj
                0x080042a0                HAL_TIM_Base_Init
 .text.HAL_TIMEx_MasterConfigSynchronization
                0x080042f8       0x8c CMakeFiles/proj2.elf.dir/Drivers/STM32F4xx_HAL_Driver/Src/stm32f4xx_hal_tim_ex.c.obj
                0x080042f8                HAL_TIMEx_MasterConfigSynchronization
 .text.HAL_TIMEx_CommutCallback
                0x08004384        0x2 CMakeFiles/proj2.elf.dir/Drivers/STM32F4xx_HAL_Driver/Src/stm32f4xx_hal_tim_ex.c.obj
                0x08004384                HAL_TIMEx_CommutCallback
 .text.HAL_TIMEx_BreakCallback
                0x08004386        0x2 CMakeFiles/proj2.elf.dir/Drivers/STM32F4xx_HAL_Driver/Src/stm32f4xx_hal_tim_ex.c.obj
                0x08004386                HAL_TIMEx_BreakCallback
 .text.UART_EndRxTransfer
                0x08004388       0x5c CMakeFiles/proj2.elf.dir/Drivers/STM32F4xx_HAL_Driver/Src/stm32f4xx_hal_uart.c.obj
 .text.UART_Transmit_IT
                0x080043e4       0x60 CMakeFiles/proj2.elf.dir/Drivers/STM32F4xx_HAL_Driver/Src/stm32f4xx_hal_uart.c.obj
 .text.UART_SetConfig
                0x08004444      0x110 CMakeFiles/proj2.elf.dir/Drivers/STM32F4xx_HAL_Driver/Src/stm32f4xx_hal_uart.c.obj
 .text.UART_WaitOnFlagUntilTimeout
                0x08004554       0x8a CMakeFiles/proj2.elf.dir/Drivers/STM32F4xx_HAL_Driver/Src/stm32f4xx_hal_uart.c.obj
 .text.HAL_UART_Init
                0x080045de       0x60 CMakeFiles/proj2.elf.dir/Drivers/STM32F4xx_HAL_Driver/Src/stm32f4xx_hal_uart.c.obj
                0x080045de                HAL_UART_Init
 .text.HAL_UART_Transmit
                0x0800463e       0xcc CMakeFiles/proj2.elf.dir/Drivers/STM32F4xx_HAL_Driver/Src/stm32f4xx_hal_uart.c.obj
                0x0800463e                HAL_UART_Transmit
 .text.HAL_UART_TxCpltCallback
                0x0800470a        0x2 CMakeFiles/proj2.elf.dir/Drivers/STM32F4xx_HAL_Driver/Src/stm32f4xx_hal_uart.c.obj
                0x0800470a                HAL_UART_TxCpltCallback
 .text.UART_EndTransmit_IT
                0x0800470c       0x1a CMakeFiles/proj2.elf.dir/Drivers/STM32F4xx_HAL_Driver/Src/stm32f4xx_hal_uart.c.obj
 .text.HAL_UART_ErrorCallback
                0x08004726        0x2 CMakeFiles/proj2.elf.dir/Drivers/STM32F4xx_HAL_Driver/Src/stm32f4xx_hal_uart.c.obj
                0x08004726                HAL_UART_ErrorCallback
 .text.UART_DMAAbortOnError
                0x08004728       0x10 CMakeFiles/proj2.elf.dir/Drivers/STM32F4xx_HAL_Driver/Src/stm32f4xx_hal_uart.c.obj
 .text.HAL_UARTEx_RxEventCallback
                0x08004738        0x2 CMakeFiles/proj2.elf.dir/Drivers/STM32F4xx_HAL_Driver/Src/stm32f4xx_hal_uart.c.obj
                0x08004738                HAL_UARTEx_RxEventCallback
 .text.UART_Receive_IT
                0x0800473a       0xe6 CMakeFiles/proj2.elf.dir/Drivers/STM32F4xx_HAL_Driver/Src/stm32f4xx_hal_uart.c.obj
 .text.HAL_UART_IRQHandler
                0x08004820      0x288 CMakeFiles/proj2.elf.dir/Drivers/STM32F4xx_HAL_Driver/Src/stm32f4xx_hal_uart.c.obj
                0x08004820                HAL_UART_IRQHandler
 .text.UART_Start_Receive_IT
                0x08004aa8       0x36 CMakeFiles/proj2.elf.dir/Drivers/STM32F4xx_HAL_Driver/Src/stm32f4xx_hal_uart.c.obj
                0x08004aa8                UART_Start_Receive_IT
 .text.HAL_UART_Receive_IT
                0x08004ade       0x26 CMakeFiles/proj2.elf.dir/Drivers/STM32F4xx_HAL_Driver/Src/stm32f4xx_hal_uart.c.obj
                0x08004ade                HAL_UART_Receive_IT
 .text.USB_CoreReset
                0x08004b04       0x4a CMakeFiles/proj2.elf.dir/Drivers/STM32F4xx_HAL_Driver/Src/stm32f4xx_ll_usb.c.obj
 .text.USB_CoreInit
                0x08004b4e       0x92 CMakeFiles/proj2.elf.dir/Drivers/STM32F4xx_HAL_Driver/Src/stm32f4xx_ll_usb.c.obj
                0x08004b4e                USB_CoreInit
 .text.USB_SetTurnaroundTime
                0x08004be0       0xe4 CMakeFiles/proj2.elf.dir/Drivers/STM32F4xx_HAL_Driver/Src/stm32f4xx_ll_usb.c.obj
                0x08004be0                USB_SetTurnaroundTime
 .text.USB_EnableGlobalInt
                0x08004cc4        0xc CMakeFiles/proj2.elf.dir/Drivers/STM32F4xx_HAL_Driver/Src/stm32f4xx_ll_usb.c.obj
                0x08004cc4                USB_EnableGlobalInt
 .text.USB_DisableGlobalInt
                0x08004cd0        0xc CMakeFiles/proj2.elf.dir/Drivers/STM32F4xx_HAL_Driver/Src/stm32f4xx_ll_usb.c.obj
                0x08004cd0                USB_DisableGlobalInt
 .text.USB_FlushTxFifo
                0x08004cdc       0x4a CMakeFiles/proj2.elf.dir/Drivers/STM32F4xx_HAL_Driver/Src/stm32f4xx_ll_usb.c.obj
                0x08004cdc                USB_FlushTxFifo
 .text.USB_FlushRxFifo
                0x08004d26       0x46 CMakeFiles/proj2.elf.dir/Drivers/STM32F4xx_HAL_Driver/Src/stm32f4xx_ll_usb.c.obj
                0x08004d26                USB_FlushRxFifo
 .text.USB_SetDevSpeed
                0x08004d6c        0xe CMakeFiles/proj2.elf.dir/Drivers/STM32F4xx_HAL_Driver/Src/stm32f4xx_ll_usb.c.obj
                0x08004d6c                USB_SetDevSpeed
 *fill*         0x08004d7a        0x2 
 .text.USB_DevInit
                0x08004d7c      0x194 CMakeFiles/proj2.elf.dir/Drivers/STM32F4xx_HAL_Driver/Src/stm32f4xx_ll_usb.c.obj
                0x08004d7c                USB_DevInit
 .text.USB_GetDevSpeed
                0x08004f10       0x22 CMakeFiles/proj2.elf.dir/Drivers/STM32F4xx_HAL_Driver/Src/stm32f4xx_ll_usb.c.obj
                0x08004f10                USB_GetDevSpeed
 .text.USB_ActivateEndpoint
                0x08004f32       0x9c CMakeFiles/proj2.elf.dir/Drivers/STM32F4xx_HAL_Driver/Src/stm32f4xx_ll_usb.c.obj
                0x08004f32                USB_ActivateEndpoint
 *fill*         0x08004fce        0x2 
 .text.USB_DeactivateEndpoint
                0x08004fd0       0xe0 CMakeFiles/proj2.elf.dir/Drivers/STM32F4xx_HAL_Driver/Src/stm32f4xx_ll_usb.c.obj
                0x08004fd0                USB_DeactivateEndpoint
 .text.USB_EPStopXfer
                0x080050b0       0xbc CMakeFiles/proj2.elf.dir/Drivers/STM32F4xx_HAL_Driver/Src/stm32f4xx_ll_usb.c.obj
                0x080050b0                USB_EPStopXfer
 .text.USB_WritePacket
                0x0800516c       0x2e CMakeFiles/proj2.elf.dir/Drivers/STM32F4xx_HAL_Driver/Src/stm32f4xx_ll_usb.c.obj
                0x0800516c                USB_WritePacket
 *fill*         0x0800519a        0x2 
 .text.USB_EPStartXfer
                0x0800519c      0x248 CMakeFiles/proj2.elf.dir/Drivers/STM32F4xx_HAL_Driver/Src/stm32f4xx_ll_usb.c.obj
                0x0800519c                USB_EPStartXfer
 .text.USB_ReadPacket
                0x080053e4       0x54 CMakeFiles/proj2.elf.dir/Drivers/STM32F4xx_HAL_Driver/Src/stm32f4xx_ll_usb.c.obj
                0x080053e4                USB_ReadPacket
 .text.USB_EPSetStall
                0x08005438       0x5a CMakeFiles/proj2.elf.dir/Drivers/STM32F4xx_HAL_Driver/Src/stm32f4xx_ll_usb.c.obj
                0x08005438                USB_EPSetStall
 .text.USB_EPClearStall
                0x08005492       0x5c CMakeFiles/proj2.elf.dir/Drivers/STM32F4xx_HAL_Driver/Src/stm32f4xx_ll_usb.c.obj
                0x08005492                USB_EPClearStall
 .text.USB_SetDevAddress
                0x080054ee       0x20 CMakeFiles/proj2.elf.dir/Drivers/STM32F4xx_HAL_Driver/Src/stm32f4xx_ll_usb.c.obj
                0x080054ee                USB_SetDevAddress
 .text.USB_DevConnect
                0x0800550e       0x1c CMakeFiles/proj2.elf.dir/Drivers/STM32F4xx_HAL_Driver/Src/stm32f4xx_ll_usb.c.obj
                0x0800550e                USB_DevConnect
 .text.USB_DevDisconnect
                0x0800552a       0x1c CMakeFiles/proj2.elf.dir/Drivers/STM32F4xx_HAL_Driver/Src/stm32f4xx_ll_usb.c.obj
                0x0800552a                USB_DevDisconnect
 .text.USB_ReadInterrupts
                0x08005546        0x8 CMakeFiles/proj2.elf.dir/Drivers/STM32F4xx_HAL_Driver/Src/stm32f4xx_ll_usb.c.obj
                0x08005546                USB_ReadInterrupts
 .text.USB_ReadDevAllOutEpInterrupt
                0x0800554e       0x10 CMakeFiles/proj2.elf.dir/Drivers/STM32F4xx_HAL_Driver/Src/stm32f4xx_ll_usb.c.obj
                0x0800554e                USB_ReadDevAllOutEpInterrupt
 .text.USB_ReadDevAllInEpInterrupt
                0x0800555e       0x10 CMakeFiles/proj2.elf.dir/Drivers/STM32F4xx_HAL_Driver/Src/stm32f4xx_ll_usb.c.obj
                0x0800555e                USB_ReadDevAllInEpInterrupt
 .text.USB_ReadDevOutEPInterrupt
                0x0800556e       0x12 CMakeFiles/proj2.elf.dir/Drivers/STM32F4xx_HAL_Driver/Src/stm32f4xx_ll_usb.c.obj
                0x0800556e                USB_ReadDevOutEPInterrupt
 .text.USB_ReadDevInEPInterrupt
                0x08005580       0x26 CMakeFiles/proj2.elf.dir/Drivers/STM32F4xx_HAL_Driver/Src/stm32f4xx_ll_usb.c.obj
                0x08005580                USB_ReadDevInEPInterrupt
 .text.USB_GetMode
                0x080055a6        0x8 CMakeFiles/proj2.elf.dir/Drivers/STM32F4xx_HAL_Driver/Src/stm32f4xx_ll_usb.c.obj
                0x080055a6                USB_GetMode
 .text.USB_SetCurrentMode
                0x080055ae       0x62 CMakeFiles/proj2.elf.dir/Drivers/STM32F4xx_HAL_Driver/Src/stm32f4xx_ll_usb.c.obj
                0x080055ae                USB_SetCurrentMode
 .text.USB_ActivateSetup
                0x08005610       0x20 CMakeFiles/proj2.elf.dir/Drivers/STM32F4xx_HAL_Driver/Src/stm32f4xx_ll_usb.c.obj
                0x08005610                USB_ActivateSetup
 .text.USB_EP0_OutStart
                0x08005630       0x5c CMakeFiles/proj2.elf.dir/Drivers/STM32F4xx_HAL_Driver/Src/stm32f4xx_ll_usb.c.obj
                0x08005630                USB_EP0_OutStart
 .text.USBD_CDC_EP0_RxReady
                0x0800568c       0x40 CMakeFiles/proj2.elf.dir/Middlewares/ST/STM32_USB_Device_Library/Class/CDC/Src/usbd_cdc.c.obj
 .text.USBD_CDC_GetDeviceQualifierDescriptor
                0x080056cc        0xc CMakeFiles/proj2.elf.dir/Middlewares/ST/STM32_USB_Device_Library/Class/CDC/Src/usbd_cdc.c.obj
                0x080056cc                USBD_CDC_GetDeviceQualifierDescriptor
 .text.USBD_CDC_GetOtherSpeedCfgDesc
                0x080056d8       0x48 CMakeFiles/proj2.elf.dir/Middlewares/ST/STM32_USB_Device_Library/Class/CDC/Src/usbd_cdc.c.obj
 .text.USBD_CDC_GetFSCfgDesc
                0x08005720       0x48 CMakeFiles/proj2.elf.dir/Middlewares/ST/STM32_USB_Device_Library/Class/CDC/Src/usbd_cdc.c.obj
 .text.USBD_CDC_GetHSCfgDesc
                0x08005768       0x48 CMakeFiles/proj2.elf.dir/Middlewares/ST/STM32_USB_Device_Library/Class/CDC/Src/usbd_cdc.c.obj
 .text.USBD_CDC_DataOut
                0x080057b0       0x38 CMakeFiles/proj2.elf.dir/Middlewares/ST/STM32_USB_Device_Library/Class/CDC/Src/usbd_cdc.c.obj
 .text.USBD_CDC_DataIn
                0x080057e8       0x7c CMakeFiles/proj2.elf.dir/Middlewares/ST/STM32_USB_Device_Library/Class/CDC/Src/usbd_cdc.c.obj
 .text.USBD_CDC_Setup
                0x08005864      0x11a CMakeFiles/proj2.elf.dir/Middlewares/ST/STM32_USB_Device_Library/Class/CDC/Src/usbd_cdc.c.obj
 .text.USBD_CDC_DeInit
                0x0800597e       0x64 CMakeFiles/proj2.elf.dir/Middlewares/ST/STM32_USB_Device_Library/Class/CDC/Src/usbd_cdc.c.obj
 .text.USBD_CDC_Init
                0x080059e2       0xee CMakeFiles/proj2.elf.dir/Middlewares/ST/STM32_USB_Device_Library/Class/CDC/Src/usbd_cdc.c.obj
 .text.USBD_CDC_RegisterInterface
                0x08005ad0       0x16 CMakeFiles/proj2.elf.dir/Middlewares/ST/STM32_USB_Device_Library/Class/CDC/Src/usbd_cdc.c.obj
                0x08005ad0                USBD_CDC_RegisterInterface
 .text.USBD_CDC_SetTxBuffer
                0x08005ae6       0x1c CMakeFiles/proj2.elf.dir/Middlewares/ST/STM32_USB_Device_Library/Class/CDC/Src/usbd_cdc.c.obj
                0x08005ae6                USBD_CDC_SetTxBuffer
 .text.USBD_CDC_SetRxBuffer
                0x08005b02       0x18 CMakeFiles/proj2.elf.dir/Middlewares/ST/STM32_USB_Device_Library/Class/CDC/Src/usbd_cdc.c.obj
                0x08005b02                USBD_CDC_SetRxBuffer
 .text.USBD_CDC_ReceivePacket
                0x08005b1a       0x38 CMakeFiles/proj2.elf.dir/Middlewares/ST/STM32_USB_Device_Library/Class/CDC/Src/usbd_cdc.c.obj
                0x08005b1a                USBD_CDC_ReceivePacket
 .text.USBD_Init
                0x08005b52       0x2e CMakeFiles/proj2.elf.dir/Middlewares/ST/STM32_USB_Device_Library/Core/Src/usbd_core.c.obj
                0x08005b52                USBD_Init
 .text.USBD_RegisterClass
                0x08005b80       0x34 CMakeFiles/proj2.elf.dir/Middlewares/ST/STM32_USB_Device_Library/Core/Src/usbd_core.c.obj
                0x08005b80                USBD_RegisterClass
 .text.USBD_Start
                0x08005bb4        0x8 CMakeFiles/proj2.elf.dir/Middlewares/ST/STM32_USB_Device_Library/Core/Src/usbd_core.c.obj
                0x08005bb4                USBD_Start
 .text.USBD_SetClassConfig
                0x08005bbc       0x12 CMakeFiles/proj2.elf.dir/Middlewares/ST/STM32_USB_Device_Library/Core/Src/usbd_core.c.obj
                0x08005bbc                USBD_SetClassConfig
 .text.USBD_ClrClassConfig
                0x08005bce       0x12 CMakeFiles/proj2.elf.dir/Middlewares/ST/STM32_USB_Device_Library/Core/Src/usbd_core.c.obj
                0x08005bce                USBD_ClrClassConfig
 .text.USBD_LL_SetupStage
                0x08005be0       0x58 CMakeFiles/proj2.elf.dir/Middlewares/ST/STM32_USB_Device_Library/Core/Src/usbd_core.c.obj
                0x08005be0                USBD_LL_SetupStage
 .text.USBD_LL_Reset
                0x08005c38       0x64 CMakeFiles/proj2.elf.dir/Middlewares/ST/STM32_USB_Device_Library/Core/Src/usbd_core.c.obj
                0x08005c38                USBD_LL_Reset
 .text.USBD_LL_SetSpeed
                0x08005c9c        0x6 CMakeFiles/proj2.elf.dir/Middlewares/ST/STM32_USB_Device_Library/Core/Src/usbd_core.c.obj
                0x08005c9c                USBD_LL_SetSpeed
 .text.USBD_LL_Suspend
                0x08005ca2       0x1e CMakeFiles/proj2.elf.dir/Middlewares/ST/STM32_USB_Device_Library/Core/Src/usbd_core.c.obj
                0x08005ca2                USBD_LL_Suspend
 .text.USBD_LL_Resume
                0x08005cc0       0x1a CMakeFiles/proj2.elf.dir/Middlewares/ST/STM32_USB_Device_Library/Core/Src/usbd_core.c.obj
                0x08005cc0                USBD_LL_Resume
 .text.USBD_LL_SOF
                0x08005cda       0x22 CMakeFiles/proj2.elf.dir/Middlewares/ST/STM32_USB_Device_Library/Core/Src/usbd_core.c.obj
                0x08005cda                USBD_LL_SOF
 .text.USBD_LL_IsoINIncomplete
                0x08005cfc       0x2e CMakeFiles/proj2.elf.dir/Middlewares/ST/STM32_USB_Device_Library/Core/Src/usbd_core.c.obj
                0x08005cfc                USBD_LL_IsoINIncomplete
 .text.USBD_LL_IsoOUTIncomplete
                0x08005d2a       0x2e CMakeFiles/proj2.elf.dir/Middlewares/ST/STM32_USB_Device_Library/Core/Src/usbd_core.c.obj
                0x08005d2a                USBD_LL_IsoOUTIncomplete
 .text.USBD_LL_DevConnected
                0x08005d58        0x4 CMakeFiles/proj2.elf.dir/Middlewares/ST/STM32_USB_Device_Library/Core/Src/usbd_core.c.obj
                0x08005d58                USBD_LL_DevConnected
 .text.USBD_LL_DevDisconnected
                0x08005d5c       0x20 CMakeFiles/proj2.elf.dir/Middlewares/ST/STM32_USB_Device_Library/Core/Src/usbd_core.c.obj
                0x08005d5c                USBD_LL_DevDisconnected
 .text.USBD_CoreFindIF
                0x08005d7c        0x4 CMakeFiles/proj2.elf.dir/Middlewares/ST/STM32_USB_Device_Library/Core/Src/usbd_core.c.obj
                0x08005d7c                USBD_CoreFindIF
 .text.USBD_CoreFindEP
                0x08005d80        0x4 CMakeFiles/proj2.elf.dir/Middlewares/ST/STM32_USB_Device_Library/Core/Src/usbd_core.c.obj
                0x08005d80                USBD_CoreFindEP
 .text.USBD_LL_DataOutStage
                0x08005d84       0xc6 CMakeFiles/proj2.elf.dir/Middlewares/ST/STM32_USB_Device_Library/Core/Src/usbd_core.c.obj
                0x08005d84                USBD_LL_DataOutStage
 .text.USBD_LL_DataInStage
                0x08005e4a       0xd6 CMakeFiles/proj2.elf.dir/Middlewares/ST/STM32_USB_Device_Library/Core/Src/usbd_core.c.obj
                0x08005e4a                USBD_LL_DataInStage
 .text.USBD_GetNextDesc
                0x08005f20        0xe CMakeFiles/proj2.elf.dir/Middlewares/ST/STM32_USB_Device_Library/Core/Src/usbd_core.c.obj
                0x08005f20                USBD_GetNextDesc
 .text.USBD_GetEpDesc
                0x08005f2e       0x3e CMakeFiles/proj2.elf.dir/Middlewares/ST/STM32_USB_Device_Library/Core/Src/usbd_core.c.obj
                0x08005f2e                USBD_GetEpDesc
 .text.USBD_GetLen
                0x08005f6c       0x14 CMakeFiles/proj2.elf.dir/Middlewares/ST/STM32_USB_Device_Library/Core/Src/usbd_ctlreq.c.obj
 .text.USBD_ParseSetupRequest
                0x08005f80       0x28 CMakeFiles/proj2.elf.dir/Middlewares/ST/STM32_USB_Device_Library/Core/Src/usbd_ctlreq.c.obj
                0x08005f80                USBD_ParseSetupRequest
 .text.USBD_CtlError
                0x08005fa8       0x14 CMakeFiles/proj2.elf.dir/Middlewares/ST/STM32_USB_Device_Library/Core/Src/usbd_ctlreq.c.obj
                0x08005fa8                USBD_CtlError
 .text.USBD_GetDescriptor
                0x08005fbc      0x18a CMakeFiles/proj2.elf.dir/Middlewares/ST/STM32_USB_Device_Library/Core/Src/usbd_ctlreq.c.obj
 .text.USBD_SetAddress
                0x08006146       0x50 CMakeFiles/proj2.elf.dir/Middlewares/ST/STM32_USB_Device_Library/Core/Src/usbd_ctlreq.c.obj
 *fill*         0x08006196        0x2 
 .text.USBD_SetConfig
                0x08006198       0xcc CMakeFiles/proj2.elf.dir/Middlewares/ST/STM32_USB_Device_Library/Core/Src/usbd_ctlreq.c.obj
 .text.USBD_GetConfig
                0x08006264       0x40 CMakeFiles/proj2.elf.dir/Middlewares/ST/STM32_USB_Device_Library/Core/Src/usbd_ctlreq.c.obj
 .text.USBD_GetStatus
                0x080062a4       0x38 CMakeFiles/proj2.elf.dir/Middlewares/ST/STM32_USB_Device_Library/Core/Src/usbd_ctlreq.c.obj
 .text.USBD_SetFeature
                0x080062dc       0x2a CMakeFiles/proj2.elf.dir/Middlewares/ST/STM32_USB_Device_Library/Core/Src/usbd_ctlreq.c.obj
 .text.USBD_ClrFeature
                0x08006306       0x26 CMakeFiles/proj2.elf.dir/Middlewares/ST/STM32_USB_Device_Library/Core/Src/usbd_ctlreq.c.obj
 .text.USBD_StdDevReq
                0x0800632c       0x76 CMakeFiles/proj2.elf.dir/Middlewares/ST/STM32_USB_Device_Library/Core/Src/usbd_ctlreq.c.obj
                0x0800632c                USBD_StdDevReq
 .text.USBD_StdItfReq
                0x080063a2       0x84 CMakeFiles/proj2.elf.dir/Middlewares/ST/STM32_USB_Device_Library/Core/Src/usbd_ctlreq.c.obj
                0x080063a2                USBD_StdItfReq
 .text.USBD_StdEPReq
                0x08006426      0x230 CMakeFiles/proj2.elf.dir/Middlewares/ST/STM32_USB_Device_Library/Core/Src/usbd_ctlreq.c.obj
                0x08006426                USBD_StdEPReq
 .text.USBD_GetString
                0x08006656       0x46 CMakeFiles/proj2.elf.dir/Middlewares/ST/STM32_USB_Device_Library/Core/Src/usbd_ctlreq.c.obj
                0x08006656                USBD_GetString
 .text.USBD_CtlSendData
                0x0800669c       0x1a CMakeFiles/proj2.elf.dir/Middlewares/ST/STM32_USB_Device_Library/Core/Src/usbd_ioreq.c.obj
                0x0800669c                USBD_CtlSendData
 .text.USBD_CtlContinueSendData
                0x080066b6       0x10 CMakeFiles/proj2.elf.dir/Middlewares/ST/STM32_USB_Device_Library/Core/Src/usbd_ioreq.c.obj
                0x080066b6                USBD_CtlContinueSendData
 .text.USBD_CtlPrepareRx
                0x080066c6       0x1e CMakeFiles/proj2.elf.dir/Middlewares/ST/STM32_USB_Device_Library/Core/Src/usbd_ioreq.c.obj
                0x080066c6                USBD_CtlPrepareRx
 .text.USBD_CtlContinueRx
                0x080066e4       0x10 CMakeFiles/proj2.elf.dir/Middlewares/ST/STM32_USB_Device_Library/Core/Src/usbd_ioreq.c.obj
                0x080066e4                USBD_CtlContinueRx
 .text.USBD_CtlSendStatus
                0x080066f4       0x16 CMakeFiles/proj2.elf.dir/Middlewares/ST/STM32_USB_Device_Library/Core/Src/usbd_ioreq.c.obj
                0x080066f4                USBD_CtlSendStatus
 .text.USBD_CtlReceiveStatus
                0x0800670a       0x16 CMakeFiles/proj2.elf.dir/Middlewares/ST/STM32_USB_Device_Library/Core/Src/usbd_ioreq.c.obj
                0x0800670a                USBD_CtlReceiveStatus
 .text.MX_USB_DEVICE_Init
                0x08006720       0x54 CMakeFiles/proj2.elf.dir/USB_DEVICE/App/usb_device.c.obj
                0x08006720                MX_USB_DEVICE_Init
 .text.CDC_DeInit_FS
                0x08006774        0x4 CMakeFiles/proj2.elf.dir/USB_DEVICE/App/usbd_cdc_if.c.obj
 .text.CDC_TransmitCplt_FS
                0x08006778        0x4 CMakeFiles/proj2.elf.dir/USB_DEVICE/App/usbd_cdc_if.c.obj
 .text.CDC_Receive_FS
                0x0800677c       0x28 CMakeFiles/proj2.elf.dir/USB_DEVICE/App/usbd_cdc_if.c.obj
 .text.CDC_Control_FS
                0x080067a4       0x3c CMakeFiles/proj2.elf.dir/USB_DEVICE/App/usbd_cdc_if.c.obj
 .text.CDC_Init_FS
                0x080067e0       0x28 CMakeFiles/proj2.elf.dir/USB_DEVICE/App/usbd_cdc_if.c.obj
 .text.USBD_FS_DeviceDescriptor
                0x08006808        0xc CMakeFiles/proj2.elf.dir/USB_DEVICE/App/usbd_desc.c.obj
                0x08006808                USBD_FS_DeviceDescriptor
 .text.USBD_FS_LangIDStrDescriptor
                0x08006814        0xc CMakeFiles/proj2.elf.dir/USB_DEVICE/App/usbd_desc.c.obj
                0x08006814                USBD_FS_LangIDStrDescriptor
 .text.IntToUnicode
                0x08006820       0x46 CMakeFiles/proj2.elf.dir/USB_DEVICE/App/usbd_desc.c.obj
 *fill*         0x08006866        0x2 
 .text.Get_SerialNum
                0x08006868       0x38 CMakeFiles/proj2.elf.dir/USB_DEVICE/App/usbd_desc.c.obj
 .text.USBD_FS_SerialStrDescriptor
                0x080068a0       0x14 CMakeFiles/proj2.elf.dir/USB_DEVICE/App/usbd_desc.c.obj
                0x080068a0                USBD_FS_SerialStrDescriptor
 .text.USBD_FS_ProductStrDescriptor
                0x080068b4       0x24 CMakeFiles/proj2.elf.dir/USB_DEVICE/App/usbd_desc.c.obj
                0x080068b4                USBD_FS_ProductStrDescriptor
 .text.USBD_FS_ManufacturerStrDescriptor
                0x080068d8       0x1c CMakeFiles/proj2.elf.dir/USB_DEVICE/App/usbd_desc.c.obj
                0x080068d8                USBD_FS_ManufacturerStrDescriptor
 .text.USBD_FS_ConfigStrDescriptor
                0x080068f4       0x24 CMakeFiles/proj2.elf.dir/USB_DEVICE/App/usbd_desc.c.obj
                0x080068f4                USBD_FS_ConfigStrDescriptor
 .text.USBD_FS_InterfaceStrDescriptor
                0x08006918       0x24 CMakeFiles/proj2.elf.dir/USB_DEVICE/App/usbd_desc.c.obj
                0x08006918                USBD_FS_InterfaceStrDescriptor
 .text.HAL_PCD_MspInit
                0x0800693c       0x84 CMakeFiles/proj2.elf.dir/USB_DEVICE/Target/usbd_conf.c.obj
                0x0800693c                HAL_PCD_MspInit
 .text.HAL_PCD_SetupStageCallback
                0x080069c0       0x10 CMakeFiles/proj2.elf.dir/USB_DEVICE/Target/usbd_conf.c.obj
                0x080069c0                HAL_PCD_SetupStageCallback
 .text.HAL_PCD_DataOutStageCallback
                0x080069d0       0x18 CMakeFiles/proj2.elf.dir/USB_DEVICE/Target/usbd_conf.c.obj
                0x080069d0                HAL_PCD_DataOutStageCallback
 .text.HAL_PCD_DataInStageCallback
                0x080069e8       0x16 CMakeFiles/proj2.elf.dir/USB_DEVICE/Target/usbd_conf.c.obj
                0x080069e8                HAL_PCD_DataInStageCallback
 .text.HAL_PCD_SOFCallback
                0x080069fe        0xc CMakeFiles/proj2.elf.dir/USB_DEVICE/Target/usbd_conf.c.obj
                0x080069fe                HAL_PCD_SOFCallback
 .text.HAL_PCD_ResetCallback
                0x08006a0a       0x28 CMakeFiles/proj2.elf.dir/USB_DEVICE/Target/usbd_conf.c.obj
                0x08006a0a                HAL_PCD_ResetCallback
 *fill*         0x08006a32        0x2 
 .text.HAL_PCD_SuspendCallback
                0x08006a34       0x30 CMakeFiles/proj2.elf.dir/USB_DEVICE/Target/usbd_conf.c.obj
                0x08006a34                HAL_PCD_SuspendCallback
 .text.HAL_PCD_ResumeCallback
                0x08006a64        0xc CMakeFiles/proj2.elf.dir/USB_DEVICE/Target/usbd_conf.c.obj
                0x08006a64                HAL_PCD_ResumeCallback
 .text.HAL_PCD_ISOOUTIncompleteCallback
                0x08006a70        0xc CMakeFiles/proj2.elf.dir/USB_DEVICE/Target/usbd_conf.c.obj
                0x08006a70                HAL_PCD_ISOOUTIncompleteCallback
 .text.HAL_PCD_ISOINIncompleteCallback
                0x08006a7c        0xc CMakeFiles/proj2.elf.dir/USB_DEVICE/Target/usbd_conf.c.obj
                0x08006a7c                HAL_PCD_ISOINIncompleteCallback
 .text.HAL_PCD_ConnectCallback
                0x08006a88        0xc CMakeFiles/proj2.elf.dir/USB_DEVICE/Target/usbd_conf.c.obj
                0x08006a88                HAL_PCD_ConnectCallback
 .text.HAL_PCD_DisconnectCallback
                0x08006a94        0xc CMakeFiles/proj2.elf.dir/USB_DEVICE/Target/usbd_conf.c.obj
                0x08006a94                HAL_PCD_DisconnectCallback
 .text.USBD_LL_Init
                0x08006aa0       0x68 CMakeFiles/proj2.elf.dir/USB_DEVICE/Target/usbd_conf.c.obj
                0x08006aa0                USBD_LL_Init
 .text.USBD_LL_IsStallEP
                0x08006b08       0x2c CMakeFiles/proj2.elf.dir/USB_DEVICE/Target/usbd_conf.c.obj
                0x08006b08                USBD_LL_IsStallEP
 .text.USBD_LL_GetRxDataSize
                0x08006b34        0xc CMakeFiles/proj2.elf.dir/USB_DEVICE/Target/usbd_conf.c.obj
                0x08006b34                USBD_LL_GetRxDataSize
 .text.USBD_static_malloc
                0x08006b40        0x8 CMakeFiles/proj2.elf.dir/USB_DEVICE/Target/usbd_conf.c.obj
                0x08006b40                USBD_static_malloc
 .text.USBD_static_free
                0x08006b48        0x2 CMakeFiles/proj2.elf.dir/USB_DEVICE/Target/usbd_conf.c.obj
                0x08006b48                USBD_static_free
 .text.USBD_Get_USB_Status
                0x08006b4a       0x14 CMakeFiles/proj2.elf.dir/USB_DEVICE/Target/usbd_conf.c.obj
                0x08006b4a                USBD_Get_USB_Status
 .text.USBD_LL_Start
                0x08006b5e       0x10 CMakeFiles/proj2.elf.dir/USB_DEVICE/Target/usbd_conf.c.obj
                0x08006b5e                USBD_LL_Start
 .text.USBD_LL_OpenEP
                0x08006b6e       0x16 CMakeFiles/proj2.elf.dir/USB_DEVICE/Target/usbd_conf.c.obj
                0x08006b6e                USBD_LL_OpenEP
 .text.USBD_LL_CloseEP
                0x08006b84       0x10 CMakeFiles/proj2.elf.dir/USB_DEVICE/Target/usbd_conf.c.obj
                0x08006b84                USBD_LL_CloseEP
 .text.USBD_LL_StallEP
                0x08006b94       0x10 CMakeFiles/proj2.elf.dir/USB_DEVICE/Target/usbd_conf.c.obj
                0x08006b94                USBD_LL_StallEP
 .text.USBD_LL_ClearStallEP
                0x08006ba4       0x10 CMakeFiles/proj2.elf.dir/USB_DEVICE/Target/usbd_conf.c.obj
                0x08006ba4                USBD_LL_ClearStallEP
 .text.USBD_LL_SetUSBAddress
                0x08006bb4       0x10 CMakeFiles/proj2.elf.dir/USB_DEVICE/Target/usbd_conf.c.obj
                0x08006bb4                USBD_LL_SetUSBAddress
 .text.USBD_LL_Transmit
                0x08006bc4       0x10 CMakeFiles/proj2.elf.dir/USB_DEVICE/Target/usbd_conf.c.obj
                0x08006bc4                USBD_LL_Transmit
 .text.USBD_LL_PrepareReceive
                0x08006bd4       0x10 CMakeFiles/proj2.elf.dir/USB_DEVICE/Target/usbd_conf.c.obj
                0x08006bd4                USBD_LL_PrepareReceive
 .text.__errno  0x08006be4        0xc d:/stm32cubemx/gcc-arm-none-eabi/bin/../lib/gcc/arm-none-eabi/10.3.1/../../../../arm-none-eabi/lib/thumb/v7e-m/nofp\libg.a(lib_a-errno.o)
                0x08006be4                __errno
 .text.__libc_init_array
                0x08006bf0       0x48 d:/stm32cubemx/gcc-arm-none-eabi/bin/../lib/gcc/arm-none-eabi/10.3.1/../../../../arm-none-eabi/lib/thumb/v7e-m/nofp\libg.a(lib_a-init.o)
                0x08006bf0                __libc_init_array
 .text.memset   0x08006c38       0xa4 d:/stm32cubemx/gcc-arm-none-eabi/bin/../lib/gcc/arm-none-eabi/10.3.1/../../../../arm-none-eabi/lib/thumb/v7e-m/nofp\libg.a(lib_a-memset.o)
                0x08006c38                memset
 .text.sscanf   0x08006cdc       0x54 d:/stm32cubemx/gcc-arm-none-eabi/bin/../lib/gcc/arm-none-eabi/10.3.1/../../../../arm-none-eabi/lib/thumb/v7e-m/nofp\libg.a(lib_a-sscanf.o)
                0x08006cdc                sscanf
 .text.__sread  0x08006d30       0x24 d:/stm32cubemx/gcc-arm-none-eabi/bin/../lib/gcc/arm-none-eabi/10.3.1/../../../../arm-none-eabi/lib/thumb/v7e-m/nofp\libg.a(lib_a-stdio.o)
                0x08006d30                __sread
 .text.__seofread
                0x08006d54        0x4 d:/stm32cubemx/gcc-arm-none-eabi/bin/../lib/gcc/arm-none-eabi/10.3.1/../../../../arm-none-eabi/lib/thumb/v7e-m/nofp\libg.a(lib_a-stdio.o)
                0x08006d54                __seofread
 .text.__swrite
                0x08006d58       0x40 d:/stm32cubemx/gcc-arm-none-eabi/bin/../lib/gcc/arm-none-eabi/10.3.1/../../../../arm-none-eabi/lib/thumb/v7e-m/nofp\libg.a(lib_a-stdio.o)
                0x08006d58                __swrite
 .text.__sseek  0x08006d98       0x20 d:/stm32cubemx/gcc-arm-none-eabi/bin/../lib/gcc/arm-none-eabi/10.3.1/../../../../arm-none-eabi/lib/thumb/v7e-m/nofp\libg.a(lib_a-stdio.o)
                0x08006d98                __sseek
 .text.__sclose
                0x08006db8        0x8 d:/stm32cubemx/gcc-arm-none-eabi/bin/../lib/gcc/arm-none-eabi/10.3.1/../../../../arm-none-eabi/lib/thumb/v7e-m/nofp\libg.a(lib_a-stdio.o)
                0x08006db8                __sclose
 .text.__ssvfscanf_r
                0x08006dc0     0x170c d:/stm32cubemx/gcc-arm-none-eabi/bin/../lib/gcc/arm-none-eabi/10.3.1/../../../../arm-none-eabi/lib/thumb/v7e-m/nofp\libg.a(lib_a-svfscanf.o)
                0x08006dc0                __ssvfscanf_r
 .text.vsprintf
                0x080084cc       0x38 d:/stm32cubemx/gcc-arm-none-eabi/bin/../lib/gcc/arm-none-eabi/10.3.1/../../../../arm-none-eabi/lib/thumb/v7e-m/nofp\libg.a(lib_a-vsprintf.o)
                0x080084cc                vsprintf
 .text._write_r
                0x08008504       0x2c d:/stm32cubemx/gcc-arm-none-eabi/bin/../lib/gcc/arm-none-eabi/10.3.1/../../../../arm-none-eabi/lib/thumb/v7e-m/nofp\libg.a(lib_a-writer.o)
                0x08008504                _write_r
 .text.startup.register_fini
                0x08008530       0x14 d:/stm32cubemx/gcc-arm-none-eabi/bin/../lib/gcc/arm-none-eabi/10.3.1/../../../../arm-none-eabi/lib/thumb/v7e-m/nofp\libg.a(lib_a-__call_atexit.o)
 .text.atexit   0x08008544        0xc d:/stm32cubemx/gcc-arm-none-eabi/bin/../lib/gcc/arm-none-eabi/10.3.1/../../../../arm-none-eabi/lib/thumb/v7e-m/nofp\libg.a(lib_a-atexit.o)
                0x08008544                atexit
 .text._close_r
                0x08008550       0x24 d:/stm32cubemx/gcc-arm-none-eabi/bin/../lib/gcc/arm-none-eabi/10.3.1/../../../../arm-none-eabi/lib/thumb/v7e-m/nofp\libg.a(lib_a-closer.o)
                0x08008550                _close_r
 .text.__libc_fini_array
                0x08008574       0x2c d:/stm32cubemx/gcc-arm-none-eabi/bin/../lib/gcc/arm-none-eabi/10.3.1/../../../../arm-none-eabi/lib/thumb/v7e-m/nofp\libg.a(lib_a-fini.o)
                0x08008574                __libc_fini_array
 .text.iswspace
                0x080085a0        0x8 d:/stm32cubemx/gcc-arm-none-eabi/bin/../lib/gcc/arm-none-eabi/10.3.1/../../../../arm-none-eabi/lib/thumb/v7e-m/nofp\libg.a(lib_a-iswspace.o)
                0x080085a0                iswspace
 .text.iswspace_l
                0x080085a8       0x14 d:/stm32cubemx/gcc-arm-none-eabi/bin/../lib/gcc/arm-none-eabi/10.3.1/../../../../arm-none-eabi/lib/thumb/v7e-m/nofp\libg.a(lib_a-iswspace_l.o)
                0x080085a8                iswspace_l
 .text.__locale_mb_cur_max
                0x080085bc        0xc d:/stm32cubemx/gcc-arm-none-eabi/bin/../lib/gcc/arm-none-eabi/10.3.1/../../../../arm-none-eabi/lib/thumb/v7e-m/nofp\libg.a(lib_a-locale.o)
                0x080085bc                __locale_mb_cur_max
 .text._localeconv_r
                0x080085c8        0x8 d:/stm32cubemx/gcc-arm-none-eabi/bin/../lib/gcc/arm-none-eabi/10.3.1/../../../../arm-none-eabi/lib/thumb/v7e-m/nofp\libg.a(lib_a-localeconv.o)
                0x080085c8                _localeconv_r
 .text.__retarget_lock_init_recursive
                0x080085d0        0x4 d:/stm32cubemx/gcc-arm-none-eabi/bin/../lib/gcc/arm-none-eabi/10.3.1/../../../../arm-none-eabi/lib/thumb/v7e-m/nofp\libg.a(lib_a-lock.o)
                0x080085d0                __retarget_lock_init_recursive
 .text.__retarget_lock_close_recursive
                0x080085d4        0x4 d:/stm32cubemx/gcc-arm-none-eabi/bin/../lib/gcc/arm-none-eabi/10.3.1/../../../../arm-none-eabi/lib/thumb/v7e-m/nofp\libg.a(lib_a-lock.o)
                0x080085d4                __retarget_lock_close_recursive
 .text.__retarget_lock_acquire_recursive
                0x080085d8        0x4 d:/stm32cubemx/gcc-arm-none-eabi/bin/../lib/gcc/arm-none-eabi/10.3.1/../../../../arm-none-eabi/lib/thumb/v7e-m/nofp\libg.a(lib_a-lock.o)
                0x080085d8                __retarget_lock_acquire_recursive
 .text.__retarget_lock_release_recursive
                0x080085dc        0x4 d:/stm32cubemx/gcc-arm-none-eabi/bin/../lib/gcc/arm-none-eabi/10.3.1/../../../../arm-none-eabi/lib/thumb/v7e-m/nofp\libg.a(lib_a-lock.o)
                0x080085dc                __retarget_lock_release_recursive
 .text._lseek_r
                0x080085e0       0x2c d:/stm32cubemx/gcc-arm-none-eabi/bin/../lib/gcc/arm-none-eabi/10.3.1/../../../../arm-none-eabi/lib/thumb/v7e-m/nofp\libg.a(lib_a-lseekr.o)
                0x080085e0                _lseek_r
 .text.malloc   0x0800860c       0x10 d:/stm32cubemx/gcc-arm-none-eabi/bin/../lib/gcc/arm-none-eabi/10.3.1/../../../../arm-none-eabi/lib/thumb/v7e-m/nofp\libg.a(lib_a-malloc.o)
                0x0800860c                malloc
 .text.free     0x0800861c       0x10 d:/stm32cubemx/gcc-arm-none-eabi/bin/../lib/gcc/arm-none-eabi/10.3.1/../../../../arm-none-eabi/lib/thumb/v7e-m/nofp\libg.a(lib_a-malloc.o)
                0x0800861c                free
 .text._malloc_r
                0x0800862c      0x560 d:/stm32cubemx/gcc-arm-none-eabi/bin/../lib/gcc/arm-none-eabi/10.3.1/../../../../arm-none-eabi/lib/thumb/v7e-m/nofp\libg.a(lib_a-mallocr.o)
                0x0800862c                _malloc_r
 .text._mbrtowc_r
                0x08008b8c       0x44 d:/stm32cubemx/gcc-arm-none-eabi/bin/../lib/gcc/arm-none-eabi/10.3.1/../../../../arm-none-eabi/lib/thumb/v7e-m/nofp\libg.a(lib_a-mbrtowc.o)
                0x08008b8c                _mbrtowc_r
 .text.__ascii_mbtowc
                0x08008bd0       0x2c d:/stm32cubemx/gcc-arm-none-eabi/bin/../lib/gcc/arm-none-eabi/10.3.1/../../../../arm-none-eabi/lib/thumb/v7e-m/nofp\libg.a(lib_a-mbtowc_r.o)
                0x08008bd0                __ascii_mbtowc
 .text.__malloc_lock
                0x08008bfc        0xc d:/stm32cubemx/gcc-arm-none-eabi/bin/../lib/gcc/arm-none-eabi/10.3.1/../../../../arm-none-eabi/lib/thumb/v7e-m/nofp\libg.a(lib_a-mlock.o)
                0x08008bfc                __malloc_lock
 .text.__malloc_unlock
                0x08008c08        0xc d:/stm32cubemx/gcc-arm-none-eabi/bin/../lib/gcc/arm-none-eabi/10.3.1/../../../../arm-none-eabi/lib/thumb/v7e-m/nofp\libg.a(lib_a-mlock.o)
                0x08008c08                __malloc_unlock
 .text._read_r  0x08008c14       0x2c d:/stm32cubemx/gcc-arm-none-eabi/bin/../lib/gcc/arm-none-eabi/10.3.1/../../../../arm-none-eabi/lib/thumb/v7e-m/nofp\libg.a(lib_a-readr.o)
                0x08008c14                _read_r
 .text.realloc  0x08008c40       0x18 d:/stm32cubemx/gcc-arm-none-eabi/bin/../lib/gcc/arm-none-eabi/10.3.1/../../../../arm-none-eabi/lib/thumb/v7e-m/nofp\libg.a(lib_a-realloc.o)
                0x08008c40                realloc
 .text._realloc_r
                0x08008c58      0x3d8 d:/stm32cubemx/gcc-arm-none-eabi/bin/../lib/gcc/arm-none-eabi/10.3.1/../../../../arm-none-eabi/lib/thumb/v7e-m/nofp\libg.a(lib_a-reallocr.o)
                0x08008c58                _realloc_r
 .text._sbrk_r  0x08009030       0x24 d:/stm32cubemx/gcc-arm-none-eabi/bin/../lib/gcc/arm-none-eabi/10.3.1/../../../../arm-none-eabi/lib/thumb/v7e-m/nofp\libg.a(lib_a-sbrkr.o)
                0x08009030                _sbrk_r
 .text.__sccl   0x08009054       0x8c d:/stm32cubemx/gcc-arm-none-eabi/bin/../lib/gcc/arm-none-eabi/10.3.1/../../../../arm-none-eabi/lib/thumb/v7e-m/nofp\libg.a(lib_a-sccl.o)
                0x08009054                __sccl
 .text.nanf     0x080090e0        0x8 d:/stm32cubemx/gcc-arm-none-eabi/bin/../lib/gcc/arm-none-eabi/10.3.1/../../../../arm-none-eabi/lib/thumb/v7e-m/nofp\libg.a(lib_a-sf_nan.o)
                0x080090e0                nanf
 .text.sprintf  0x080090e8       0x40 d:/stm32cubemx/gcc-arm-none-eabi/bin/../lib/gcc/arm-none-eabi/10.3.1/../../../../arm-none-eabi/lib/thumb/v7e-m/nofp\libg.a(lib_a-sprintf.o)
                0x080090e8                sprintf
 .text._strtod_l
                0x08009128      0xf30 d:/stm32cubemx/gcc-arm-none-eabi/bin/../lib/gcc/arm-none-eabi/10.3.1/../../../../arm-none-eabi/lib/thumb/v7e-m/nofp\libg.a(lib_a-strtod.o)
                0x08009128                _strtod_l
 .text._strtod_r
                0x0800a058        0xc d:/stm32cubemx/gcc-arm-none-eabi/bin/../lib/gcc/arm-none-eabi/10.3.1/../../../../arm-none-eabi/lib/thumb/v7e-m/nofp\libg.a(lib_a-strtod.o)
                0x0800a058                _strtod_r
 .text._strtol_l.part.0
                0x0800a064      0x120 d:/stm32cubemx/gcc-arm-none-eabi/bin/../lib/gcc/arm-none-eabi/10.3.1/../../../../arm-none-eabi/lib/thumb/v7e-m/nofp\libg.a(lib_a-strtol.o)
 .text._strtol_r
                0x0800a184       0x1c d:/stm32cubemx/gcc-arm-none-eabi/bin/../lib/gcc/arm-none-eabi/10.3.1/../../../../arm-none-eabi/lib/thumb/v7e-m/nofp\libg.a(lib_a-strtol.o)
                0x0800a184                _strtol_r
 .text._strtoll_l.constprop.0
                0x0800a1a0      0x170 d:/stm32cubemx/gcc-arm-none-eabi/bin/../lib/gcc/arm-none-eabi/10.3.1/../../../../arm-none-eabi/lib/thumb/v7e-m/nofp\libg.a(lib_a-strtoll.o)
 .text._strtoll_r
                0x0800a310        0x4 d:/stm32cubemx/gcc-arm-none-eabi/bin/../lib/gcc/arm-none-eabi/10.3.1/../../../../arm-none-eabi/lib/thumb/v7e-m/nofp\libg.a(lib_a-strtoll.o)
                0x0800a310                _strtoll_r
 .text._strtoul_l.constprop.0
                0x0800a314      0x13c d:/stm32cubemx/gcc-arm-none-eabi/bin/../lib/gcc/arm-none-eabi/10.3.1/../../../../arm-none-eabi/lib/thumb/v7e-m/nofp\libg.a(lib_a-strtoul.o)
 .text._strtoul_r
                0x0800a450        0x4 d:/stm32cubemx/gcc-arm-none-eabi/bin/../lib/gcc/arm-none-eabi/10.3.1/../../../../arm-none-eabi/lib/thumb/v7e-m/nofp\libg.a(lib_a-strtoul.o)
                0x0800a450                _strtoul_r
 .text._strtoull_l.constprop.0
                0x0800a454      0x198 d:/stm32cubemx/gcc-arm-none-eabi/bin/../lib/gcc/arm-none-eabi/10.3.1/../../../../arm-none-eabi/lib/thumb/v7e-m/nofp\libg.a(lib_a-strtoull.o)
 .text._strtoull_r
                0x0800a5ec        0x4 d:/stm32cubemx/gcc-arm-none-eabi/bin/../lib/gcc/arm-none-eabi/10.3.1/../../../../arm-none-eabi/lib/thumb/v7e-m/nofp\libg.a(lib_a-strtoull.o)
                0x0800a5ec                _strtoull_r
 .text._sungetc_r
                0x0800a5f0       0x80 d:/stm32cubemx/gcc-arm-none-eabi/bin/../lib/gcc/arm-none-eabi/10.3.1/../../../../arm-none-eabi/lib/thumb/v7e-m/nofp\libg.a(lib_a-svfiscanf.o)
                0x0800a5f0                _sungetc_r
 .text.__ssrefill_r
                0x0800a670       0x3c d:/stm32cubemx/gcc-arm-none-eabi/bin/../lib/gcc/arm-none-eabi/10.3.1/../../../../arm-none-eabi/lib/thumb/v7e-m/nofp\libg.a(lib_a-svfiscanf.o)
                0x0800a670                __ssrefill_r
 .text._sfread_r
                0x0800a6ac       0xb4 d:/stm32cubemx/gcc-arm-none-eabi/bin/../lib/gcc/arm-none-eabi/10.3.1/../../../../arm-none-eabi/lib/thumb/v7e-m/nofp\libg.a(lib_a-svfiscanf.o)
                0x0800a6ac                _sfread_r
 .text._svfprintf_r
                0x0800a760     0x1a3c d:/stm32cubemx/gcc-arm-none-eabi/bin/../lib/gcc/arm-none-eabi/10.3.1/../../../../arm-none-eabi/lib/thumb/v7e-m/nofp\libg.a(lib_a-svfprintf.o)
                0x0800a760                _svfprintf_r
 .text.__submore
                0x0800c19c       0x78 d:/stm32cubemx/gcc-arm-none-eabi/bin/../lib/gcc/arm-none-eabi/10.3.1/../../../../arm-none-eabi/lib/thumb/v7e-m/nofp\libg.a(lib_a-ungetc.o)
                0x0800c19c                __submore
 .text.__ascii_wctomb
                0x0800c214       0x1c d:/stm32cubemx/gcc-arm-none-eabi/bin/../lib/gcc/arm-none-eabi/10.3.1/../../../../arm-none-eabi/lib/thumb/v7e-m/nofp\libg.a(lib_a-wctomb_r.o)
                0x0800c214                __ascii_wctomb
 .text.__register_exitproc
                0x0800c230       0x8c d:/stm32cubemx/gcc-arm-none-eabi/bin/../lib/gcc/arm-none-eabi/10.3.1/../../../../arm-none-eabi/lib/thumb/v7e-m/nofp\libg.a(lib_a-__atexit.o)
                0x0800c230                __register_exitproc
 .text.quorem   0x0800c2bc      0x124 d:/stm32cubemx/gcc-arm-none-eabi/bin/../lib/gcc/arm-none-eabi/10.3.1/../../../../arm-none-eabi/lib/thumb/v7e-m/nofp\libg.a(lib_a-dtoa.o)
 .text._dtoa_r  0x0800c3e0      0xec4 d:/stm32cubemx/gcc-arm-none-eabi/bin/../lib/gcc/arm-none-eabi/10.3.1/../../../../arm-none-eabi/lib/thumb/v7e-m/nofp\libg.a(lib_a-dtoa.o)
                0x0800c3e0                _dtoa_r
 .text.__sflush_r
                0x0800d2a4      0x120 d:/stm32cubemx/gcc-arm-none-eabi/bin/../lib/gcc/arm-none-eabi/10.3.1/../../../../arm-none-eabi/lib/thumb/v7e-m/nofp\libg.a(lib_a-fflush.o)
                0x0800d2a4                __sflush_r
 .text._fflush_r
                0x0800d3c4       0x5c d:/stm32cubemx/gcc-arm-none-eabi/bin/../lib/gcc/arm-none-eabi/10.3.1/../../../../arm-none-eabi/lib/thumb/v7e-m/nofp\libg.a(lib_a-fflush.o)
                0x0800d3c4                _fflush_r
 .text._cleanup_r
                0x0800d420        0xc d:/stm32cubemx/gcc-arm-none-eabi/bin/../lib/gcc/arm-none-eabi/10.3.1/../../../../arm-none-eabi/lib/thumb/v7e-m/nofp\libg.a(lib_a-findfp.o)
                0x0800d420                _cleanup_r
 .text.__sinit  0x0800d42c      0x10c d:/stm32cubemx/gcc-arm-none-eabi/bin/../lib/gcc/arm-none-eabi/10.3.1/../../../../arm-none-eabi/lib/thumb/v7e-m/nofp\libg.a(lib_a-findfp.o)
                0x0800d42c                __sinit
 .text.__sfp_lock_acquire
                0x0800d538        0xc d:/stm32cubemx/gcc-arm-none-eabi/bin/../lib/gcc/arm-none-eabi/10.3.1/../../../../arm-none-eabi/lib/thumb/v7e-m/nofp\libg.a(lib_a-findfp.o)
                0x0800d538                __sfp_lock_acquire
 .text.__sfp_lock_release
                0x0800d544        0xc d:/stm32cubemx/gcc-arm-none-eabi/bin/../lib/gcc/arm-none-eabi/10.3.1/../../../../arm-none-eabi/lib/thumb/v7e-m/nofp\libg.a(lib_a-findfp.o)
                0x0800d544                __sfp_lock_release
 .text._malloc_trim_r
                0x0800d550       0xa0 d:/stm32cubemx/gcc-arm-none-eabi/bin/../lib/gcc/arm-none-eabi/10.3.1/../../../../arm-none-eabi/lib/thumb/v7e-m/nofp\libg.a(lib_a-freer.o)
                0x0800d550                _malloc_trim_r
 .text._free_r  0x0800d5f0      0x20c d:/stm32cubemx/gcc-arm-none-eabi/bin/../lib/gcc/arm-none-eabi/10.3.1/../../../../arm-none-eabi/lib/thumb/v7e-m/nofp\libg.a(lib_a-freer.o)
                0x0800d5f0                _free_r
 .text._fwalk_reent
                0x0800d7fc       0x48 d:/stm32cubemx/gcc-arm-none-eabi/bin/../lib/gcc/arm-none-eabi/10.3.1/../../../../arm-none-eabi/lib/thumb/v7e-m/nofp\libg.a(lib_a-fwalk.o)
                0x0800d7fc                _fwalk_reent
 .text.rshift   0x0800d844       0xa4 d:/stm32cubemx/gcc-arm-none-eabi/bin/../lib/gcc/arm-none-eabi/10.3.1/../../../../arm-none-eabi/lib/thumb/v7e-m/nofp\libg.a(lib_a-gdtoa-gethex.o)
 .text.__gethex
                0x0800d8e8      0x5bc d:/stm32cubemx/gcc-arm-none-eabi/bin/../lib/gcc/arm-none-eabi/10.3.1/../../../../arm-none-eabi/lib/thumb/v7e-m/nofp\libg.a(lib_a-gdtoa-gethex.o)
                0x0800d8e8                __gethex
 .text.__match  0x0800dea4       0x34 d:/stm32cubemx/gcc-arm-none-eabi/bin/../lib/gcc/arm-none-eabi/10.3.1/../../../../arm-none-eabi/lib/thumb/v7e-m/nofp\libg.a(lib_a-gdtoa-hexnan.o)
                0x0800dea4                __match
 .text.__hexnan
                0x0800ded8      0x1ac d:/stm32cubemx/gcc-arm-none-eabi/bin/../lib/gcc/arm-none-eabi/10.3.1/../../../../arm-none-eabi/lib/thumb/v7e-m/nofp\libg.a(lib_a-gdtoa-hexnan.o)
                0x0800ded8                __hexnan
 .text.memmove  0x0800e084       0xf8 d:/stm32cubemx/gcc-arm-none-eabi/bin/../lib/gcc/arm-none-eabi/10.3.1/../../../../arm-none-eabi/lib/thumb/v7e-m/nofp\libg.a(lib_a-memmove.o)
                0x0800e084                memmove
 .text._Balloc  0x0800e17c       0x4c d:/stm32cubemx/gcc-arm-none-eabi/bin/../lib/gcc/arm-none-eabi/10.3.1/../../../../arm-none-eabi/lib/thumb/v7e-m/nofp\libg.a(lib_a-mprec.o)
                0x0800e17c                _Balloc
 .text._Bfree   0x0800e1c8       0x14 d:/stm32cubemx/gcc-arm-none-eabi/bin/../lib/gcc/arm-none-eabi/10.3.1/../../../../arm-none-eabi/lib/thumb/v7e-m/nofp\libg.a(lib_a-mprec.o)
                0x0800e1c8                _Bfree
 .text.__multadd
                0x0800e1dc       0xa0 d:/stm32cubemx/gcc-arm-none-eabi/bin/../lib/gcc/arm-none-eabi/10.3.1/../../../../arm-none-eabi/lib/thumb/v7e-m/nofp\libg.a(lib_a-mprec.o)
                0x0800e1dc                __multadd
 .text.__s2b    0x0800e27c       0xb4 d:/stm32cubemx/gcc-arm-none-eabi/bin/../lib/gcc/arm-none-eabi/10.3.1/../../../../arm-none-eabi/lib/thumb/v7e-m/nofp\libg.a(lib_a-mprec.o)
                0x0800e27c                __s2b
 .text.__hi0bits
                0x0800e330       0x40 d:/stm32cubemx/gcc-arm-none-eabi/bin/../lib/gcc/arm-none-eabi/10.3.1/../../../../arm-none-eabi/lib/thumb/v7e-m/nofp\libg.a(lib_a-mprec.o)
                0x0800e330                __hi0bits
 .text.__lo0bits
                0x0800e370       0x5c d:/stm32cubemx/gcc-arm-none-eabi/bin/../lib/gcc/arm-none-eabi/10.3.1/../../../../arm-none-eabi/lib/thumb/v7e-m/nofp\libg.a(lib_a-mprec.o)
                0x0800e370                __lo0bits
 .text.__i2b    0x0800e3cc       0x5c d:/stm32cubemx/gcc-arm-none-eabi/bin/../lib/gcc/arm-none-eabi/10.3.1/../../../../arm-none-eabi/lib/thumb/v7e-m/nofp\libg.a(lib_a-mprec.o)
                0x0800e3cc                __i2b
 .text.__multiply
                0x0800e428      0x15c d:/stm32cubemx/gcc-arm-none-eabi/bin/../lib/gcc/arm-none-eabi/10.3.1/../../../../arm-none-eabi/lib/thumb/v7e-m/nofp\libg.a(lib_a-mprec.o)
                0x0800e428                __multiply
 .text.__pow5mult
                0x0800e584       0xc0 d:/stm32cubemx/gcc-arm-none-eabi/bin/../lib/gcc/arm-none-eabi/10.3.1/../../../../arm-none-eabi/lib/thumb/v7e-m/nofp\libg.a(lib_a-mprec.o)
                0x0800e584                __pow5mult
 .text.__lshift
                0x0800e644       0xf0 d:/stm32cubemx/gcc-arm-none-eabi/bin/../lib/gcc/arm-none-eabi/10.3.1/../../../../arm-none-eabi/lib/thumb/v7e-m/nofp\libg.a(lib_a-mprec.o)
                0x0800e644                __lshift
 .text.__mcmp   0x0800e734       0x40 d:/stm32cubemx/gcc-arm-none-eabi/bin/../lib/gcc/arm-none-eabi/10.3.1/../../../../arm-none-eabi/lib/thumb/v7e-m/nofp\libg.a(lib_a-mprec.o)
                0x0800e734                __mcmp
 .text.__mdiff  0x0800e774      0x14c d:/stm32cubemx/gcc-arm-none-eabi/bin/../lib/gcc/arm-none-eabi/10.3.1/../../../../arm-none-eabi/lib/thumb/v7e-m/nofp\libg.a(lib_a-mprec.o)
                0x0800e774                __mdiff
 .text.__ulp    0x0800e8c0       0x44 d:/stm32cubemx/gcc-arm-none-eabi/bin/../lib/gcc/arm-none-eabi/10.3.1/../../../../arm-none-eabi/lib/thumb/v7e-m/nofp\libg.a(lib_a-mprec.o)
                0x0800e8c0                __ulp
 .text.__b2d    0x0800e904       0xd0 d:/stm32cubemx/gcc-arm-none-eabi/bin/../lib/gcc/arm-none-eabi/10.3.1/../../../../arm-none-eabi/lib/thumb/v7e-m/nofp\libg.a(lib_a-mprec.o)
                0x0800e904                __b2d
 .text.__d2b    0x0800e9d4       0xc4 d:/stm32cubemx/gcc-arm-none-eabi/bin/../lib/gcc/arm-none-eabi/10.3.1/../../../../arm-none-eabi/lib/thumb/v7e-m/nofp\libg.a(lib_a-mprec.o)
                0x0800e9d4                __d2b
 .text.__ratio  0x0800ea98       0x5c d:/stm32cubemx/gcc-arm-none-eabi/bin/../lib/gcc/arm-none-eabi/10.3.1/../../../../arm-none-eabi/lib/thumb/v7e-m/nofp\libg.a(lib_a-mprec.o)
                0x0800ea98                __ratio
 .text.__copybits
                0x0800eaf4       0x5c d:/stm32cubemx/gcc-arm-none-eabi/bin/../lib/gcc/arm-none-eabi/10.3.1/../../../../arm-none-eabi/lib/thumb/v7e-m/nofp\libg.a(lib_a-mprec.o)
                0x0800eaf4                __copybits
 .text.__any_on
                0x0800eb50       0x60 d:/stm32cubemx/gcc-arm-none-eabi/bin/../lib/gcc/arm-none-eabi/10.3.1/../../../../arm-none-eabi/lib/thumb/v7e-m/nofp\libg.a(lib_a-mprec.o)
                0x0800eb50                __any_on
 .text.frexp    0x0800ebb0       0x70 d:/stm32cubemx/gcc-arm-none-eabi/bin/../lib/gcc/arm-none-eabi/10.3.1/../../../../arm-none-eabi/lib/thumb/v7e-m/nofp\libg.a(lib_a-s_frexp.o)
                0x0800ebb0                frexp
 .text.nan      0x0800ec20        0xc d:/stm32cubemx/gcc-arm-none-eabi/bin/../lib/gcc/arm-none-eabi/10.3.1/../../../../arm-none-eabi/lib/thumb/v7e-m/nofp\libg.a(lib_a-s_nan.o)
                0x0800ec20                nan
 .text.strncmp  0x0800ec2c       0x80 d:/stm32cubemx/gcc-arm-none-eabi/bin/../lib/gcc/arm-none-eabi/10.3.1/../../../../arm-none-eabi/lib/thumb/v7e-m/nofp\libg.a(lib_a-strncmp.o)
                0x0800ec2c                strncmp
 .text.strncpy  0x0800ecac       0x64 d:/stm32cubemx/gcc-arm-none-eabi/bin/../lib/gcc/arm-none-eabi/10.3.1/../../../../arm-none-eabi/lib/thumb/v7e-m/nofp\libg.a(lib_a-strncpy.o)
                0x0800ecac                strncpy
 .text.__ssprint_r
                0x0800ed10       0xf8 d:/stm32cubemx/gcc-arm-none-eabi/bin/../lib/gcc/arm-none-eabi/10.3.1/../../../../arm-none-eabi/lib/thumb/v7e-m/nofp\libg.a(lib_a-svfiprintf.o)
                0x0800ed10                __ssprint_r
 .text.__assert_func
                0x0800ee08       0x40 d:/stm32cubemx/gcc-arm-none-eabi/bin/../lib/gcc/arm-none-eabi/10.3.1/../../../../arm-none-eabi/lib/thumb/v7e-m/nofp\libg.a(lib_a-assert.o)
                0x0800ee08                __assert_func
 .text._calloc_r
                0x0800ee48       0x78 d:/stm32cubemx/gcc-arm-none-eabi/bin/../lib/gcc/arm-none-eabi/10.3.1/../../../../arm-none-eabi/lib/thumb/v7e-m/nofp\libg.a(lib_a-callocr.o)
                0x0800ee48                _calloc_r
 .text._fclose_r
                0x0800eec0       0xcc d:/stm32cubemx/gcc-arm-none-eabi/bin/../lib/gcc/arm-none-eabi/10.3.1/../../../../arm-none-eabi/lib/thumb/v7e-m/nofp\libg.a(lib_a-fclose.o)
                0x0800eec0                _fclose_r
 .text.fiprintf
                0x0800ef8c       0x28 d:/stm32cubemx/gcc-arm-none-eabi/bin/../lib/gcc/arm-none-eabi/10.3.1/../../../../arm-none-eabi/lib/thumb/v7e-m/nofp\libg.a(lib_a-fiprintf.o)
                0x0800ef8c                fiprintf
 .text.__sprint_r.part.0
                0x0800efb4       0x78 d:/stm32cubemx/gcc-arm-none-eabi/bin/../lib/gcc/arm-none-eabi/10.3.1/../../../../arm-none-eabi/lib/thumb/v7e-m/nofp\libg.a(lib_a-vfiprintf.o)
 .text._vfiprintf_r
                0x0800f02c      0xda0 d:/stm32cubemx/gcc-arm-none-eabi/bin/../lib/gcc/arm-none-eabi/10.3.1/../../../../arm-none-eabi/lib/thumb/v7e-m/nofp\libg.a(lib_a-vfiprintf.o)
                0x0800f02c                _vfiprintf_r
 .text.__sbprintf
                0x0800fdcc       0x80 d:/stm32cubemx/gcc-arm-none-eabi/bin/../lib/gcc/arm-none-eabi/10.3.1/../../../../arm-none-eabi/lib/thumb/v7e-m/nofp\libg.a(lib_a-vfiprintf.o)
 .text.__swsetup_r
                0x0800fe4c       0xd4 d:/stm32cubemx/gcc-arm-none-eabi/bin/../lib/gcc/arm-none-eabi/10.3.1/../../../../arm-none-eabi/lib/thumb/v7e-m/nofp\libg.a(lib_a-wsetup.o)
                0x0800fe4c                __swsetup_r
 .text.abort    0x0800ff20       0x10 d:/stm32cubemx/gcc-arm-none-eabi/bin/../lib/gcc/arm-none-eabi/10.3.1/../../../../arm-none-eabi/lib/thumb/v7e-m/nofp\libg.a(lib_a-abort.o)
                0x0800ff20                abort
 .text.__fputwc
                0x0800ff30       0xa8 d:/stm32cubemx/gcc-arm-none-eabi/bin/../lib/gcc/arm-none-eabi/10.3.1/../../../../arm-none-eabi/lib/thumb/v7e-m/nofp\libg.a(lib_a-fputwc.o)
                0x0800ff30                __fputwc
 .text._fputwc_r
                0x0800ffd8       0x68 d:/stm32cubemx/gcc-arm-none-eabi/bin/../lib/gcc/arm-none-eabi/10.3.1/../../../../arm-none-eabi/lib/thumb/v7e-m/nofp\libg.a(lib_a-fputwc.o)
                0x0800ffd8                _fputwc_r
 .text.__sfvwrite_r
                0x08010040      0x2e8 d:/stm32cubemx/gcc-arm-none-eabi/bin/../lib/gcc/arm-none-eabi/10.3.1/../../../../arm-none-eabi/lib/thumb/v7e-m/nofp\libg.a(lib_a-fvwrite.o)
                0x08010040                __sfvwrite_r
 .text.__smakebuf_r
                0x08010328       0xe0 d:/stm32cubemx/gcc-arm-none-eabi/bin/../lib/gcc/arm-none-eabi/10.3.1/../../../../arm-none-eabi/lib/thumb/v7e-m/nofp\libg.a(lib_a-makebuf.o)
                0x08010328                __smakebuf_r
 .text.raise    0x08010408       0x5c d:/stm32cubemx/gcc-arm-none-eabi/bin/../lib/gcc/arm-none-eabi/10.3.1/../../../../arm-none-eabi/lib/thumb/v7e-m/nofp\libg.a(lib_a-signal.o)
                0x08010408                raise
 .text._kill_r  0x08010464       0x2c d:/stm32cubemx/gcc-arm-none-eabi/bin/../lib/gcc/arm-none-eabi/10.3.1/../../../../arm-none-eabi/lib/thumb/v7e-m/nofp\libg.a(lib_a-signalr.o)
                0x08010464                _kill_r
 .text._getpid_r
                0x08010490        0x4 d:/stm32cubemx/gcc-arm-none-eabi/bin/../lib/gcc/arm-none-eabi/10.3.1/../../../../arm-none-eabi/lib/thumb/v7e-m/nofp\libg.a(lib_a-signalr.o)
                0x08010490                _getpid_r
 .text.__swbuf_r
                0x08010494       0xb0 d:/stm32cubemx/gcc-arm-none-eabi/bin/../lib/gcc/arm-none-eabi/10.3.1/../../../../arm-none-eabi/lib/thumb/v7e-m/nofp\libg.a(lib_a-wbuf.o)
                0x08010494                __swbuf_r
 .text._wcrtomb_r
                0x08010544       0x3c d:/stm32cubemx/gcc-arm-none-eabi/bin/../lib/gcc/arm-none-eabi/10.3.1/../../../../arm-none-eabi/lib/thumb/v7e-m/nofp\libg.a(lib_a-wcrtomb.o)
                0x08010544                _wcrtomb_r
 .text._fstat_r
                0x08010580       0x2c d:/stm32cubemx/gcc-arm-none-eabi/bin/../lib/gcc/arm-none-eabi/10.3.1/../../../../arm-none-eabi/lib/thumb/v7e-m/nofp\libg.a(lib_a-fstatr.o)
                0x08010580                _fstat_r
 .text._isatty_r