[2.895s] Invoking command in '/home/lanzer/robocup/basketball_ws/src/control_pkg': CONDA_PROMPT_MODIFIER=(robot) PYTHONPATH=/home/lanzer/robocup/basketball_ws/build/control_pkg/prefix_override:/usr/lib/python3/dist-packages/colcon_core/task/python/colcon_distutils_commands:/home/lanzer/robocup/basketball_ws/install/control_pkg/lib/python3.10/site-packages:${PYTHONPATH} /usr/bin/python3 -W ignore:setup.py install is deprecated -W ignore:easy_install command is deprecated setup.py egg_info --egg-base ../../build/control_pkg build --build-base /home/lanzer/robocup/basketball_ws/build/control_pkg/build install --record /home/lanzer/robocup/basketball_ws/build/control_pkg/install.log --single-version-externally-managed install_data
[3.458s] running egg_info
[3.461s] writing ../../build/control_pkg/control_pkg.egg-info/PKG-INFO
[3.463s] writing dependency_links to ../../build/control_pkg/control_pkg.egg-info/dependency_links.txt
[3.463s] writing entry points to ../../build/control_pkg/control_pkg.egg-info/entry_points.txt
[3.463s] writing requirements to ../../build/control_pkg/control_pkg.egg-info/requires.txt
[3.463s] writing top-level names to ../../build/control_pkg/control_pkg.egg-info/top_level.txt
[3.465s] reading manifest file '../../build/control_pkg/control_pkg.egg-info/SOURCES.txt'
[3.467s] adding license file 'LICENSE'
[3.470s] writing manifest file '../../build/control_pkg/control_pkg.egg-info/SOURCES.txt'
[3.471s] running build
[3.471s] running build_py
[3.472s] running install
[3.473s] running install_lib
[3.474s] running install_data
[3.474s] running install_egg_info
[3.478s] removing '/home/lanzer/robocup/basketball_ws/install/control_pkg/lib/python3.10/site-packages/control_pkg-0.0.0-py3.10.egg-info' (and everything under it)
[3.479s] Copying ../../build/control_pkg/control_pkg.egg-info to /home/lanzer/robocup/basketball_ws/install/control_pkg/lib/python3.10/site-packages/control_pkg-0.0.0-py3.10.egg-info
[3.483s] running install_scripts
[3.519s] Installing linear_control_node script to /home/lanzer/robocup/basketball_ws/install/control_pkg/lib/control_pkg
[3.520s] Installing position_control_node script to /home/lanzer/robocup/basketball_ws/install/control_pkg/lib/control_pkg
[3.521s] writing list of installed files to '/home/lanzer/robocup/basketball_ws/build/control_pkg/install.log'
[3.649s] Invoked command in '/home/lanzer/robocup/basketball_ws/src/control_pkg' returned '0': CONDA_PROMPT_MODIFIER=(robot) PYTHONPATH=/home/lanzer/robocup/basketball_ws/build/control_pkg/prefix_override:/usr/lib/python3/dist-packages/colcon_core/task/python/colcon_distutils_commands:/home/lanzer/robocup/basketball_ws/install/control_pkg/lib/python3.10/site-packages:${PYTHONPATH} /usr/bin/python3 -W ignore:setup.py install is deprecated -W ignore:easy_install command is deprecated setup.py egg_info --egg-base ../../build/control_pkg build --build-base /home/lanzer/robocup/basketball_ws/build/control_pkg/build install --record /home/lanzer/robocup/basketball_ws/build/control_pkg/install.log --single-version-externally-managed install_data
