running egg_info
creating ../../build/sensor_pkg/sensor_pkg.egg-info
writing ../../build/sensor_pkg/sensor_pkg.egg-info/PKG-INFO
writing dependency_links to ../../build/sensor_pkg/sensor_pkg.egg-info/dependency_links.txt
writing entry points to ../../build/sensor_pkg/sensor_pkg.egg-info/entry_points.txt
writing requirements to ../../build/sensor_pkg/sensor_pkg.egg-info/requires.txt
writing top-level names to ../../build/sensor_pkg/sensor_pkg.egg-info/top_level.txt
writing manifest file '../../build/sensor_pkg/sensor_pkg.egg-info/SOURCES.txt'
reading manifest file '../../build/sensor_pkg/sensor_pkg.egg-info/SOURCES.txt'
adding license file 'LICENSE'
writing manifest file '../../build/sensor_pkg/sensor_pkg.egg-info/SOURCES.txt'
running build
running build_py
creating /home/lanzer/robocup/basketball_ws/build/sensor_pkg/build
creating /home/lanzer/robocup/basketball_ws/build/sensor_pkg/build/lib
creating /home/lanzer/robocup/basketball_ws/build/sensor_pkg/build/lib/sensor_pkg
copying sensor_pkg/__init__.py -> /home/lanzer/robocup/basketball_ws/build/sensor_pkg/build/lib/sensor_pkg
copying sensor_pkg/imu_node.py -> /home/lanzer/robocup/basketball_ws/build/sensor_pkg/build/lib/sensor_pkg
copying sensor_pkg/camera_node.py -> /home/lanzer/robocup/basketball_ws/build/sensor_pkg/build/lib/sensor_pkg
running install
running install_lib
creating /home/lanzer/robocup/basketball_ws/install/sensor_pkg/lib/python3.10/site-packages/sensor_pkg
copying /home/lanzer/robocup/basketball_ws/build/sensor_pkg/build/lib/sensor_pkg/__init__.py -> /home/lanzer/robocup/basketball_ws/install/sensor_pkg/lib/python3.10/site-packages/sensor_pkg
copying /home/lanzer/robocup/basketball_ws/build/sensor_pkg/build/lib/sensor_pkg/imu_node.py -> /home/lanzer/robocup/basketball_ws/install/sensor_pkg/lib/python3.10/site-packages/sensor_pkg
copying /home/lanzer/robocup/basketball_ws/build/sensor_pkg/build/lib/sensor_pkg/camera_node.py -> /home/lanzer/robocup/basketball_ws/install/sensor_pkg/lib/python3.10/site-packages/sensor_pkg
byte-compiling /home/lanzer/robocup/basketball_ws/install/sensor_pkg/lib/python3.10/site-packages/sensor_pkg/__init__.py to __init__.cpython-310.pyc
byte-compiling /home/lanzer/robocup/basketball_ws/install/sensor_pkg/lib/python3.10/site-packages/sensor_pkg/imu_node.py to imu_node.cpython-310.pyc
byte-compiling /home/lanzer/robocup/basketball_ws/install/sensor_pkg/lib/python3.10/site-packages/sensor_pkg/camera_node.py to camera_node.cpython-310.pyc
running install_data
creating /home/lanzer/robocup/basketball_ws/install/sensor_pkg/share/ament_index
creating /home/lanzer/robocup/basketball_ws/install/sensor_pkg/share/ament_index/resource_index
creating /home/lanzer/robocup/basketball_ws/install/sensor_pkg/share/ament_index/resource_index/packages
copying resource/sensor_pkg -> /home/lanzer/robocup/basketball_ws/install/sensor_pkg/share/ament_index/resource_index/packages
copying package.xml -> /home/lanzer/robocup/basketball_ws/install/sensor_pkg/share/sensor_pkg
running install_egg_info
Copying ../../build/sensor_pkg/sensor_pkg.egg-info to /home/lanzer/robocup/basketball_ws/install/sensor_pkg/lib/python3.10/site-packages/sensor_pkg-0.0.0-py3.10.egg-info
running install_scripts
Installing camera_node script to /home/lanzer/robocup/basketball_ws/install/sensor_pkg/lib/sensor_pkg
Installing imu_node script to /home/lanzer/robocup/basketball_ws/install/sensor_pkg/lib/sensor_pkg
writing list of installed files to '/home/lanzer/robocup/basketball_ws/build/sensor_pkg/install.log'
