[3.059s] Invoking command in '/home/lanzer/robocup/basketball_ws/src/sensor_pkg': CONDA_PROMPT_MODIFIER=(base) PYTHONPATH=/home/lanzer/robocup/basketball_ws/build/sensor_pkg/prefix_override:/usr/lib/python3/dist-packages/colcon_core/task/python/colcon_distutils_commands:/home/lanzer/robocup/basketball_ws/install/sensor_pkg/lib/python3.10/site-packages:${PYTHONPATH} /usr/bin/python3 -W ignore:setup.py install is deprecated -W ignore:easy_install command is deprecated setup.py egg_info --egg-base ../../build/sensor_pkg build --build-base /home/lanzer/robocup/basketball_ws/build/sensor_pkg/build install --record /home/lanzer/robocup/basketball_ws/build/sensor_pkg/install.log --single-version-externally-managed install_data
[3.608s] running egg_info
[3.610s] creating ../../build/sensor_pkg/sensor_pkg.egg-info
[3.613s] writing ../../build/sensor_pkg/sensor_pkg.egg-info/PKG-INFO
[3.613s] writing dependency_links to ../../build/sensor_pkg/sensor_pkg.egg-info/dependency_links.txt
[3.614s] writing entry points to ../../build/sensor_pkg/sensor_pkg.egg-info/entry_points.txt
[3.616s] writing requirements to ../../build/sensor_pkg/sensor_pkg.egg-info/requires.txt
[3.617s] writing top-level names to ../../build/sensor_pkg/sensor_pkg.egg-info/top_level.txt
[3.621s] writing manifest file '../../build/sensor_pkg/sensor_pkg.egg-info/SOURCES.txt'
[3.624s] reading manifest file '../../build/sensor_pkg/sensor_pkg.egg-info/SOURCES.txt'
[3.626s] adding license file 'LICENSE'
[3.627s] writing manifest file '../../build/sensor_pkg/sensor_pkg.egg-info/SOURCES.txt'
[3.627s] running build
[3.628s] running build_py
[3.629s] creating /home/lanzer/robocup/basketball_ws/build/sensor_pkg/build
[3.629s] creating /home/lanzer/robocup/basketball_ws/build/sensor_pkg/build/lib
[3.630s] creating /home/lanzer/robocup/basketball_ws/build/sensor_pkg/build/lib/sensor_pkg
[3.630s] copying sensor_pkg/__init__.py -> /home/lanzer/robocup/basketball_ws/build/sensor_pkg/build/lib/sensor_pkg
[3.630s] copying sensor_pkg/imu_node.py -> /home/lanzer/robocup/basketball_ws/build/sensor_pkg/build/lib/sensor_pkg
[3.631s] copying sensor_pkg/camera_node.py -> /home/lanzer/robocup/basketball_ws/build/sensor_pkg/build/lib/sensor_pkg
[3.632s] running install
[3.635s] running install_lib
[3.636s] creating /home/lanzer/robocup/basketball_ws/install/sensor_pkg/lib/python3.10/site-packages/sensor_pkg
[3.638s] copying /home/lanzer/robocup/basketball_ws/build/sensor_pkg/build/lib/sensor_pkg/__init__.py -> /home/lanzer/robocup/basketball_ws/install/sensor_pkg/lib/python3.10/site-packages/sensor_pkg
[3.639s] copying /home/lanzer/robocup/basketball_ws/build/sensor_pkg/build/lib/sensor_pkg/imu_node.py -> /home/lanzer/robocup/basketball_ws/install/sensor_pkg/lib/python3.10/site-packages/sensor_pkg
[3.639s] copying /home/lanzer/robocup/basketball_ws/build/sensor_pkg/build/lib/sensor_pkg/camera_node.py -> /home/lanzer/robocup/basketball_ws/install/sensor_pkg/lib/python3.10/site-packages/sensor_pkg
[3.644s] byte-compiling /home/lanzer/robocup/basketball_ws/install/sensor_pkg/lib/python3.10/site-packages/sensor_pkg/__init__.py to __init__.cpython-310.pyc
[3.644s] byte-compiling /home/lanzer/robocup/basketball_ws/install/sensor_pkg/lib/python3.10/site-packages/sensor_pkg/imu_node.py to imu_node.cpython-310.pyc
[3.644s] byte-compiling /home/lanzer/robocup/basketball_ws/install/sensor_pkg/lib/python3.10/site-packages/sensor_pkg/camera_node.py to camera_node.cpython-310.pyc
[3.644s] running install_data
[3.644s] creating /home/lanzer/robocup/basketball_ws/install/sensor_pkg/share/ament_index
[3.644s] creating /home/lanzer/robocup/basketball_ws/install/sensor_pkg/share/ament_index/resource_index
[3.645s] creating /home/lanzer/robocup/basketball_ws/install/sensor_pkg/share/ament_index/resource_index/packages
[3.645s] copying resource/sensor_pkg -> /home/lanzer/robocup/basketball_ws/install/sensor_pkg/share/ament_index/resource_index/packages
[3.645s] copying package.xml -> /home/lanzer/robocup/basketball_ws/install/sensor_pkg/share/sensor_pkg
[3.645s] running install_egg_info
[3.648s] Copying ../../build/sensor_pkg/sensor_pkg.egg-info to /home/lanzer/robocup/basketball_ws/install/sensor_pkg/lib/python3.10/site-packages/sensor_pkg-0.0.0-py3.10.egg-info
[3.648s] running install_scripts
[3.693s] Installing camera_node script to /home/lanzer/robocup/basketball_ws/install/sensor_pkg/lib/sensor_pkg
[3.694s] Installing imu_node script to /home/lanzer/robocup/basketball_ws/install/sensor_pkg/lib/sensor_pkg
[3.695s] writing list of installed files to '/home/lanzer/robocup/basketball_ws/build/sensor_pkg/install.log'
[3.816s] Invoked command in '/home/lanzer/robocup/basketball_ws/src/sensor_pkg' returned '0': CONDA_PROMPT_MODIFIER=(base) PYTHONPATH=/home/lanzer/robocup/basketball_ws/build/sensor_pkg/prefix_override:/usr/lib/python3/dist-packages/colcon_core/task/python/colcon_distutils_commands:/home/lanzer/robocup/basketball_ws/install/sensor_pkg/lib/python3.10/site-packages:${PYTHONPATH} /usr/bin/python3 -W ignore:setup.py install is deprecated -W ignore:easy_install command is deprecated setup.py egg_info --egg-base ../../build/sensor_pkg build --build-base /home/lanzer/robocup/basketball_ws/build/sensor_pkg/build install --record /home/lanzer/robocup/basketball_ws/build/sensor_pkg/install.log --single-version-externally-managed install_data
