[0.474s] Invoking command in '/home/lanzer/robocup/basketball_ws/build/robot_interfaces': CMAKE_PREFIX_PATH=/home/lanzer/robocup/basketball_ws/install/sensor_pkg:/home/lanzer/robocup/basketball_ws/install/control_pkg:/home/lanzer/robocup/basketball_ws/install/board_pkg:/opt/ros/humble CONDA_PROMPT_MODIFIER=(robot) /usr/bin/cmake /home/lanzer/robocup/basketball_ws/src/robot_interfaces -DCMAKE_INSTALL_PREFIX=/home/lanzer/robocup/basketball_ws/install/robot_interfaces
[0.538s] -- Found ament_cmake: 1.3.11 (/opt/ros/humble/share/ament_cmake/cmake)
[0.738s] -- Found rosidl_default_generators: 1.2.0 (/opt/ros/humble/share/rosidl_default_generators/cmake)
[0.741s] -- Using all available rosidl_typesupport_c: rosidl_typesupport_fastrtps_c;rosidl_typesupport_introspection_c
[0.745s] -- Found rosidl_adapter: 3.1.6 (/opt/ros/humble/share/rosidl_adapter/cmake)
[0.802s] -- Using all available rosidl_typesupport_cpp: rosidl_typesupport_fastrtps_cpp;rosidl_typesupport_introspection_cpp
[0.838s] -- Found geometry_msgs: 4.2.4 (/opt/ros/humble/share/geometry_msgs/cmake)
[0.889s] -- Found ament_lint_auto: 0.12.11 (/opt/ros/humble/share/ament_lint_auto/cmake)
[0.910s] Traceback (most recent call last):
[0.910s]   File "/opt/ros/humble/share/ament_cmake_core/cmake/core/package_xml_2_cmake.py", line 22, in <module>
[0.910s]     from catkin_pkg.package import parse_package_string
[0.910s] ModuleNotFoundError: No module named 'catkin_pkg'
[0.913s] [31mCMake Error at /opt/ros/humble/share/ament_cmake_core/cmake/core/ament_package_xml.cmake:95 (message):
[0.913s]   execute_process(/home/lanzer/miniconda3/envs/robot/bin/python3
[0.913s]   /opt/ros/humble/share/ament_cmake_core/cmake/core/package_xml_2_cmake.py
[0.913s]   /home/lanzer/robocup/basketball_ws/src/robot_interfaces/package.xml
[0.913s]   /home/lanzer/robocup/basketball_ws/build/robot_interfaces/ament_cmake_core/package.cmake)
[0.913s]   returned error code 1
[0.913s] Call Stack (most recent call first):
[0.913s]   /opt/ros/humble/share/ament_cmake_core/cmake/core/ament_package_xml.cmake:49 (_ament_package_xml)
[0.913s]   /opt/ros/humble/share/ament_lint_auto/cmake/ament_lint_auto_find_test_dependencies.cmake:31 (ament_package_xml)
[0.913s]   CMakeLists.txt:22 (ament_lint_auto_find_test_dependencies)
[0.914s] 
[0.914s] [0m
[0.914s] -- Configuring incomplete, errors occurred!
[0.914s] See also "/home/lanzer/robocup/basketball_ws/build/robot_interfaces/CMakeFiles/CMakeOutput.log".
[0.923s] Invoked command in '/home/lanzer/robocup/basketball_ws/build/robot_interfaces' returned '1': CMAKE_PREFIX_PATH=/home/lanzer/robocup/basketball_ws/install/sensor_pkg:/home/lanzer/robocup/basketball_ws/install/control_pkg:/home/lanzer/robocup/basketball_ws/install/board_pkg:/opt/ros/humble CONDA_PROMPT_MODIFIER=(robot) /usr/bin/cmake /home/lanzer/robocup/basketball_ws/src/robot_interfaces -DCMAKE_INSTALL_PREFIX=/home/lanzer/robocup/basketball_ws/install/robot_interfaces
