[2.473s] Invoking command in '/home/lanzer/robocup/basketball_ws/src/control_pkg': CONDA_PROMPT_MODIFIER=(robot) PYTHONPATH=/home/lanzer/robocup/basketball_ws/build/control_pkg/prefix_override:/usr/lib/python3/dist-packages/colcon_core/task/python/colcon_distutils_commands:/home/lanzer/robocup/basketball_ws/install/control_pkg/lib/python3.10/site-packages:${PYTHONPATH} /usr/bin/python3 -W ignore:setup.py install is deprecated -W ignore:easy_install command is deprecated setup.py egg_info --egg-base ../../build/control_pkg build --build-base /home/lanzer/robocup/basketball_ws/build/control_pkg/build install --record /home/lanzer/robocup/basketball_ws/build/control_pkg/install.log --single-version-externally-managed install_data
[2.988s] running egg_info
[2.989s] writing ../../build/control_pkg/control_pkg.egg-info/PKG-INFO
[2.990s] writing dependency_links to ../../build/control_pkg/control_pkg.egg-info/dependency_links.txt
[2.990s] writing entry points to ../../build/control_pkg/control_pkg.egg-info/entry_points.txt
[2.991s] writing requirements to ../../build/control_pkg/control_pkg.egg-info/requires.txt
[2.991s] writing top-level names to ../../build/control_pkg/control_pkg.egg-info/top_level.txt
[2.995s] reading manifest file '../../build/control_pkg/control_pkg.egg-info/SOURCES.txt'
[2.996s] adding license file 'LICENSE'
[2.997s] writing manifest file '../../build/control_pkg/control_pkg.egg-info/SOURCES.txt'
[2.998s] running build
[2.998s] running build_py
[2.999s] running install
[3.000s] running install_lib
[3.004s] running install_data
[3.004s] running install_egg_info
[3.008s] removing '/home/lanzer/robocup/basketball_ws/install/control_pkg/lib/python3.10/site-packages/control_pkg-0.0.0-py3.10.egg-info' (and everything under it)
[3.009s] Copying ../../build/control_pkg/control_pkg.egg-info to /home/lanzer/robocup/basketball_ws/install/control_pkg/lib/python3.10/site-packages/control_pkg-0.0.0-py3.10.egg-info
[3.015s] running install_scripts
[3.059s] Installing linear_control_node script to /home/lanzer/robocup/basketball_ws/install/control_pkg/lib/control_pkg
[3.060s] Installing position_control_node script to /home/lanzer/robocup/basketball_ws/install/control_pkg/lib/control_pkg
[3.061s] writing list of installed files to '/home/lanzer/robocup/basketball_ws/build/control_pkg/install.log'
[3.113s] Invoked command in '/home/lanzer/robocup/basketball_ws/src/control_pkg' returned '0': CONDA_PROMPT_MODIFIER=(robot) PYTHONPATH=/home/lanzer/robocup/basketball_ws/build/control_pkg/prefix_override:/usr/lib/python3/dist-packages/colcon_core/task/python/colcon_distutils_commands:/home/lanzer/robocup/basketball_ws/install/control_pkg/lib/python3.10/site-packages:${PYTHONPATH} /usr/bin/python3 -W ignore:setup.py install is deprecated -W ignore:easy_install command is deprecated setup.py egg_info --egg-base ../../build/control_pkg build --build-base /home/lanzer/robocup/basketball_ws/build/control_pkg/build install --record /home/lanzer/robocup/basketball_ws/build/control_pkg/install.log --single-version-externally-managed install_data
